2026-09-03 13:55:38,812 - logger_setup - INFO - Logging initialized - Level: INFO
2026-09-03 13:55:38,812 - logger_setup - INFO - Log file: C:\Users\Mark Castro\Documents\bOACTAR\BOACTAR\logs\20260903_135538\boactar_20260903_135538.log
2026-09-03 13:55:38,822 - __main__ - INFO - ==================================================
2026-09-03 13:55:38,822 - __main__ - INFO - STEP 1: Loading input data
2026-09-03 13:55:38,822 - __main__ - INFO - ==================================================
2026-09-03 13:55:38,822 - data_loader - INFO - Found 1 input file(s) in C:\Users\Mark Castro\Documents\bOACTAR\BOACTAR\input
2026-09-03 13:55:38,822 - data_loader - INFO - Loading file: 13014827.xlsm
2026-09-03 13:56:08,382 - data_loader - INFO - Data date: 2026-09-01
2026-09-03 13:56:08,382 - data_loader - INFO - Extracted 84 data rows
2026-09-03 13:56:08,382 - data_loader - INFO - Sorted 1 files by date (oldest to newest)
2026-09-03 13:56:08,382 - data_loader - INFO -   - 2026-09-01: 13014827.xlsm
2026-09-03 13:56:08,382 - __main__ - INFO - ==================================================
2026-09-03 13:56:08,382 - __main__ - INFO - STEP 2: Parsing and merging data
2026-09-03 13:56:08,382 - __main__ - INFO - ==================================================
2026-09-03 13:56:14,662 - parser - INFO - Loaded 1157 columns from master file
2026-09-03 13:56:14,662 - __main__ - INFO - Processing file 1/1: 13014827.xlsm
2026-09-03 13:56:14,662 - parser - WARNING - Unknown underlying: FTSE 100 (Z )
2026-09-03 13:56:14,662 - parser - WARNING - Unknown underlying: S&P/TSX 60 (PT)
2026-09-03 13:56:14,662 - parser - WARNING - Unknown underlying: FTSE China A50 (XU)
2026-09-03 13:56:14,662 - parser - WARNING - Unknown underlying: Australia 3yr Tsy Futures (YM)
2026-09-03 13:56:14,662 - parser - WARNING - Unknown underlying: Australia 10yr TSY Futures (XM)
2026-09-03 13:56:14,662 - parser - INFO - Mapped 79 assets to output columns
2026-09-03 13:56:14,662 - parser - INFO - Loading master data from C:\Users\Mark Castro\Documents\bOACTAR\BOACTAR\Master_file\BOACTAR_DATA_20251229 (27).xlsx
2026-09-03 13:56:20,892 - parser - INFO - Loaded 285 rows from master data
2026-09-03 13:56:20,902 - parser - INFO - Date range: 2025-06-26 00:00:00 to 2026-08-31 00:00:00
2026-09-03 13:56:20,911 - parser - INFO - Latest date in master: 2026-08-31 00:00:00
2026-09-03 13:56:20,911 - parser - INFO - New data date: 2026-09-01 00:00:00
2026-09-03 13:56:20,913 - parser - INFO - Merging new data with master
2026-09-03 13:56:21,016 - parser - INFO - Combined data has 286 rows
2026-09-03 13:56:21,022 - __main__ - INFO - ==================================================
2026-09-03 13:56:21,022 - __main__ - INFO - STEP 3: Generating output files
2026-09-03 13:56:21,022 - __main__ - INFO - ==================================================
2026-09-03 13:56:21,022 - file_generator - INFO - Generating output files
2026-09-03 13:56:21,022 - file_generator - INFO - Creating DATA file: C:\Users\Mark Castro\Documents\bOACTAR\BOACTAR\output\20260903_135538\BOACTAR_DATA_20260903_135538.xlsx
2026-09-03 13:56:28,472 - file_generator - INFO - DATA file created with 286 data rows and 1157 columns
2026-09-03 13:56:28,472 - file_generator - INFO - Creating META file: C:\Users\Mark Castro\Documents\bOACTAR\BOACTAR\output\20260903_135538\BOACTAR_META_20260903_135538.xlsx
2026-09-03 13:56:28,646 - file_generator - INFO - META file created with 1157 entries
2026-09-03 13:56:28,646 - file_generator - INFO - Creating ZIP file: C:\Users\Mark Castro\Documents\bOACTAR\BOACTAR\output\20260903_135538\BOACTAR_20260903_135538.zip
2026-09-03 13:56:28,802 - file_generator - INFO - ZIP file created
2026-09-03 13:56:28,824 - file_generator - INFO - Copied files to latest folder
2026-09-03 13:56:28,824 - file_generator - INFO - Saving master data to: C:\Users\Mark Castro\Documents\bOACTAR\BOACTAR\Master_file\BOACTAR_DATA_20251229 (27).xlsx
2026-09-03 13:56:28,824 - file_generator - INFO - Creating DATA file: C:\Users\Mark Castro\Documents\bOACTAR\BOACTAR\Master_file\BOACTAR_DATA_20251229 (27).xlsx
2026-09-03 13:56:35,822 - file_generator - INFO - DATA file created with 286 data rows and 1157 columns
2026-09-03 13:56:35,832 - file_generator - INFO - Master data saved with 286 rows
2026-09-03 13:56:35,832 - file_generator - INFO - All output files generated successfully
2026-09-03 13:56:35,832 - __main__ - INFO - ==================================================
2026-09-03 13:56:35,832 - __main__ - INFO - STEP 4: Execution complete
2026-09-03 13:56:35,832 - __main__ - INFO - ==================================================
2026-09-03 13:56:35,840 - __main__ - INFO - Pipeline completed successfully
