2026-03-18 09:02:19,455 - logger_setup - INFO - Logging initialized - Level: INFO
2026-03-18 09:02:19,462 - logger_setup - INFO - Log file: C:\Users\Mark Castro\Documents\bOACTAR\BOACTAR\logs\20260318_090219\boactar_20260318_090219.log
2026-03-18 09:02:19,469 - __main__ - INFO - ==================================================
2026-03-18 09:02:19,470 - __main__ - INFO - STEP 1: Loading input data
2026-03-18 09:02:19,470 - __main__ - INFO - ==================================================
2026-03-18 09:02:19,473 - data_loader - INFO - Found 1 input file(s) in C:\Users\Mark Castro\Documents\bOACTAR\BOACTAR\input
2026-03-18 09:02:19,474 - data_loader - INFO - Loading file: 12948425.xlsm
2026-03-18 09:03:02,251 - data_loader - INFO - Data date: 2026-03-16
2026-03-18 09:03:02,256 - data_loader - INFO - Extracted 79 data rows
2026-03-18 09:03:02,256 - data_loader - INFO - Sorted 1 files by date (oldest to newest)
2026-03-18 09:03:02,256 - data_loader - INFO -   - 2026-03-16: 12948425.xlsm
2026-03-18 09:03:02,256 - __main__ - INFO - ==================================================
2026-03-18 09:03:02,257 - __main__ - INFO - STEP 2: Parsing and merging data
2026-03-18 09:03:02,257 - __main__ - INFO - ==================================================
2026-03-18 09:03:07,354 - parser - INFO - Loaded 1157 columns from master file
2026-03-18 09:03:07,355 - __main__ - INFO - Processing file 1/1: 12948425.xlsm
2026-03-18 09:03:07,356 - parser - INFO - Mapped 79 assets to output columns
2026-03-18 09:03:07,357 - parser - INFO - Loading master data from C:\Users\Mark Castro\Documents\bOACTAR\BOACTAR\Master_file\BOACTAR_DATA_20251229 (27).xlsx
2026-03-18 09:03:11,719 - parser - INFO - Loaded 177 rows from master data
2026-03-18 09:03:11,726 - parser - INFO - Date range: 2025-06-26 00:00:00 to 2026-03-13 00:00:00
2026-03-18 09:03:11,729 - parser - INFO - Latest date in master: 2026-03-13 00:00:00
2026-03-18 09:03:11,730 - parser - INFO - New data date: 2026-03-16 00:00:00
2026-03-18 09:03:11,732 - parser - INFO - Merging new data with master
2026-03-18 09:03:11,822 - parser - INFO - Combined data has 178 rows
2026-03-18 09:03:11,826 - __main__ - INFO - ==================================================
2026-03-18 09:03:11,826 - __main__ - INFO - STEP 3: Generating output files
2026-03-18 09:03:11,827 - __main__ - INFO - ==================================================
2026-03-18 09:03:11,827 - file_generator - INFO - Generating output files
2026-03-18 09:03:11,828 - file_generator - INFO - Creating DATA file: C:\Users\Mark Castro\Documents\bOACTAR\BOACTAR\output\20260318_090219\BOACTAR_DATA_20260318_090219.xlsx
2026-03-18 09:03:17,567 - file_generator - INFO - DATA file created with 178 data rows and 1157 columns
2026-03-18 09:03:17,570 - file_generator - INFO - Creating META file: C:\Users\Mark Castro\Documents\bOACTAR\BOACTAR\output\20260318_090219\BOACTAR_META_20260318_090219.xlsx
2026-03-18 09:03:17,943 - file_generator - INFO - META file created with 1157 entries
2026-03-18 09:03:17,944 - file_generator - INFO - Creating ZIP file: C:\Users\Mark Castro\Documents\bOACTAR\BOACTAR\output\20260318_090219\BOACTAR_20260318_090219.zip
2026-03-18 09:03:18,092 - file_generator - INFO - ZIP file created
2026-03-18 09:03:18,138 - file_generator - INFO - Copied files to latest folder
2026-03-18 09:03:18,141 - file_generator - INFO - Saving master data to: C:\Users\Mark Castro\Documents\bOACTAR\BOACTAR\Master_file\BOACTAR_DATA_20251229 (27).xlsx
2026-03-18 09:03:18,142 - file_generator - INFO - Creating DATA file: C:\Users\Mark Castro\Documents\bOACTAR\BOACTAR\Master_file\BOACTAR_DATA_20251229 (27).xlsx
2026-03-18 09:03:23,686 - file_generator - INFO - DATA file created with 178 data rows and 1157 columns
2026-03-18 09:03:23,694 - file_generator - INFO - Master data saved with 178 rows
2026-03-18 09:03:23,695 - file_generator - INFO - All output files generated successfully
2026-03-18 09:03:23,697 - __main__ - INFO - ==================================================
2026-03-18 09:03:23,698 - __main__ - INFO - STEP 4: Execution complete
2026-03-18 09:03:23,700 - __main__ - INFO - ==================================================
2026-03-18 09:03:23,709 - __main__ - INFO - Pipeline completed successfully
