2026-08-13 09:39:44,123 - logger_setup - INFO - Logging initialized - Level: INFO
2026-08-13 09:39:44,126 - logger_setup - INFO - Log file: C:\Users\Mark Castro\Documents\bOACTAR\BOACTAR\logs\20260813_093944\boactar_20260813_093944.log
2026-08-13 09:39:44,134 - __main__ - INFO - ==================================================
2026-08-13 09:39:44,137 - __main__ - INFO - STEP 1: Loading input data
2026-08-13 09:39:44,140 - __main__ - INFO - ==================================================
2026-08-13 09:39:44,144 - data_loader - INFO - Found 1 input file(s) in C:\Users\Mark Castro\Documents\bOACTAR\BOACTAR\input
2026-08-13 09:39:44,150 - data_loader - INFO - Loading file: 13007698.xlsm
2026-08-13 09:40:17,146 - data_loader - INFO - Data date: 2026-08-11
2026-08-13 09:40:17,146 - data_loader - INFO - Extracted 84 data rows
2026-08-13 09:40:17,146 - data_loader - INFO - Sorted 1 files by date (oldest to newest)
2026-08-13 09:40:17,146 - data_loader - INFO -   - 2026-08-11: 13007698.xlsm
2026-08-13 09:40:17,146 - __main__ - INFO - ==================================================
2026-08-13 09:40:17,156 - __main__ - INFO - STEP 2: Parsing and merging data
2026-08-13 09:40:17,158 - __main__ - INFO - ==================================================
2026-08-13 09:40:23,289 - parser - INFO - Loaded 1157 columns from master file
2026-08-13 09:40:23,296 - __main__ - INFO - Processing file 1/1: 13007698.xlsm
2026-08-13 09:40:23,296 - parser - WARNING - Unknown underlying: FTSE 100 (Z )
2026-08-13 09:40:23,296 - parser - WARNING - Unknown underlying: S&P/TSX 60 (PT)
2026-08-13 09:40:23,296 - parser - WARNING - Unknown underlying: FTSE China A50 (XU)
2026-08-13 09:40:23,296 - parser - WARNING - Unknown underlying: Australia 3yr Tsy Futures (YM)
2026-08-13 09:40:23,296 - parser - WARNING - Unknown underlying: Australia 10yr TSY Futures (XM)
2026-08-13 09:40:23,296 - parser - INFO - Mapped 79 assets to output columns
2026-08-13 09:40:23,296 - parser - INFO - Loading master data from C:\Users\Mark Castro\Documents\bOACTAR\BOACTAR\Master_file\BOACTAR_DATA_20251229 (27).xlsx
2026-08-13 09:40:29,456 - parser - INFO - Loaded 272 rows from master data
2026-08-13 09:40:29,456 - parser - INFO - Date range: 2025-06-26 00:00:00 to 2026-08-10 00:00:00
2026-08-13 09:40:29,469 - parser - INFO - Latest date in master: 2026-08-10 00:00:00
2026-08-13 09:40:29,470 - parser - INFO - New data date: 2026-08-11 00:00:00
2026-08-13 09:40:29,472 - parser - INFO - Merging new data with master
2026-08-13 09:40:29,566 - parser - INFO - Combined data has 273 rows
2026-08-13 09:40:29,570 - __main__ - INFO - ==================================================
2026-08-13 09:40:29,570 - __main__ - INFO - STEP 3: Generating output files
2026-08-13 09:40:29,571 - __main__ - INFO - ==================================================
2026-08-13 09:40:29,571 - file_generator - INFO - Generating output files
2026-08-13 09:40:29,575 - file_generator - INFO - Creating DATA file: C:\Users\Mark Castro\Documents\bOACTAR\BOACTAR\output\20260813_093944\BOACTAR_DATA_20260813_093944.xlsx
2026-08-13 09:40:36,155 - file_generator - INFO - DATA file created with 273 data rows and 1157 columns
2026-08-13 09:40:36,160 - file_generator - INFO - Creating META file: C:\Users\Mark Castro\Documents\bOACTAR\BOACTAR\output\20260813_093944\BOACTAR_META_20260813_093944.xlsx
2026-08-13 09:40:36,486 - file_generator - INFO - META file created with 1157 entries
2026-08-13 09:40:36,486 - file_generator - INFO - Creating ZIP file: C:\Users\Mark Castro\Documents\bOACTAR\BOACTAR\output\20260813_093944\BOACTAR_20260813_093944.zip
2026-08-13 09:40:36,646 - file_generator - INFO - ZIP file created
2026-08-13 09:40:36,678 - file_generator - INFO - Copied files to latest folder
2026-08-13 09:40:36,678 - file_generator - INFO - Saving master data to: C:\Users\Mark Castro\Documents\bOACTAR\BOACTAR\Master_file\BOACTAR_DATA_20251229 (27).xlsx
2026-08-13 09:40:36,678 - file_generator - INFO - Creating DATA file: C:\Users\Mark Castro\Documents\bOACTAR\BOACTAR\Master_file\BOACTAR_DATA_20251229 (27).xlsx
2026-08-13 09:40:43,586 - file_generator - INFO - DATA file created with 273 data rows and 1157 columns
2026-08-13 09:40:43,596 - file_generator - INFO - Master data saved with 273 rows
2026-08-13 09:40:43,596 - file_generator - INFO - All output files generated successfully
2026-08-13 09:40:43,596 - __main__ - INFO - ==================================================
2026-08-13 09:40:43,596 - __main__ - INFO - STEP 4: Execution complete
2026-08-13 09:40:43,602 - __main__ - INFO - ==================================================
2026-08-13 09:40:43,603 - __main__ - INFO - Pipeline completed successfully
