2026-04-20 09:45:53,712 - logger_setup - INFO - Logging initialized - Level: INFO
2026-04-20 09:45:53,713 - logger_setup - INFO - Log file: C:\Users\Mark Castro\Documents\bOACTAR\BOACTAR\logs\20260420_094553\boactar_20260420_094553.log
2026-04-20 09:45:53,714 - __main__ - INFO - ==================================================
2026-04-20 09:45:53,714 - __main__ - INFO - STEP 1: Loading input data
2026-04-20 09:45:53,714 - __main__ - INFO - ==================================================
2026-04-20 09:45:53,716 - data_loader - INFO - Found 1 input file(s) in C:\Users\Mark Castro\Documents\bOACTAR\BOACTAR\input
2026-04-20 09:45:53,716 - data_loader - INFO - Loading file: 12960287.xlsm
2026-04-20 09:46:43,641 - data_loader - INFO - Data date: 2026-04-16
2026-04-20 09:46:43,644 - data_loader - INFO - Extracted 79 data rows
2026-04-20 09:46:43,644 - data_loader - INFO - Sorted 1 files by date (oldest to newest)
2026-04-20 09:46:43,644 - data_loader - INFO -   - 2026-04-16: 12960287.xlsm
2026-04-20 09:46:43,645 - __main__ - INFO - ==================================================
2026-04-20 09:46:43,645 - __main__ - INFO - STEP 2: Parsing and merging data
2026-04-20 09:46:43,646 - __main__ - INFO - ==================================================
2026-04-20 09:46:48,684 - parser - INFO - Loaded 1157 columns from master file
2026-04-20 09:46:48,685 - __main__ - INFO - Processing file 1/1: 12960287.xlsm
2026-04-20 09:46:48,689 - parser - INFO - Mapped 79 assets to output columns
2026-04-20 09:46:48,690 - parser - INFO - Loading master data from C:\Users\Mark Castro\Documents\bOACTAR\BOACTAR\Master_file\BOACTAR_DATA_20251229 (27).xlsx
2026-04-20 09:46:55,626 - parser - INFO - Loaded 199 rows from master data
2026-04-20 09:46:55,632 - parser - INFO - Date range: 2025-06-26 00:00:00 to 2026-04-15 00:00:00
2026-04-20 09:46:55,636 - parser - INFO - Latest date in master: 2026-04-15 00:00:00
2026-04-20 09:46:55,637 - parser - INFO - New data date: 2026-04-16 00:00:00
2026-04-20 09:46:55,642 - parser - INFO - Merging new data with master
2026-04-20 09:46:55,731 - parser - INFO - Combined data has 200 rows
2026-04-20 09:46:55,736 - __main__ - INFO - ==================================================
2026-04-20 09:46:55,736 - __main__ - INFO - STEP 3: Generating output files
2026-04-20 09:46:55,736 - __main__ - INFO - ==================================================
2026-04-20 09:46:55,737 - file_generator - INFO - Generating output files
2026-04-20 09:46:55,740 - file_generator - INFO - Creating DATA file: C:\Users\Mark Castro\Documents\bOACTAR\BOACTAR\output\20260420_094553\BOACTAR_DATA_20260420_094553.xlsx
2026-04-20 09:47:00,420 - file_generator - INFO - DATA file created with 200 data rows and 1157 columns
2026-04-20 09:47:00,423 - file_generator - INFO - Creating META file: C:\Users\Mark Castro\Documents\bOACTAR\BOACTAR\output\20260420_094553\BOACTAR_META_20260420_094553.xlsx
2026-04-20 09:47:00,595 - file_generator - INFO - META file created with 1157 entries
2026-04-20 09:47:00,595 - file_generator - INFO - Creating ZIP file: C:\Users\Mark Castro\Documents\bOACTAR\BOACTAR\output\20260420_094553\BOACTAR_20260420_094553.zip
2026-04-20 09:47:00,720 - file_generator - INFO - ZIP file created
2026-04-20 09:47:00,741 - file_generator - INFO - Copied files to latest folder
2026-04-20 09:47:00,742 - file_generator - INFO - Saving master data to: C:\Users\Mark Castro\Documents\bOACTAR\BOACTAR\Master_file\BOACTAR_DATA_20251229 (27).xlsx
2026-04-20 09:47:00,743 - file_generator - INFO - Creating DATA file: C:\Users\Mark Castro\Documents\bOACTAR\BOACTAR\Master_file\BOACTAR_DATA_20251229 (27).xlsx
2026-04-20 09:47:05,428 - file_generator - INFO - DATA file created with 200 data rows and 1157 columns
2026-04-20 09:47:05,431 - file_generator - INFO - Master data saved with 200 rows
2026-04-20 09:47:05,431 - file_generator - INFO - All output files generated successfully
2026-04-20 09:47:05,432 - __main__ - INFO - ==================================================
2026-04-20 09:47:05,432 - __main__ - INFO - STEP 4: Execution complete
2026-04-20 09:47:05,432 - __main__ - INFO - ==================================================
2026-04-20 09:47:05,437 - __main__ - INFO - Pipeline completed successfully
