2026-08-12 09:39:50,002 - logger_setup - INFO - Logging initialized - Level: INFO
2026-08-12 09:39:50,043 - logger_setup - INFO - Log file: C:\Users\Mark Castro\Documents\bOACTAR\BOACTAR\logs\20260812_093950\boactar_20260812_093950.log
2026-08-12 09:39:50,680 - __main__ - INFO - ==================================================
2026-08-12 09:39:50,721 - __main__ - INFO - STEP 1: Loading input data
2026-08-12 09:39:50,811 - __main__ - INFO - ==================================================
2026-08-12 09:39:50,850 - data_loader - INFO - Found 1 input file(s) in C:\Users\Mark Castro\Documents\bOACTAR\BOACTAR\input
2026-08-12 09:39:50,876 - data_loader - INFO - Loading file: 13007047.xlsm
2026-08-12 09:41:05,322 - data_loader - INFO - Data date: 2026-08-10
2026-08-12 09:41:05,327 - data_loader - INFO - Extracted 84 data rows
2026-08-12 09:41:05,335 - data_loader - INFO - Sorted 1 files by date (oldest to newest)
2026-08-12 09:41:05,346 - data_loader - INFO -   - 2026-08-10: 13007047.xlsm
2026-08-12 09:41:05,369 - __main__ - INFO - ==================================================
2026-08-12 09:41:05,369 - __main__ - INFO - STEP 2: Parsing and merging data
2026-08-12 09:41:05,370 - __main__ - INFO - ==================================================
2026-08-12 09:41:24,445 - parser - INFO - Loaded 1157 columns from master file
2026-08-12 09:41:24,645 - __main__ - INFO - Processing file 1/1: 13007047.xlsm
2026-08-12 09:41:24,670 - parser - WARNING - Unknown underlying: FTSE 100 (Z )
2026-08-12 09:41:24,750 - parser - WARNING - Unknown underlying: S&P/TSX 60 (PT)
2026-08-12 09:41:24,777 - parser - WARNING - Unknown underlying: FTSE China A50 (XU)
2026-08-12 09:41:24,832 - parser - WARNING - Unknown underlying: Australia 3yr Tsy Futures (YM)
2026-08-12 09:41:24,886 - parser - WARNING - Unknown underlying: Australia 10yr TSY Futures (XM)
2026-08-12 09:41:24,938 - parser - INFO - Mapped 79 assets to output columns
2026-08-12 09:41:24,979 - parser - INFO - Loading master data from C:\Users\Mark Castro\Documents\bOACTAR\BOACTAR\Master_file\BOACTAR_DATA_20251229 (27).xlsx
2026-08-12 09:41:42,794 - parser - INFO - Loaded 271 rows from master data
2026-08-12 09:41:42,807 - parser - INFO - Date range: 2025-06-26 00:00:00 to 2026-08-07 00:00:00
2026-08-12 09:41:42,876 - parser - INFO - Latest date in master: 2026-08-07 00:00:00
2026-08-12 09:41:42,891 - parser - INFO - New data date: 2026-08-10 00:00:00
2026-08-12 09:41:42,911 - parser - INFO - Merging new data with master
2026-08-12 09:41:43,095 - parser - INFO - Combined data has 272 rows
2026-08-12 09:41:43,245 - __main__ - INFO - ==================================================
2026-08-12 09:41:43,269 - __main__ - INFO - STEP 3: Generating output files
2026-08-12 09:41:43,289 - __main__ - INFO - ==================================================
2026-08-12 09:41:43,317 - file_generator - INFO - Generating output files
2026-08-12 09:41:43,359 - file_generator - INFO - Creating DATA file: C:\Users\Mark Castro\Documents\bOACTAR\BOACTAR\output\20260812_093950\BOACTAR_DATA_20260812_093950.xlsx
2026-08-12 09:41:51,377 - file_generator - INFO - DATA file created with 272 data rows and 1157 columns
2026-08-12 09:41:51,377 - file_generator - INFO - Creating META file: C:\Users\Mark Castro\Documents\bOACTAR\BOACTAR\output\20260812_093950\BOACTAR_META_20260812_093950.xlsx
2026-08-12 09:41:51,588 - file_generator - INFO - META file created with 1157 entries
2026-08-12 09:41:51,589 - file_generator - INFO - Creating ZIP file: C:\Users\Mark Castro\Documents\bOACTAR\BOACTAR\output\20260812_093950\BOACTAR_20260812_093950.zip
2026-08-12 09:41:51,767 - file_generator - INFO - ZIP file created
2026-08-12 09:41:51,803 - file_generator - INFO - Copied files to latest folder
2026-08-12 09:41:51,804 - file_generator - INFO - Saving master data to: C:\Users\Mark Castro\Documents\bOACTAR\BOACTAR\Master_file\BOACTAR_DATA_20251229 (27).xlsx
2026-08-12 09:41:51,804 - file_generator - INFO - Creating DATA file: C:\Users\Mark Castro\Documents\bOACTAR\BOACTAR\Master_file\BOACTAR_DATA_20251229 (27).xlsx
2026-08-12 09:41:59,270 - file_generator - INFO - DATA file created with 272 data rows and 1157 columns
2026-08-12 09:41:59,274 - file_generator - INFO - Master data saved with 272 rows
2026-08-12 09:41:59,275 - file_generator - INFO - All output files generated successfully
2026-08-12 09:41:59,278 - __main__ - INFO - ==================================================
2026-08-12 09:41:59,279 - __main__ - INFO - STEP 4: Execution complete
2026-08-12 09:41:59,279 - __main__ - INFO - ==================================================
2026-08-12 09:41:59,283 - __main__ - INFO - Pipeline completed successfully
