2026-06-12 15:36:18,286 - logger_setup - INFO - Logging initialized - Level: INFO
2026-06-12 15:36:18,287 - logger_setup - INFO - Log file: C:\Users\Mark Castro\Documents\bOACTAR\BOACTAR\logs\20260612_153618\boactar_20260612_153618.log
2026-06-12 15:36:18,289 - __main__ - INFO - ==================================================
2026-06-12 15:36:18,289 - __main__ - INFO - STEP 1: Loading input data
2026-06-12 15:36:18,290 - __main__ - INFO - ==================================================
2026-06-12 15:36:18,291 - data_loader - INFO - Found 1 input file(s) in C:\Users\Mark Castro\Documents\bOACTAR\BOACTAR\input
2026-06-12 15:36:18,292 - data_loader - INFO - Loading file: 12983857.xlsm
2026-06-12 15:37:00,300 - data_loader - INFO - Data date: 2026-06-11
2026-06-12 15:37:00,303 - data_loader - INFO - Extracted 79 data rows
2026-06-12 15:37:00,304 - data_loader - INFO - Sorted 1 files by date (oldest to newest)
2026-06-12 15:37:00,304 - data_loader - INFO -   - 2026-06-11: 12983857.xlsm
2026-06-12 15:37:00,305 - __main__ - INFO - ==================================================
2026-06-12 15:37:00,305 - __main__ - INFO - STEP 2: Parsing and merging data
2026-06-12 15:37:00,305 - __main__ - INFO - ==================================================
2026-06-12 15:37:06,988 - parser - INFO - Loaded 1157 columns from master file
2026-06-12 15:37:06,989 - __main__ - INFO - Processing file 1/1: 12983857.xlsm
2026-06-12 15:37:06,990 - parser - INFO - Mapped 79 assets to output columns
2026-06-12 15:37:06,990 - parser - INFO - Loading master data from C:\Users\Mark Castro\Documents\bOACTAR\BOACTAR\Master_file\BOACTAR_DATA_20251229 (27).xlsx
2026-06-12 15:37:13,727 - parser - INFO - Loaded 235 rows from master data
2026-06-12 15:37:13,733 - parser - INFO - Date range: 2025-06-26 00:00:00 to 2026-06-10 00:00:00
2026-06-12 15:37:13,738 - parser - INFO - Latest date in master: 2026-06-10 00:00:00
2026-06-12 15:37:13,738 - parser - INFO - New data date: 2026-06-11 00:00:00
2026-06-12 15:37:13,740 - parser - INFO - Merging new data with master
2026-06-12 15:37:13,870 - parser - INFO - Combined data has 236 rows
2026-06-12 15:37:13,875 - __main__ - INFO - ==================================================
2026-06-12 15:37:13,876 - __main__ - INFO - STEP 3: Generating output files
2026-06-12 15:37:13,876 - __main__ - INFO - ==================================================
2026-06-12 15:37:13,876 - file_generator - INFO - Generating output files
2026-06-12 15:37:13,880 - file_generator - INFO - Creating DATA file: C:\Users\Mark Castro\Documents\bOACTAR\BOACTAR\output\20260612_153618\BOACTAR_DATA_20260612_153618.xlsx
2026-06-12 15:37:21,301 - file_generator - INFO - DATA file created with 236 data rows and 1157 columns
2026-06-12 15:37:21,302 - file_generator - INFO - Creating META file: C:\Users\Mark Castro\Documents\bOACTAR\BOACTAR\output\20260612_153618\BOACTAR_META_20260612_153618.xlsx
2026-06-12 15:37:21,493 - file_generator - INFO - META file created with 1157 entries
2026-06-12 15:37:21,494 - file_generator - INFO - Creating ZIP file: C:\Users\Mark Castro\Documents\bOACTAR\BOACTAR\output\20260612_153618\BOACTAR_20260612_153618.zip
2026-06-12 15:37:21,652 - file_generator - INFO - ZIP file created
2026-06-12 15:37:21,677 - file_generator - INFO - Copied files to latest folder
2026-06-12 15:37:21,680 - file_generator - INFO - Saving master data to: C:\Users\Mark Castro\Documents\bOACTAR\BOACTAR\Master_file\BOACTAR_DATA_20251229 (27).xlsx
2026-06-12 15:37:21,680 - file_generator - INFO - Creating DATA file: C:\Users\Mark Castro\Documents\bOACTAR\BOACTAR\Master_file\BOACTAR_DATA_20251229 (27).xlsx
2026-06-12 15:37:30,436 - file_generator - INFO - DATA file created with 236 data rows and 1157 columns
2026-06-12 15:37:30,436 - file_generator - INFO - Master data saved with 236 rows
2026-06-12 15:37:30,437 - file_generator - INFO - All output files generated successfully
2026-06-12 15:37:30,437 - __main__ - INFO - ==================================================
2026-06-12 15:37:30,438 - __main__ - INFO - STEP 4: Execution complete
2026-06-12 15:37:30,438 - __main__ - INFO - ==================================================
2026-06-12 15:37:30,440 - __main__ - INFO - Pipeline completed successfully
