2026-03-31 08:49:15,927 - logger_setup - INFO - Logging initialized - Level: INFO
2026-03-31 08:49:15,928 - logger_setup - INFO - Log file: C:\Users\Mark Castro\Documents\bOACTAR\BOACTAR\logs\20260331_084915\boactar_20260331_084915.log
2026-03-31 08:49:15,929 - __main__ - INFO - ==================================================
2026-03-31 08:49:15,930 - __main__ - INFO - STEP 1: Loading input data
2026-03-31 08:49:15,930 - __main__ - INFO - ==================================================
2026-03-31 08:49:15,931 - data_loader - INFO - Found 1 input file(s) in C:\Users\Mark Castro\Documents\bOACTAR\BOACTAR\input
2026-03-31 08:49:15,932 - data_loader - INFO - Loading file: 12953001.xlsm
2026-03-31 08:50:11,823 - data_loader - INFO - Data date: 2026-03-27
2026-03-31 08:50:11,826 - data_loader - INFO - Extracted 79 data rows
2026-03-31 08:50:11,826 - data_loader - INFO - Sorted 1 files by date (oldest to newest)
2026-03-31 08:50:11,826 - data_loader - INFO -   - 2026-03-27: 12953001.xlsm
2026-03-31 08:50:11,827 - __main__ - INFO - ==================================================
2026-03-31 08:50:11,827 - __main__ - INFO - STEP 2: Parsing and merging data
2026-03-31 08:50:11,827 - __main__ - INFO - ==================================================
2026-03-31 08:50:17,015 - parser - INFO - Loaded 1157 columns from master file
2026-03-31 08:50:17,016 - __main__ - INFO - Processing file 1/1: 12953001.xlsm
2026-03-31 08:50:17,017 - parser - INFO - Mapped 79 assets to output columns
2026-03-31 08:50:17,018 - parser - INFO - Loading master data from C:\Users\Mark Castro\Documents\bOACTAR\BOACTAR\Master_file\BOACTAR_DATA_20251229 (27).xlsx
2026-03-31 08:50:22,139 - parser - INFO - Loaded 186 rows from master data
2026-03-31 08:50:22,145 - parser - INFO - Date range: 2025-06-26 00:00:00 to 2026-03-26 00:00:00
2026-03-31 08:50:22,147 - parser - INFO - Latest date in master: 2026-03-26 00:00:00
2026-03-31 08:50:22,148 - parser - INFO - New data date: 2026-03-27 00:00:00
2026-03-31 08:50:22,149 - parser - INFO - Merging new data with master
2026-03-31 08:50:22,216 - parser - INFO - Combined data has 187 rows
2026-03-31 08:50:22,220 - __main__ - INFO - ==================================================
2026-03-31 08:50:22,220 - __main__ - INFO - STEP 3: Generating output files
2026-03-31 08:50:22,220 - __main__ - INFO - ==================================================
2026-03-31 08:50:22,221 - file_generator - INFO - Generating output files
2026-03-31 08:50:22,222 - file_generator - INFO - Creating DATA file: C:\Users\Mark Castro\Documents\bOACTAR\BOACTAR\output\20260331_084915\BOACTAR_DATA_20260331_084915.xlsx
2026-03-31 08:50:26,710 - file_generator - INFO - DATA file created with 187 data rows and 1157 columns
2026-03-31 08:50:26,714 - file_generator - INFO - Creating META file: C:\Users\Mark Castro\Documents\bOACTAR\BOACTAR\output\20260331_084915\BOACTAR_META_20260331_084915.xlsx
2026-03-31 08:50:27,015 - file_generator - INFO - META file created with 1157 entries
2026-03-31 08:50:27,016 - file_generator - INFO - Creating ZIP file: C:\Users\Mark Castro\Documents\bOACTAR\BOACTAR\output\20260331_084915\BOACTAR_20260331_084915.zip
2026-03-31 08:50:27,130 - file_generator - INFO - ZIP file created
2026-03-31 08:50:27,153 - file_generator - INFO - Copied files to latest folder
2026-03-31 08:50:27,154 - file_generator - INFO - Saving master data to: C:\Users\Mark Castro\Documents\bOACTAR\BOACTAR\Master_file\BOACTAR_DATA_20251229 (27).xlsx
2026-03-31 08:50:27,154 - file_generator - INFO - Creating DATA file: C:\Users\Mark Castro\Documents\bOACTAR\BOACTAR\Master_file\BOACTAR_DATA_20251229 (27).xlsx
2026-03-31 08:50:31,517 - file_generator - INFO - DATA file created with 187 data rows and 1157 columns
2026-03-31 08:50:31,521 - file_generator - INFO - Master data saved with 187 rows
2026-03-31 08:50:31,523 - file_generator - INFO - All output files generated successfully
2026-03-31 08:50:31,525 - __main__ - INFO - ==================================================
2026-03-31 08:50:31,525 - __main__ - INFO - STEP 4: Execution complete
2026-03-31 08:50:31,526 - __main__ - INFO - ==================================================
2026-03-31 08:50:31,530 - __main__ - INFO - Pipeline completed successfully
