2026-08-21 08:46:39,138 - logger_setup - INFO - Logging initialized - Level: INFO
2026-08-21 08:46:39,143 - logger_setup - INFO - Log file: C:\Users\Mark Castro\Documents\bOACTAR\BOACTAR\logs\20260821_084639\boactar_20260821_084639.log
2026-08-21 08:46:39,168 - __main__ - INFO - ==================================================
2026-08-21 08:46:39,168 - __main__ - INFO - STEP 1: Loading input data
2026-08-21 08:46:39,168 - __main__ - INFO - ==================================================
2026-08-21 08:46:39,176 - data_loader - INFO - Found 1 input file(s) in C:\Users\Mark Castro\Documents\bOACTAR\BOACTAR\input
2026-08-21 08:46:39,177 - data_loader - INFO - Loading file: 13010500.xlsm
2026-08-21 08:47:33,018 - data_loader - INFO - Data date: 2026-08-19
2026-08-21 08:47:33,025 - data_loader - INFO - Extracted 84 data rows
2026-08-21 08:47:33,026 - data_loader - INFO - Sorted 1 files by date (oldest to newest)
2026-08-21 08:47:33,027 - data_loader - INFO -   - 2026-08-19: 13010500.xlsm
2026-08-21 08:47:33,027 - __main__ - INFO - ==================================================
2026-08-21 08:47:33,028 - __main__ - INFO - STEP 2: Parsing and merging data
2026-08-21 08:47:33,028 - __main__ - INFO - ==================================================
2026-08-21 08:47:50,152 - parser - INFO - Loaded 1157 columns from master file
2026-08-21 08:47:50,153 - __main__ - INFO - Processing file 1/1: 13010500.xlsm
2026-08-21 08:47:50,157 - parser - WARNING - Unknown underlying: FTSE 100 (Z )
2026-08-21 08:47:50,162 - parser - WARNING - Unknown underlying: S&P/TSX 60 (PT)
2026-08-21 08:47:50,164 - parser - WARNING - Unknown underlying: FTSE China A50 (XU)
2026-08-21 08:47:50,164 - parser - WARNING - Unknown underlying: Australia 3yr Tsy Futures (YM)
2026-08-21 08:47:50,164 - parser - WARNING - Unknown underlying: Australia 10yr TSY Futures (XM)
2026-08-21 08:47:50,168 - parser - INFO - Mapped 79 assets to output columns
2026-08-21 08:47:50,173 - parser - INFO - Loading master data from C:\Users\Mark Castro\Documents\bOACTAR\BOACTAR\Master_file\BOACTAR_DATA_20251229 (27).xlsx
2026-08-21 08:48:01,508 - parser - INFO - Loaded 277 rows from master data
2026-08-21 08:48:01,518 - parser - INFO - Date range: 2025-06-26 00:00:00 to 2026-08-18 00:00:00
2026-08-21 08:48:01,533 - parser - INFO - Latest date in master: 2026-08-18 00:00:00
2026-08-21 08:48:01,533 - parser - INFO - New data date: 2026-08-19 00:00:00
2026-08-21 08:48:01,538 - parser - INFO - Merging new data with master
2026-08-21 08:48:01,638 - parser - INFO - Combined data has 278 rows
2026-08-21 08:48:01,646 - __main__ - INFO - ==================================================
2026-08-21 08:48:01,647 - __main__ - INFO - STEP 3: Generating output files
2026-08-21 08:48:01,647 - __main__ - INFO - ==================================================
2026-08-21 08:48:01,647 - file_generator - INFO - Generating output files
2026-08-21 08:48:01,649 - file_generator - INFO - Creating DATA file: C:\Users\Mark Castro\Documents\bOACTAR\BOACTAR\output\20260821_084639\BOACTAR_DATA_20260821_084639.xlsx
2026-08-21 08:48:10,810 - file_generator - INFO - DATA file created with 278 data rows and 1157 columns
2026-08-21 08:48:10,818 - file_generator - INFO - Creating META file: C:\Users\Mark Castro\Documents\bOACTAR\BOACTAR\output\20260821_084639\BOACTAR_META_20260821_084639.xlsx
2026-08-21 08:48:10,978 - file_generator - INFO - META file created with 1157 entries
2026-08-21 08:48:10,978 - file_generator - INFO - Creating ZIP file: C:\Users\Mark Castro\Documents\bOACTAR\BOACTAR\output\20260821_084639\BOACTAR_20260821_084639.zip
2026-08-21 08:48:11,152 - file_generator - INFO - ZIP file created
2026-08-21 08:48:11,178 - file_generator - INFO - Copied files to latest folder
2026-08-21 08:48:11,178 - file_generator - INFO - Saving master data to: C:\Users\Mark Castro\Documents\bOACTAR\BOACTAR\Master_file\BOACTAR_DATA_20251229 (27).xlsx
2026-08-21 08:48:11,178 - file_generator - INFO - Creating DATA file: C:\Users\Mark Castro\Documents\bOACTAR\BOACTAR\Master_file\BOACTAR_DATA_20251229 (27).xlsx
2026-08-21 08:48:20,658 - file_generator - INFO - DATA file created with 278 data rows and 1157 columns
2026-08-21 08:48:20,664 - file_generator - INFO - Master data saved with 278 rows
2026-08-21 08:48:20,665 - file_generator - INFO - All output files generated successfully
2026-08-21 08:48:20,665 - __main__ - INFO - ==================================================
2026-08-21 08:48:20,666 - __main__ - INFO - STEP 4: Execution complete
2026-08-21 08:48:20,666 - __main__ - INFO - ==================================================
2026-08-21 08:48:20,667 - __main__ - INFO - Pipeline completed successfully
