2026-07-01 09:07:37,375 - logger_setup - INFO - Logging initialized - Level: INFO
2026-07-01 09:07:37,375 - logger_setup - INFO - Log file: C:\Users\Mark Castro\Documents\bOACTAR\BOACTAR\logs\20260701_090737\boactar_20260701_090737.log
2026-07-01 09:07:37,385 - __main__ - INFO - ==================================================
2026-07-01 09:07:37,385 - __main__ - INFO - STEP 1: Loading input data
2026-07-01 09:07:37,385 - __main__ - INFO - ==================================================
2026-07-01 09:07:37,385 - data_loader - INFO - Found 1 input file(s) in C:\Users\Mark Castro\Documents\bOACTAR\BOACTAR\input
2026-07-01 09:07:37,385 - data_loader - INFO - Loading file: 12989289.xlsm
2026-07-01 09:08:29,460 - data_loader - INFO - Data date: 2026-06-29
2026-07-01 09:08:29,464 - data_loader - INFO - Extracted 79 data rows
2026-07-01 09:08:29,464 - data_loader - INFO - Sorted 1 files by date (oldest to newest)
2026-07-01 09:08:29,464 - data_loader - INFO -   - 2026-06-29: 12989289.xlsm
2026-07-01 09:08:29,464 - __main__ - INFO - ==================================================
2026-07-01 09:08:29,464 - __main__ - INFO - STEP 2: Parsing and merging data
2026-07-01 09:08:29,464 - __main__ - INFO - ==================================================
2026-07-01 09:08:36,905 - parser - INFO - Loaded 1157 columns from master file
2026-07-01 09:08:36,905 - __main__ - INFO - Processing file 1/1: 12989289.xlsm
2026-07-01 09:08:36,909 - parser - INFO - Mapped 79 assets to output columns
2026-07-01 09:08:36,909 - parser - INFO - Loading master data from C:\Users\Mark Castro\Documents\bOACTAR\BOACTAR\Master_file\BOACTAR_DATA_20251229 (27).xlsx
2026-07-01 09:08:42,989 - parser - INFO - Loaded 245 rows from master data
2026-07-01 09:08:42,994 - parser - INFO - Date range: 2025-06-26 00:00:00 to 2026-06-26 00:00:00
2026-07-01 09:08:42,999 - parser - INFO - Latest date in master: 2026-06-26 00:00:00
2026-07-01 09:08:42,999 - parser - INFO - New data date: 2026-06-29 00:00:00
2026-07-01 09:08:43,001 - parser - INFO - Merging new data with master
2026-07-01 09:08:43,109 - parser - INFO - Combined data has 246 rows
2026-07-01 09:08:43,112 - __main__ - INFO - ==================================================
2026-07-01 09:08:43,112 - __main__ - INFO - STEP 3: Generating output files
2026-07-01 09:08:43,112 - __main__ - INFO - ==================================================
2026-07-01 09:08:43,112 - file_generator - INFO - Generating output files
2026-07-01 09:08:43,116 - file_generator - INFO - Creating DATA file: C:\Users\Mark Castro\Documents\bOACTAR\BOACTAR\output\20260701_090737\BOACTAR_DATA_20260701_090737.xlsx
2026-07-01 09:08:49,581 - file_generator - INFO - DATA file created with 246 data rows and 1157 columns
2026-07-01 09:08:49,591 - file_generator - INFO - Creating META file: C:\Users\Mark Castro\Documents\bOACTAR\BOACTAR\output\20260701_090737\BOACTAR_META_20260701_090737.xlsx
2026-07-01 09:08:49,789 - file_generator - INFO - META file created with 1157 entries
2026-07-01 09:08:49,789 - file_generator - INFO - Creating ZIP file: C:\Users\Mark Castro\Documents\bOACTAR\BOACTAR\output\20260701_090737\BOACTAR_20260701_090737.zip
2026-07-01 09:08:49,936 - file_generator - INFO - ZIP file created
2026-07-01 09:08:49,963 - file_generator - INFO - Copied files to latest folder
2026-07-01 09:08:49,963 - file_generator - INFO - Saving master data to: C:\Users\Mark Castro\Documents\bOACTAR\BOACTAR\Master_file\BOACTAR_DATA_20251229 (27).xlsx
2026-07-01 09:08:49,963 - file_generator - INFO - Creating DATA file: C:\Users\Mark Castro\Documents\bOACTAR\BOACTAR\Master_file\BOACTAR_DATA_20251229 (27).xlsx
2026-07-01 09:08:56,395 - file_generator - INFO - DATA file created with 246 data rows and 1157 columns
2026-07-01 09:08:56,395 - file_generator - INFO - Master data saved with 246 rows
2026-07-01 09:08:56,395 - file_generator - INFO - All output files generated successfully
2026-07-01 09:08:56,395 - __main__ - INFO - ==================================================
2026-07-01 09:08:56,395 - __main__ - INFO - STEP 4: Execution complete
2026-07-01 09:08:56,395 - __main__ - INFO - ==================================================
2026-07-01 09:08:56,401 - __main__ - INFO - Pipeline completed successfully
