2026-09-09 10:46:20,002 - logger_setup - INFO - Logging initialized - Level: INFO
2026-09-09 10:46:20,003 - logger_setup - INFO - Log file: C:\Users\Mark Castro\Documents\bOACTAR\BOACTAR\logs\20260909_104619\boactar_20260909_104619.log
2026-09-09 10:46:20,004 - __main__ - INFO - ==================================================
2026-09-09 10:46:20,005 - __main__ - INFO - STEP 1: Loading input data
2026-09-09 10:46:20,005 - __main__ - INFO - ==================================================
2026-09-09 10:46:20,008 - data_loader - INFO - Found 2 input file(s) in C:\Users\Mark Castro\Documents\bOACTAR\BOACTAR\input
2026-09-09 10:46:20,008 - data_loader - INFO - Loading file: 13015596.xlsm
2026-09-09 10:47:03,730 - data_loader - INFO - Data date: 2026-09-03
2026-09-09 10:47:03,734 - data_loader - INFO - Extracted 84 data rows
2026-09-09 10:47:03,734 - data_loader - INFO - Loading file: 13016281.xlsm
2026-09-09 10:47:56,262 - data_loader - INFO - Data date: 2026-09-07
2026-09-09 10:47:56,265 - data_loader - INFO - Extracted 84 data rows
2026-09-09 10:47:56,265 - data_loader - INFO - Sorted 2 files by date (oldest to newest)
2026-09-09 10:47:56,265 - data_loader - INFO -   - 2026-09-03: 13015596.xlsm
2026-09-09 10:47:56,266 - data_loader - INFO -   - 2026-09-07: 13016281.xlsm
2026-09-09 10:47:56,266 - __main__ - INFO - ==================================================
2026-09-09 10:47:56,267 - __main__ - INFO - STEP 2: Parsing and merging data
2026-09-09 10:47:56,267 - __main__ - INFO - ==================================================
2026-09-09 10:48:05,727 - parser - INFO - Loaded 1157 columns from master file
2026-09-09 10:48:05,728 - __main__ - INFO - Processing file 1/2: 13015596.xlsm
2026-09-09 10:48:05,728 - parser - WARNING - Unknown underlying: FTSE 100 (Z )
2026-09-09 10:48:05,729 - parser - WARNING - Unknown underlying: S&P/TSX 60 (PT)
2026-09-09 10:48:05,729 - parser - WARNING - Unknown underlying: FTSE China A50 (XU)
2026-09-09 10:48:05,729 - parser - WARNING - Unknown underlying: Australia 3yr Tsy Futures (YM)
2026-09-09 10:48:05,730 - parser - WARNING - Unknown underlying: Australia 10yr TSY Futures (XM)
2026-09-09 10:48:05,730 - parser - INFO - Mapped 79 assets to output columns
2026-09-09 10:48:05,731 - parser - INFO - Loading master data from C:\Users\Mark Castro\Documents\bOACTAR\BOACTAR\Master_file\BOACTAR_DATA_20251229 (27).xlsx
2026-09-09 10:48:14,854 - parser - INFO - Loaded 287 rows from master data
2026-09-09 10:48:14,858 - parser - INFO - Date range: 2025-06-26 00:00:00 to 2026-09-02 00:00:00
2026-09-09 10:48:14,863 - parser - INFO - Latest date in master: 2026-09-02 00:00:00
2026-09-09 10:48:14,864 - parser - INFO - New data date: 2026-09-03 00:00:00
2026-09-09 10:48:14,865 - parser - INFO - Merging new data with master
2026-09-09 10:48:15,011 - parser - INFO - Combined data has 288 rows
2026-09-09 10:48:15,015 - __main__ - INFO - Processing file 2/2: 13016281.xlsm
2026-09-09 10:48:15,033 - parser - WARNING - Unknown underlying: FTSE 100 (Z )
2026-09-09 10:48:15,034 - parser - WARNING - Unknown underlying: S&P/TSX 60 (PT)
2026-09-09 10:48:15,034 - parser - WARNING - Unknown underlying: FTSE China A50 (XU)
2026-09-09 10:48:15,036 - parser - WARNING - Unknown underlying: Australia 3yr Tsy Futures (YM)
2026-09-09 10:48:15,045 - parser - WARNING - Unknown underlying: Australia 10yr TSY Futures (XM)
2026-09-09 10:48:15,049 - parser - INFO - Mapped 79 assets to output columns
2026-09-09 10:48:15,051 - parser - INFO - Using existing DataFrame with 288 rows
2026-09-09 10:48:15,054 - parser - INFO - Latest date in master: 2026-09-03 00:00:00
2026-09-09 10:48:15,055 - parser - INFO - New data date: 2026-09-07 00:00:00
2026-09-09 10:48:15,055 - parser - INFO - Merging new data with master
2026-09-09 10:48:15,188 - parser - INFO - Combined data has 289 rows
2026-09-09 10:48:15,191 - __main__ - INFO - ==================================================
2026-09-09 10:48:15,192 - __main__ - INFO - STEP 3: Generating output files
2026-09-09 10:48:15,192 - __main__ - INFO - ==================================================
2026-09-09 10:48:15,192 - file_generator - INFO - Generating output files
2026-09-09 10:48:15,194 - file_generator - INFO - Creating DATA file: C:\Users\Mark Castro\Documents\bOACTAR\BOACTAR\output\20260909_104619\BOACTAR_DATA_20260909_104619.xlsx
2026-09-09 10:48:25,618 - file_generator - INFO - DATA file created with 289 data rows and 1157 columns
2026-09-09 10:48:25,622 - file_generator - INFO - Creating META file: C:\Users\Mark Castro\Documents\bOACTAR\BOACTAR\output\20260909_104619\BOACTAR_META_20260909_104619.xlsx
2026-09-09 10:48:25,837 - file_generator - INFO - META file created with 1157 entries
2026-09-09 10:48:25,838 - file_generator - INFO - Creating ZIP file: C:\Users\Mark Castro\Documents\bOACTAR\BOACTAR\output\20260909_104619\BOACTAR_20260909_104619.zip
2026-09-09 10:48:26,039 - file_generator - INFO - ZIP file created
2026-09-09 10:48:26,074 - file_generator - INFO - Copied files to latest folder
2026-09-09 10:48:26,075 - file_generator - INFO - Saving master data to: C:\Users\Mark Castro\Documents\bOACTAR\BOACTAR\Master_file\BOACTAR_DATA_20251229 (27).xlsx
2026-09-09 10:48:26,075 - file_generator - INFO - Creating DATA file: C:\Users\Mark Castro\Documents\bOACTAR\BOACTAR\Master_file\BOACTAR_DATA_20251229 (27).xlsx
2026-09-09 10:48:36,057 - file_generator - INFO - DATA file created with 289 data rows and 1157 columns
2026-09-09 10:48:36,064 - file_generator - INFO - Master data saved with 289 rows
2026-09-09 10:48:36,065 - file_generator - INFO - All output files generated successfully
2026-09-09 10:48:36,067 - __main__ - INFO - ==================================================
2026-09-09 10:48:36,068 - __main__ - INFO - STEP 4: Execution complete
2026-09-09 10:48:36,068 - __main__ - INFO - ==================================================
2026-09-09 10:48:36,073 - __main__ - INFO - Pipeline completed successfully
