2026-05-29 09:32:28,286 - logger_setup - INFO - Logging initialized - Level: INFO
2026-05-29 09:32:28,288 - logger_setup - INFO - Log file: C:\Users\Mark Castro\Documents\bOACTAR\BOACTAR\logs\20260529_093228\boactar_20260529_093228.log
2026-05-29 09:32:28,318 - __main__ - INFO - ==================================================
2026-05-29 09:32:28,321 - __main__ - INFO - STEP 1: Loading input data
2026-05-29 09:32:28,322 - __main__ - INFO - ==================================================
2026-05-29 09:32:28,333 - data_loader - INFO - Found 1 input file(s) in C:\Users\Mark Castro\Documents\bOACTAR\BOACTAR\input
2026-05-29 09:32:28,335 - data_loader - INFO - Loading file: 12978939.xlsm
2026-05-29 09:33:25,433 - data_loader - INFO - Data date: 2026-05-27
2026-05-29 09:33:25,437 - data_loader - INFO - Extracted 79 data rows
2026-05-29 09:33:25,437 - data_loader - INFO - Sorted 1 files by date (oldest to newest)
2026-05-29 09:33:25,437 - data_loader - INFO -   - 2026-05-27: 12978939.xlsm
2026-05-29 09:33:25,437 - __main__ - INFO - ==================================================
2026-05-29 09:33:25,437 - __main__ - INFO - STEP 2: Parsing and merging data
2026-05-29 09:33:25,438 - __main__ - INFO - ==================================================
2026-05-29 09:33:30,688 - parser - INFO - Loaded 1157 columns from master file
2026-05-29 09:33:30,688 - __main__ - INFO - Processing file 1/1: 12978939.xlsm
2026-05-29 09:33:30,690 - parser - INFO - Mapped 79 assets to output columns
2026-05-29 09:33:30,690 - parser - INFO - Loading master data from C:\Users\Mark Castro\Documents\bOACTAR\BOACTAR\Master_file\BOACTAR_DATA_20251229 (27).xlsx
2026-05-29 09:33:36,061 - parser - INFO - Loaded 225 rows from master data
2026-05-29 09:33:36,063 - parser - INFO - Date range: 2025-06-26 00:00:00 to 2026-05-26 00:00:00
2026-05-29 09:33:36,067 - parser - INFO - Latest date in master: 2026-05-26 00:00:00
2026-05-29 09:33:36,067 - parser - INFO - New data date: 2026-05-27 00:00:00
2026-05-29 09:33:36,067 - parser - INFO - Merging new data with master
2026-05-29 09:33:36,184 - parser - INFO - Combined data has 226 rows
2026-05-29 09:33:36,190 - __main__ - INFO - ==================================================
2026-05-29 09:33:36,191 - __main__ - INFO - STEP 3: Generating output files
2026-05-29 09:33:36,191 - __main__ - INFO - ==================================================
2026-05-29 09:33:36,192 - file_generator - INFO - Generating output files
2026-05-29 09:33:36,194 - file_generator - INFO - Creating DATA file: C:\Users\Mark Castro\Documents\bOACTAR\BOACTAR\output\20260529_093228\BOACTAR_DATA_20260529_093228.xlsx
2026-05-29 09:33:41,939 - file_generator - INFO - DATA file created with 226 data rows and 1157 columns
2026-05-29 09:33:41,939 - file_generator - INFO - Creating META file: C:\Users\Mark Castro\Documents\bOACTAR\BOACTAR\output\20260529_093228\BOACTAR_META_20260529_093228.xlsx
2026-05-29 09:33:42,138 - file_generator - INFO - META file created with 1157 entries
2026-05-29 09:33:42,138 - file_generator - INFO - Creating ZIP file: C:\Users\Mark Castro\Documents\bOACTAR\BOACTAR\output\20260529_093228\BOACTAR_20260529_093228.zip
2026-05-29 09:33:42,274 - file_generator - INFO - ZIP file created
2026-05-29 09:33:42,297 - file_generator - INFO - Copied files to latest folder
2026-05-29 09:33:42,297 - file_generator - INFO - Saving master data to: C:\Users\Mark Castro\Documents\bOACTAR\BOACTAR\Master_file\BOACTAR_DATA_20251229 (27).xlsx
2026-05-29 09:33:42,298 - file_generator - INFO - Creating DATA file: C:\Users\Mark Castro\Documents\bOACTAR\BOACTAR\Master_file\BOACTAR_DATA_20251229 (27).xlsx
2026-05-29 09:33:48,022 - file_generator - INFO - DATA file created with 226 data rows and 1157 columns
2026-05-29 09:33:48,022 - file_generator - INFO - Master data saved with 226 rows
2026-05-29 09:33:48,023 - file_generator - INFO - All output files generated successfully
2026-05-29 09:33:48,023 - __main__ - INFO - ==================================================
2026-05-29 09:33:48,024 - __main__ - INFO - STEP 4: Execution complete
2026-05-29 09:33:48,024 - __main__ - INFO - ==================================================
2026-05-29 09:33:48,025 - __main__ - INFO - Pipeline completed successfully
