2026-03-16 09:39:03,803 - logger_setup - INFO - Logging initialized - Level: INFO
2026-03-16 09:39:03,847 - logger_setup - INFO - Log file: C:\Users\Mark Castro\Documents\bOACTAR\BOACTAR\logs\20260316_093903\boactar_20260316_093903.log
2026-03-16 09:39:04,132 - __main__ - INFO - ==================================================
2026-03-16 09:39:04,150 - __main__ - INFO - STEP 1: Loading input data
2026-03-16 09:39:04,171 - __main__ - INFO - ==================================================
2026-03-16 09:39:04,184 - data_loader - INFO - Found 1 input file(s) in C:\Users\Mark Castro\Documents\bOACTAR\BOACTAR\input
2026-03-16 09:39:04,191 - data_loader - INFO - Loading file: 12947440.xlsm
2026-03-16 09:39:48,797 - data_loader - INFO - Data date: 2026-03-12
2026-03-16 09:39:48,802 - data_loader - INFO - Extracted 79 data rows
2026-03-16 09:39:48,802 - data_loader - INFO - Sorted 1 files by date (oldest to newest)
2026-03-16 09:39:48,802 - data_loader - INFO -   - 2026-03-12: 12947440.xlsm
2026-03-16 09:39:48,804 - __main__ - INFO - ==================================================
2026-03-16 09:39:48,805 - __main__ - INFO - STEP 2: Parsing and merging data
2026-03-16 09:39:48,812 - __main__ - INFO - ==================================================
2026-03-16 09:39:54,528 - parser - INFO - Loaded 1157 columns from master file
2026-03-16 09:39:54,529 - __main__ - INFO - Processing file 1/1: 12947440.xlsm
2026-03-16 09:39:54,530 - parser - INFO - Mapped 79 assets to output columns
2026-03-16 09:39:54,531 - parser - INFO - Loading master data from C:\Users\Mark Castro\Documents\bOACTAR\BOACTAR\Master_file\BOACTAR_DATA_20251229 (27).xlsx
2026-03-16 09:39:59,165 - parser - INFO - Loaded 175 rows from master data
2026-03-16 09:39:59,172 - parser - INFO - Date range: 2025-06-26 00:00:00 to 2026-03-11 00:00:00
2026-03-16 09:39:59,175 - parser - INFO - Latest date in master: 2026-03-11 00:00:00
2026-03-16 09:39:59,176 - parser - INFO - New data date: 2026-03-12 00:00:00
2026-03-16 09:39:59,179 - parser - INFO - Merging new data with master
2026-03-16 09:39:59,268 - parser - INFO - Combined data has 176 rows
2026-03-16 09:39:59,272 - __main__ - INFO - ==================================================
2026-03-16 09:39:59,273 - __main__ - INFO - STEP 3: Generating output files
2026-03-16 09:39:59,274 - __main__ - INFO - ==================================================
2026-03-16 09:39:59,275 - file_generator - INFO - Generating output files
2026-03-16 09:39:59,277 - file_generator - INFO - Creating DATA file: C:\Users\Mark Castro\Documents\bOACTAR\BOACTAR\output\20260316_093903\BOACTAR_DATA_20260316_093903.xlsx
2026-03-16 09:40:04,115 - file_generator - INFO - DATA file created with 176 data rows and 1157 columns
2026-03-16 09:40:04,117 - file_generator - INFO - Creating META file: C:\Users\Mark Castro\Documents\bOACTAR\BOACTAR\output\20260316_093903\BOACTAR_META_20260316_093903.xlsx
2026-03-16 09:40:04,286 - file_generator - INFO - META file created with 1157 entries
2026-03-16 09:40:04,287 - file_generator - INFO - Creating ZIP file: C:\Users\Mark Castro\Documents\bOACTAR\BOACTAR\output\20260316_093903\BOACTAR_20260316_093903.zip
2026-03-16 09:40:04,410 - file_generator - INFO - ZIP file created
2026-03-16 09:40:04,437 - file_generator - INFO - Copied files to latest folder
2026-03-16 09:40:04,438 - file_generator - INFO - Saving master data to: C:\Users\Mark Castro\Documents\bOACTAR\BOACTAR\Master_file\BOACTAR_DATA_20251229 (27).xlsx
2026-03-16 09:40:04,439 - file_generator - INFO - Creating DATA file: C:\Users\Mark Castro\Documents\bOACTAR\BOACTAR\Master_file\BOACTAR_DATA_20251229 (27).xlsx
2026-03-16 09:40:13,329 - file_generator - INFO - DATA file created with 176 data rows and 1157 columns
2026-03-16 09:40:13,332 - file_generator - INFO - Master data saved with 176 rows
2026-03-16 09:40:13,332 - file_generator - INFO - All output files generated successfully
2026-03-16 09:40:13,333 - __main__ - INFO - ==================================================
2026-03-16 09:40:13,333 - __main__ - INFO - STEP 4: Execution complete
2026-03-16 09:40:13,333 - __main__ - INFO - ==================================================
2026-03-16 09:40:13,335 - __main__ - INFO - Pipeline completed successfully
