2026-05-05 10:37:59,858 - logger_setup - INFO - Logging initialized - Level: INFO
2026-05-05 10:37:59,861 - logger_setup - INFO - Log file: C:\Users\Mark Castro\Documents\bOACTAR\BOACTAR\logs\20260505_103759\boactar_20260505_103759.log
2026-05-05 10:37:59,872 - __main__ - INFO - ==================================================
2026-05-05 10:37:59,884 - __main__ - INFO - STEP 1: Loading input data
2026-05-05 10:37:59,885 - __main__ - INFO - ==================================================
2026-05-05 10:37:59,888 - data_loader - INFO - Found 1 input file(s) in C:\Users\Mark Castro\Documents\bOACTAR\BOACTAR\input
2026-05-05 10:37:59,908 - data_loader - INFO - Loading file: 12968634.xlsm
2026-05-05 10:38:43,471 - data_loader - INFO - Data date: 2026-05-01
2026-05-05 10:38:43,475 - data_loader - INFO - Extracted 79 data rows
2026-05-05 10:38:43,475 - data_loader - INFO - Sorted 1 files by date (oldest to newest)
2026-05-05 10:38:43,475 - data_loader - INFO -   - 2026-05-01: 12968634.xlsm
2026-05-05 10:38:43,476 - __main__ - INFO - ==================================================
2026-05-05 10:38:43,476 - __main__ - INFO - STEP 2: Parsing and merging data
2026-05-05 10:38:43,476 - __main__ - INFO - ==================================================
2026-05-05 10:38:53,913 - parser - INFO - Loaded 1157 columns from master file
2026-05-05 10:38:53,914 - __main__ - INFO - Processing file 1/1: 12968634.xlsm
2026-05-05 10:38:53,916 - parser - INFO - Mapped 79 assets to output columns
2026-05-05 10:38:53,916 - parser - INFO - Loading master data from C:\Users\Mark Castro\Documents\bOACTAR\BOACTAR\Master_file\BOACTAR_DATA_20251229 (27).xlsx
2026-05-05 10:38:59,757 - parser - INFO - Loaded 210 rows from master data
2026-05-05 10:38:59,763 - parser - INFO - Date range: 2025-06-26 00:00:00 to 2026-04-30 00:00:00
2026-05-05 10:38:59,767 - parser - INFO - Latest date in master: 2026-04-30 00:00:00
2026-05-05 10:38:59,768 - parser - INFO - New data date: 2026-05-01 00:00:00
2026-05-05 10:38:59,770 - parser - INFO - Merging new data with master
2026-05-05 10:38:59,886 - parser - INFO - Combined data has 211 rows
2026-05-05 10:38:59,890 - __main__ - INFO - ==================================================
2026-05-05 10:38:59,890 - __main__ - INFO - STEP 3: Generating output files
2026-05-05 10:38:59,890 - __main__ - INFO - ==================================================
2026-05-05 10:38:59,891 - file_generator - INFO - Generating output files
2026-05-05 10:38:59,892 - file_generator - INFO - Creating DATA file: C:\Users\Mark Castro\Documents\bOACTAR\BOACTAR\output\20260505_103759\BOACTAR_DATA_20260505_103759.xlsx
2026-05-05 10:39:05,981 - file_generator - INFO - DATA file created with 211 data rows and 1157 columns
2026-05-05 10:39:05,981 - file_generator - INFO - Creating META file: C:\Users\Mark Castro\Documents\bOACTAR\BOACTAR\output\20260505_103759\BOACTAR_META_20260505_103759.xlsx
2026-05-05 10:39:06,151 - file_generator - INFO - META file created with 1157 entries
2026-05-05 10:39:06,152 - file_generator - INFO - Creating ZIP file: C:\Users\Mark Castro\Documents\bOACTAR\BOACTAR\output\20260505_103759\BOACTAR_20260505_103759.zip
2026-05-05 10:39:06,283 - file_generator - INFO - ZIP file created
2026-05-05 10:39:06,306 - file_generator - INFO - Copied files to latest folder
2026-05-05 10:39:06,307 - file_generator - INFO - Saving master data to: C:\Users\Mark Castro\Documents\bOACTAR\BOACTAR\Master_file\BOACTAR_DATA_20251229 (27).xlsx
2026-05-05 10:39:06,307 - file_generator - INFO - Creating DATA file: C:\Users\Mark Castro\Documents\bOACTAR\BOACTAR\Master_file\BOACTAR_DATA_20251229 (27).xlsx
2026-05-05 10:39:11,924 - file_generator - INFO - DATA file created with 211 data rows and 1157 columns
2026-05-05 10:39:11,926 - file_generator - INFO - Master data saved with 211 rows
2026-05-05 10:39:11,927 - file_generator - INFO - All output files generated successfully
2026-05-05 10:39:11,960 - __main__ - INFO - ==================================================
2026-05-05 10:39:11,961 - __main__ - INFO - STEP 4: Execution complete
2026-05-05 10:39:11,967 - __main__ - INFO - ==================================================
2026-05-05 10:39:12,019 - __main__ - INFO - Pipeline completed successfully
