2026-05-27 09:59:49,083 - logger_setup - INFO - Logging initialized - Level: INFO
2026-05-27 09:59:49,083 - logger_setup - INFO - Log file: C:\Users\Mark Castro\Documents\bOACTAR\BOACTAR\logs\20260527_095949\boactar_20260527_095949.log
2026-05-27 09:59:49,085 - __main__ - INFO - ==================================================
2026-05-27 09:59:49,086 - __main__ - INFO - STEP 1: Loading input data
2026-05-27 09:59:49,086 - __main__ - INFO - ==================================================
2026-05-27 09:59:49,088 - data_loader - INFO - Found 1 input file(s) in C:\Users\Mark Castro\Documents\bOACTAR\BOACTAR\input
2026-05-27 09:59:49,089 - data_loader - INFO - Loading file: 12978028.xlsm
2026-05-27 10:00:19,826 - data_loader - INFO - Data date: 2026-05-25
2026-05-27 10:00:19,830 - data_loader - INFO - Extracted 79 data rows
2026-05-27 10:00:19,830 - data_loader - INFO - Sorted 1 files by date (oldest to newest)
2026-05-27 10:00:19,830 - data_loader - INFO -   - 2026-05-25: 12978028.xlsm
2026-05-27 10:00:19,831 - __main__ - INFO - ==================================================
2026-05-27 10:00:19,831 - __main__ - INFO - STEP 2: Parsing and merging data
2026-05-27 10:00:19,831 - __main__ - INFO - ==================================================
2026-05-27 10:00:25,005 - parser - INFO - Loaded 1157 columns from master file
2026-05-27 10:00:25,005 - __main__ - INFO - Processing file 1/1: 12978028.xlsm
2026-05-27 10:00:25,006 - parser - INFO - Mapped 79 assets to output columns
2026-05-27 10:00:25,007 - parser - INFO - Loading master data from C:\Users\Mark Castro\Documents\bOACTAR\BOACTAR\Master_file\BOACTAR_DATA_20251229 (27).xlsx
2026-05-27 10:00:30,098 - parser - INFO - Loaded 223 rows from master data
2026-05-27 10:00:30,100 - parser - INFO - Date range: 2025-06-26 00:00:00 to 2026-05-21 00:00:00
2026-05-27 10:00:30,103 - parser - INFO - Latest date in master: 2026-05-21 00:00:00
2026-05-27 10:00:30,103 - parser - INFO - New data date: 2026-05-25 00:00:00
2026-05-27 10:00:30,104 - parser - INFO - Merging new data with master
2026-05-27 10:00:30,219 - parser - INFO - Combined data has 224 rows
2026-05-27 10:00:30,224 - __main__ - INFO - ==================================================
2026-05-27 10:00:30,224 - __main__ - INFO - STEP 3: Generating output files
2026-05-27 10:00:30,225 - __main__ - INFO - ==================================================
2026-05-27 10:00:30,226 - file_generator - INFO - Generating output files
2026-05-27 10:00:30,228 - file_generator - INFO - Creating DATA file: C:\Users\Mark Castro\Documents\bOACTAR\BOACTAR\output\20260527_095949\BOACTAR_DATA_20260527_095949.xlsx
2026-05-27 10:00:35,721 - file_generator - INFO - DATA file created with 224 data rows and 1157 columns
2026-05-27 10:00:35,722 - file_generator - INFO - Creating META file: C:\Users\Mark Castro\Documents\bOACTAR\BOACTAR\output\20260527_095949\BOACTAR_META_20260527_095949.xlsx
2026-05-27 10:00:35,905 - file_generator - INFO - META file created with 1157 entries
2026-05-27 10:00:35,905 - file_generator - INFO - Creating ZIP file: C:\Users\Mark Castro\Documents\bOACTAR\BOACTAR\output\20260527_095949\BOACTAR_20260527_095949.zip
2026-05-27 10:00:36,042 - file_generator - INFO - ZIP file created
2026-05-27 10:00:36,066 - file_generator - INFO - Copied files to latest folder
2026-05-27 10:00:36,067 - file_generator - INFO - Saving master data to: C:\Users\Mark Castro\Documents\bOACTAR\BOACTAR\Master_file\BOACTAR_DATA_20251229 (27).xlsx
2026-05-27 10:00:36,067 - file_generator - INFO - Creating DATA file: C:\Users\Mark Castro\Documents\bOACTAR\BOACTAR\Master_file\BOACTAR_DATA_20251229 (27).xlsx
2026-05-27 10:00:41,560 - file_generator - INFO - DATA file created with 224 data rows and 1157 columns
2026-05-27 10:00:41,560 - file_generator - INFO - Master data saved with 224 rows
2026-05-27 10:00:41,561 - file_generator - INFO - All output files generated successfully
2026-05-27 10:00:41,561 - __main__ - INFO - ==================================================
2026-05-27 10:00:41,561 - __main__ - INFO - STEP 4: Execution complete
2026-05-27 10:00:41,562 - __main__ - INFO - ==================================================
2026-05-27 10:00:41,563 - __main__ - INFO - Pipeline completed successfully
