2026-05-20 11:40:20,835 - logger_setup - INFO - Logging initialized - Level: INFO
2026-05-20 11:40:20,836 - logger_setup - INFO - Log file: C:\Users\Mark Castro\Documents\bOACTAR\BOACTAR\logs\20260520_114020\boactar_20260520_114020.log
2026-05-20 11:40:20,837 - __main__ - INFO - ==================================================
2026-05-20 11:40:20,837 - __main__ - INFO - STEP 1: Loading input data
2026-05-20 11:40:20,838 - __main__ - INFO - ==================================================
2026-05-20 11:40:20,839 - data_loader - INFO - Found 1 input file(s) in C:\Users\Mark Castro\Documents\bOACTAR\BOACTAR\input
2026-05-20 11:40:20,839 - data_loader - INFO - Loading file: 12976021.xlsm
2026-05-20 11:41:03,134 - data_loader - INFO - Data date: 2026-05-18
2026-05-20 11:41:03,138 - data_loader - INFO - Extracted 79 data rows
2026-05-20 11:41:03,138 - data_loader - INFO - Sorted 1 files by date (oldest to newest)
2026-05-20 11:41:03,138 - data_loader - INFO -   - 2026-05-18: 12976021.xlsm
2026-05-20 11:41:03,138 - __main__ - INFO - ==================================================
2026-05-20 11:41:03,139 - __main__ - INFO - STEP 2: Parsing and merging data
2026-05-20 11:41:03,139 - __main__ - INFO - ==================================================
2026-05-20 11:41:09,254 - parser - INFO - Loaded 1157 columns from master file
2026-05-20 11:41:09,254 - __main__ - INFO - Processing file 1/1: 12976021.xlsm
2026-05-20 11:41:09,256 - parser - INFO - Mapped 79 assets to output columns
2026-05-20 11:41:09,256 - parser - INFO - Loading master data from C:\Users\Mark Castro\Documents\bOACTAR\BOACTAR\Master_file\BOACTAR_DATA_20251229 (27).xlsx
2026-05-20 11:41:15,235 - parser - INFO - Loaded 219 rows from master data
2026-05-20 11:41:15,242 - parser - INFO - Date range: 2025-06-26 00:00:00 to 2026-05-15 00:00:00
2026-05-20 11:41:15,247 - parser - INFO - Latest date in master: 2026-05-15 00:00:00
2026-05-20 11:41:15,251 - parser - INFO - New data date: 2026-05-18 00:00:00
2026-05-20 11:41:15,253 - parser - INFO - Merging new data with master
2026-05-20 11:41:15,391 - parser - INFO - Combined data has 220 rows
2026-05-20 11:41:15,395 - __main__ - INFO - ==================================================
2026-05-20 11:41:15,395 - __main__ - INFO - STEP 3: Generating output files
2026-05-20 11:41:15,395 - __main__ - INFO - ==================================================
2026-05-20 11:41:15,396 - file_generator - INFO - Generating output files
2026-05-20 11:41:15,398 - file_generator - INFO - Creating DATA file: C:\Users\Mark Castro\Documents\bOACTAR\BOACTAR\output\20260520_114020\BOACTAR_DATA_20260520_114020.xlsx
2026-05-20 11:41:21,806 - file_generator - INFO - DATA file created with 220 data rows and 1157 columns
2026-05-20 11:41:21,806 - file_generator - INFO - Creating META file: C:\Users\Mark Castro\Documents\bOACTAR\BOACTAR\output\20260520_114020\BOACTAR_META_20260520_114020.xlsx
2026-05-20 11:41:21,973 - file_generator - INFO - META file created with 1157 entries
2026-05-20 11:41:21,973 - file_generator - INFO - Creating ZIP file: C:\Users\Mark Castro\Documents\bOACTAR\BOACTAR\output\20260520_114020\BOACTAR_20260520_114020.zip
2026-05-20 11:41:22,109 - file_generator - INFO - ZIP file created
2026-05-20 11:41:22,142 - file_generator - INFO - Copied files to latest folder
2026-05-20 11:41:22,143 - file_generator - INFO - Saving master data to: C:\Users\Mark Castro\Documents\bOACTAR\BOACTAR\Master_file\BOACTAR_DATA_20251229 (27).xlsx
2026-05-20 11:41:22,143 - file_generator - INFO - Creating DATA file: C:\Users\Mark Castro\Documents\bOACTAR\BOACTAR\Master_file\BOACTAR_DATA_20251229 (27).xlsx
2026-05-20 11:41:27,757 - file_generator - INFO - DATA file created with 220 data rows and 1157 columns
2026-05-20 11:41:27,758 - file_generator - INFO - Master data saved with 220 rows
2026-05-20 11:41:27,758 - file_generator - INFO - All output files generated successfully
2026-05-20 11:41:27,758 - __main__ - INFO - ==================================================
2026-05-20 11:41:27,759 - __main__ - INFO - STEP 4: Execution complete
2026-05-20 11:41:27,759 - __main__ - INFO - ==================================================
2026-05-20 11:41:27,761 - __main__ - INFO - Pipeline completed successfully
