2026-04-03 09:47:38,503 - logger_setup - INFO - Logging initialized - Level: INFO
2026-04-03 09:47:38,565 - logger_setup - INFO - Log file: C:\Users\Mark Castro\Documents\bOACTAR\BOACTAR\logs\20260403_094738\boactar_20260403_094738.log
2026-04-03 09:47:39,784 - __main__ - INFO - ==================================================
2026-04-03 09:47:39,955 - __main__ - INFO - STEP 1: Loading input data
2026-04-03 09:47:40,033 - __main__ - INFO - ==================================================
2026-04-03 09:47:40,173 - data_loader - INFO - Found 1 input file(s) in C:\Users\Mark Castro\Documents\bOACTAR\BOACTAR\input
2026-04-03 09:47:40,183 - data_loader - INFO - Loading file: 12954917.xlsm
2026-04-03 09:48:55,634 - data_loader - INFO - Data date: 2026-04-01
2026-04-03 09:48:55,638 - data_loader - INFO - Extracted 79 data rows
2026-04-03 09:48:55,638 - data_loader - INFO - Sorted 1 files by date (oldest to newest)
2026-04-03 09:48:55,639 - data_loader - INFO -   - 2026-04-01: 12954917.xlsm
2026-04-03 09:48:55,641 - __main__ - INFO - ==================================================
2026-04-03 09:48:55,642 - __main__ - INFO - STEP 2: Parsing and merging data
2026-04-03 09:48:55,643 - __main__ - INFO - ==================================================
2026-04-03 09:49:03,460 - parser - INFO - Loaded 1157 columns from master file
2026-04-03 09:49:03,461 - __main__ - INFO - Processing file 1/1: 12954917.xlsm
2026-04-03 09:49:03,463 - parser - INFO - Mapped 79 assets to output columns
2026-04-03 09:49:03,464 - parser - INFO - Loading master data from C:\Users\Mark Castro\Documents\bOACTAR\BOACTAR\Master_file\BOACTAR_DATA_20251229 (27).xlsx
2026-04-03 09:49:09,876 - parser - INFO - Loaded 189 rows from master data
2026-04-03 09:49:09,879 - parser - INFO - Date range: 2025-06-26 00:00:00 to 2026-03-31 00:00:00
2026-04-03 09:49:09,883 - parser - INFO - Latest date in master: 2026-03-31 00:00:00
2026-04-03 09:49:09,884 - parser - INFO - New data date: 2026-04-01 00:00:00
2026-04-03 09:49:09,886 - parser - INFO - Merging new data with master
2026-04-03 09:49:10,092 - parser - INFO - Combined data has 190 rows
2026-04-03 09:49:10,100 - __main__ - INFO - ==================================================
2026-04-03 09:49:10,101 - __main__ - INFO - STEP 3: Generating output files
2026-04-03 09:49:10,102 - __main__ - INFO - ==================================================
2026-04-03 09:49:10,103 - file_generator - INFO - Generating output files
2026-04-03 09:49:10,106 - file_generator - INFO - Creating DATA file: C:\Users\Mark Castro\Documents\bOACTAR\BOACTAR\output\20260403_094738\BOACTAR_DATA_20260403_094738.xlsx
2026-04-03 09:49:17,137 - file_generator - INFO - DATA file created with 190 data rows and 1157 columns
2026-04-03 09:49:17,143 - file_generator - INFO - Creating META file: C:\Users\Mark Castro\Documents\bOACTAR\BOACTAR\output\20260403_094738\BOACTAR_META_20260403_094738.xlsx
2026-04-03 09:49:17,504 - file_generator - INFO - META file created with 1157 entries
2026-04-03 09:49:17,505 - file_generator - INFO - Creating ZIP file: C:\Users\Mark Castro\Documents\bOACTAR\BOACTAR\output\20260403_094738\BOACTAR_20260403_094738.zip
2026-04-03 09:49:17,779 - file_generator - INFO - ZIP file created
2026-04-03 09:49:17,821 - file_generator - INFO - Copied files to latest folder
2026-04-03 09:49:17,852 - file_generator - INFO - Saving master data to: C:\Users\Mark Castro\Documents\bOACTAR\BOACTAR\Master_file\BOACTAR_DATA_20251229 (27).xlsx
2026-04-03 09:49:17,854 - file_generator - INFO - Creating DATA file: C:\Users\Mark Castro\Documents\bOACTAR\BOACTAR\Master_file\BOACTAR_DATA_20251229 (27).xlsx
2026-04-03 09:49:24,943 - file_generator - INFO - DATA file created with 190 data rows and 1157 columns
2026-04-03 09:49:24,947 - file_generator - INFO - Master data saved with 190 rows
2026-04-03 09:49:24,947 - file_generator - INFO - All output files generated successfully
2026-04-03 09:49:24,949 - __main__ - INFO - ==================================================
2026-04-03 09:49:24,949 - __main__ - INFO - STEP 4: Execution complete
2026-04-03 09:49:24,952 - __main__ - INFO - ==================================================
2026-04-03 09:49:24,960 - __main__ - INFO - Pipeline completed successfully
