2026-09-04 08:56:32,416 - logger_setup - INFO - Logging initialized - Level: INFO
2026-09-04 08:56:32,417 - logger_setup - INFO - Log file: C:\Users\Mark Castro\Documents\bOACTAR\BOACTAR\logs\20260904_085632\boactar_20260904_085632.log
2026-09-04 08:56:32,418 - __main__ - INFO - ==================================================
2026-09-04 08:56:32,418 - __main__ - INFO - STEP 1: Loading input data
2026-09-04 08:56:32,419 - __main__ - INFO - ==================================================
2026-09-04 08:56:32,420 - data_loader - INFO - Found 1 input file(s) in C:\Users\Mark Castro\Documents\bOACTAR\BOACTAR\input
2026-09-04 08:56:32,421 - data_loader - INFO - Loading file: 13015197.xlsm
2026-09-04 08:57:05,072 - data_loader - INFO - Data date: 2026-09-02
2026-09-04 08:57:05,072 - data_loader - INFO - Extracted 84 data rows
2026-09-04 08:57:05,072 - data_loader - INFO - Sorted 1 files by date (oldest to newest)
2026-09-04 08:57:05,072 - data_loader - INFO -   - 2026-09-02: 13015197.xlsm
2026-09-04 08:57:05,072 - __main__ - INFO - ==================================================
2026-09-04 08:57:05,072 - __main__ - INFO - STEP 2: Parsing and merging data
2026-09-04 08:57:05,072 - __main__ - INFO - ==================================================
2026-09-04 08:57:11,182 - parser - INFO - Loaded 1157 columns from master file
2026-09-04 08:57:11,182 - __main__ - INFO - Processing file 1/1: 13015197.xlsm
2026-09-04 08:57:11,182 - parser - WARNING - Unknown underlying: FTSE 100 (Z )
2026-09-04 08:57:11,182 - parser - WARNING - Unknown underlying: S&P/TSX 60 (PT)
2026-09-04 08:57:11,182 - parser - WARNING - Unknown underlying: FTSE China A50 (XU)
2026-09-04 08:57:11,182 - parser - WARNING - Unknown underlying: Australia 3yr Tsy Futures (YM)
2026-09-04 08:57:11,182 - parser - WARNING - Unknown underlying: Australia 10yr TSY Futures (XM)
2026-09-04 08:57:11,182 - parser - INFO - Mapped 79 assets to output columns
2026-09-04 08:57:11,182 - parser - INFO - Loading master data from C:\Users\Mark Castro\Documents\bOACTAR\BOACTAR\Master_file\BOACTAR_DATA_20251229 (27).xlsx
2026-09-04 08:57:17,303 - parser - INFO - Loaded 286 rows from master data
2026-09-04 08:57:17,303 - parser - INFO - Date range: 2025-06-26 00:00:00 to 2026-09-01 00:00:00
2026-09-04 08:57:17,314 - parser - INFO - Latest date in master: 2026-09-01 00:00:00
2026-09-04 08:57:17,314 - parser - INFO - New data date: 2026-09-02 00:00:00
2026-09-04 08:57:17,317 - parser - INFO - Merging new data with master
2026-09-04 08:57:17,412 - parser - INFO - Combined data has 287 rows
2026-09-04 08:57:17,416 - __main__ - INFO - ==================================================
2026-09-04 08:57:17,416 - __main__ - INFO - STEP 3: Generating output files
2026-09-04 08:57:17,416 - __main__ - INFO - ==================================================
2026-09-04 08:57:17,416 - file_generator - INFO - Generating output files
2026-09-04 08:57:17,418 - file_generator - INFO - Creating DATA file: C:\Users\Mark Castro\Documents\bOACTAR\BOACTAR\output\20260904_085632\BOACTAR_DATA_20260904_085632.xlsx
2026-09-04 08:57:24,239 - file_generator - INFO - DATA file created with 287 data rows and 1157 columns
2026-09-04 08:57:24,243 - file_generator - INFO - Creating META file: C:\Users\Mark Castro\Documents\bOACTAR\BOACTAR\output\20260904_085632\BOACTAR_META_20260904_085632.xlsx
2026-09-04 08:57:24,403 - file_generator - INFO - META file created with 1157 entries
2026-09-04 08:57:24,403 - file_generator - INFO - Creating ZIP file: C:\Users\Mark Castro\Documents\bOACTAR\BOACTAR\output\20260904_085632\BOACTAR_20260904_085632.zip
2026-09-04 08:57:24,574 - file_generator - INFO - ZIP file created
2026-09-04 08:57:24,599 - file_generator - INFO - Copied files to latest folder
2026-09-04 08:57:24,603 - file_generator - INFO - Saving master data to: C:\Users\Mark Castro\Documents\bOACTAR\BOACTAR\Master_file\BOACTAR_DATA_20251229 (27).xlsx
2026-09-04 08:57:24,603 - file_generator - INFO - Creating DATA file: C:\Users\Mark Castro\Documents\bOACTAR\BOACTAR\Master_file\BOACTAR_DATA_20251229 (27).xlsx
2026-09-04 08:57:31,757 - file_generator - INFO - DATA file created with 287 data rows and 1157 columns
2026-09-04 08:57:31,764 - file_generator - INFO - Master data saved with 287 rows
2026-09-04 08:57:31,764 - file_generator - INFO - All output files generated successfully
2026-09-04 08:57:31,764 - __main__ - INFO - ==================================================
2026-09-04 08:57:31,764 - __main__ - INFO - STEP 4: Execution complete
2026-09-04 08:57:31,764 - __main__ - INFO - ==================================================
2026-09-04 08:57:31,769 - __main__ - INFO - Pipeline completed successfully
