2026-09-10 09:23:12,777 - logger_setup - INFO - Logging initialized - Level: INFO
2026-09-10 09:23:12,778 - logger_setup - INFO - Log file: C:\Users\Mark Castro\Documents\bOACTAR\BOACTAR\logs\20260910_092312\boactar_20260910_092312.log
2026-09-10 09:23:12,781 - __main__ - INFO - ==================================================
2026-09-10 09:23:12,782 - __main__ - INFO - STEP 1: Loading input data
2026-09-10 09:23:12,783 - __main__ - INFO - ==================================================
2026-09-10 09:23:12,785 - data_loader - INFO - Found 1 input file(s) in C:\Users\Mark Castro\Documents\bOACTAR\BOACTAR\input
2026-09-10 09:23:12,791 - data_loader - INFO - Loading file: 13016782.xlsm
2026-09-10 09:23:46,396 - data_loader - INFO - Data date: 2026-09-08
2026-09-10 09:23:46,399 - data_loader - INFO - Extracted 84 data rows
2026-09-10 09:23:46,399 - data_loader - INFO - Sorted 1 files by date (oldest to newest)
2026-09-10 09:23:46,399 - data_loader - INFO -   - 2026-09-08: 13016782.xlsm
2026-09-10 09:23:46,400 - __main__ - INFO - ==================================================
2026-09-10 09:23:46,400 - __main__ - INFO - STEP 2: Parsing and merging data
2026-09-10 09:23:46,400 - __main__ - INFO - ==================================================
2026-09-10 09:23:52,894 - parser - INFO - Loaded 1157 columns from master file
2026-09-10 09:23:52,895 - __main__ - INFO - Processing file 1/1: 13016782.xlsm
2026-09-10 09:23:52,895 - parser - WARNING - Unknown underlying: FTSE 100 (Z )
2026-09-10 09:23:52,896 - parser - WARNING - Unknown underlying: S&P/TSX 60 (PT)
2026-09-10 09:23:52,896 - parser - WARNING - Unknown underlying: FTSE China A50 (XU)
2026-09-10 09:23:52,896 - parser - WARNING - Unknown underlying: Australia 3yr Tsy Futures (YM)
2026-09-10 09:23:52,897 - parser - WARNING - Unknown underlying: Australia 10yr TSY Futures (XM)
2026-09-10 09:23:52,897 - parser - INFO - Mapped 79 assets to output columns
2026-09-10 09:23:52,898 - parser - INFO - Loading master data from C:\Users\Mark Castro\Documents\bOACTAR\BOACTAR\Master_file\BOACTAR_DATA_20251229 (27).xlsx
2026-09-10 09:23:59,231 - parser - INFO - Loaded 289 rows from master data
2026-09-10 09:23:59,238 - parser - INFO - Date range: 2025-06-26 00:00:00 to 2026-09-07 00:00:00
2026-09-10 09:23:59,242 - parser - INFO - Latest date in master: 2026-09-07 00:00:00
2026-09-10 09:23:59,243 - parser - INFO - New data date: 2026-09-08 00:00:00
2026-09-10 09:23:59,245 - parser - INFO - Merging new data with master
2026-09-10 09:23:59,565 - parser - INFO - Combined data has 290 rows
2026-09-10 09:23:59,569 - __main__ - INFO - ==================================================
2026-09-10 09:23:59,570 - __main__ - INFO - STEP 3: Generating output files
2026-09-10 09:23:59,570 - __main__ - INFO - ==================================================
2026-09-10 09:23:59,570 - file_generator - INFO - Generating output files
2026-09-10 09:23:59,571 - file_generator - INFO - Creating DATA file: C:\Users\Mark Castro\Documents\bOACTAR\BOACTAR\output\20260910_092312\BOACTAR_DATA_20260910_092312.xlsx
2026-09-10 09:24:06,726 - file_generator - INFO - DATA file created with 290 data rows and 1157 columns
2026-09-10 09:24:06,731 - file_generator - INFO - Creating META file: C:\Users\Mark Castro\Documents\bOACTAR\BOACTAR\output\20260910_092312\BOACTAR_META_20260910_092312.xlsx
2026-09-10 09:24:06,906 - file_generator - INFO - META file created with 1157 entries
2026-09-10 09:24:06,906 - file_generator - INFO - Creating ZIP file: C:\Users\Mark Castro\Documents\bOACTAR\BOACTAR\output\20260910_092312\BOACTAR_20260910_092312.zip
2026-09-10 09:24:07,076 - file_generator - INFO - ZIP file created
2026-09-10 09:24:07,107 - file_generator - INFO - Copied files to latest folder
2026-09-10 09:24:07,108 - file_generator - INFO - Saving master data to: C:\Users\Mark Castro\Documents\bOACTAR\BOACTAR\Master_file\BOACTAR_DATA_20251229 (27).xlsx
2026-09-10 09:24:07,108 - file_generator - INFO - Creating DATA file: C:\Users\Mark Castro\Documents\bOACTAR\BOACTAR\Master_file\BOACTAR_DATA_20251229 (27).xlsx
2026-09-10 09:24:14,266 - file_generator - INFO - DATA file created with 290 data rows and 1157 columns
2026-09-10 09:24:14,271 - file_generator - INFO - Master data saved with 290 rows
2026-09-10 09:24:14,271 - file_generator - INFO - All output files generated successfully
2026-09-10 09:24:14,272 - __main__ - INFO - ==================================================
2026-09-10 09:24:14,273 - __main__ - INFO - STEP 4: Execution complete
2026-09-10 09:24:14,273 - __main__ - INFO - ==================================================
2026-09-10 09:24:14,276 - __main__ - INFO - Pipeline completed successfully
