2026-08-25 09:54:08,643 - logger_setup - INFO - Logging initialized - Level: INFO
2026-08-25 09:54:08,643 - logger_setup - INFO - Log file: C:\Users\Mark Castro\Documents\bOACTAR\BOACTAR\logs\20260825_095408\boactar_20260825_095408.log
2026-08-25 09:54:08,647 - __main__ - INFO - ==================================================
2026-08-25 09:54:08,647 - __main__ - INFO - STEP 1: Loading input data
2026-08-25 09:54:08,647 - __main__ - INFO - ==================================================
2026-08-25 09:54:08,647 - data_loader - INFO - Found 1 input file(s) in C:\Users\Mark Castro\Documents\bOACTAR\BOACTAR\input
2026-08-25 09:54:08,647 - data_loader - INFO - Loading file: 13010870.xlsm
2026-08-25 09:55:11,294 - data_loader - INFO - Data date: 2026-08-21
2026-08-25 09:55:11,305 - data_loader - INFO - Extracted 84 data rows
2026-08-25 09:55:11,305 - data_loader - INFO - Sorted 1 files by date (oldest to newest)
2026-08-25 09:55:11,305 - data_loader - INFO -   - 2026-08-21: 13010870.xlsm
2026-08-25 09:55:11,309 - __main__ - INFO - ==================================================
2026-08-25 09:55:11,310 - __main__ - INFO - STEP 2: Parsing and merging data
2026-08-25 09:55:11,310 - __main__ - INFO - ==================================================
2026-08-25 09:55:21,421 - parser - INFO - Loaded 1157 columns from master file
2026-08-25 09:55:21,422 - __main__ - INFO - Processing file 1/1: 13010870.xlsm
2026-08-25 09:55:21,423 - parser - WARNING - Unknown underlying: FTSE 100 (Z )
2026-08-25 09:55:21,423 - parser - WARNING - Unknown underlying: S&P/TSX 60 (PT)
2026-08-25 09:55:21,424 - parser - WARNING - Unknown underlying: FTSE China A50 (XU)
2026-08-25 09:55:21,424 - parser - WARNING - Unknown underlying: Australia 3yr Tsy Futures (YM)
2026-08-25 09:55:21,424 - parser - WARNING - Unknown underlying: Australia 10yr TSY Futures (XM)
2026-08-25 09:55:21,425 - parser - INFO - Mapped 79 assets to output columns
2026-08-25 09:55:21,425 - parser - INFO - Loading master data from C:\Users\Mark Castro\Documents\bOACTAR\BOACTAR\Master_file\BOACTAR_DATA_20251229 (27).xlsx
2026-08-25 09:55:30,681 - parser - INFO - Loaded 278 rows from master data
2026-08-25 09:55:30,691 - parser - INFO - Date range: 2025-06-26 00:00:00 to 2026-08-19 00:00:00
2026-08-25 09:55:30,695 - parser - INFO - Latest date in master: 2026-08-19 00:00:00
2026-08-25 09:55:30,695 - parser - INFO - New data date: 2026-08-21 00:00:00
2026-08-25 09:55:30,697 - parser - INFO - Merging new data with master
2026-08-25 09:55:30,806 - parser - INFO - Combined data has 279 rows
2026-08-25 09:55:30,810 - __main__ - INFO - ==================================================
2026-08-25 09:55:30,810 - __main__ - INFO - STEP 3: Generating output files
2026-08-25 09:55:30,811 - __main__ - INFO - ==================================================
2026-08-25 09:55:30,811 - file_generator - INFO - Generating output files
2026-08-25 09:55:30,813 - file_generator - INFO - Creating DATA file: C:\Users\Mark Castro\Documents\bOACTAR\BOACTAR\output\20260825_095408\BOACTAR_DATA_20260825_095408.xlsx
2026-08-25 09:55:42,483 - file_generator - INFO - DATA file created with 279 data rows and 1157 columns
2026-08-25 09:55:42,488 - file_generator - INFO - Creating META file: C:\Users\Mark Castro\Documents\bOACTAR\BOACTAR\output\20260825_095408\BOACTAR_META_20260825_095408.xlsx
2026-08-25 09:55:42,670 - file_generator - INFO - META file created with 1157 entries
2026-08-25 09:55:42,670 - file_generator - INFO - Creating ZIP file: C:\Users\Mark Castro\Documents\bOACTAR\BOACTAR\output\20260825_095408\BOACTAR_20260825_095408.zip
2026-08-25 09:55:42,888 - file_generator - INFO - ZIP file created
2026-08-25 09:55:42,936 - file_generator - INFO - Copied files to latest folder
2026-08-25 09:55:42,937 - file_generator - INFO - Saving master data to: C:\Users\Mark Castro\Documents\bOACTAR\BOACTAR\Master_file\BOACTAR_DATA_20251229 (27).xlsx
2026-08-25 09:55:42,937 - file_generator - INFO - Creating DATA file: C:\Users\Mark Castro\Documents\bOACTAR\BOACTAR\Master_file\BOACTAR_DATA_20251229 (27).xlsx
2026-08-25 09:55:50,917 - file_generator - INFO - DATA file created with 279 data rows and 1157 columns
2026-08-25 09:55:50,922 - file_generator - INFO - Master data saved with 279 rows
2026-08-25 09:55:50,922 - file_generator - INFO - All output files generated successfully
2026-08-25 09:55:50,922 - __main__ - INFO - ==================================================
2026-08-25 09:55:50,922 - __main__ - INFO - STEP 4: Execution complete
2026-08-25 09:55:50,922 - __main__ - INFO - ==================================================
2026-08-25 09:55:50,926 - __main__ - INFO - Pipeline completed successfully
