2026-09-17 09:11:35,617 - logger_setup - INFO - Logging initialized - Level: INFO
2026-09-17 09:11:35,621 - logger_setup - INFO - Log file: C:\Users\Mark Castro\Documents\bOACTAR\BOACTAR\logs\20260917_091135\boactar_20260917_091135.log
2026-09-17 09:11:35,660 - __main__ - INFO - ==================================================
2026-09-17 09:11:35,675 - __main__ - INFO - STEP 1: Loading input data
2026-09-17 09:11:35,694 - __main__ - INFO - ==================================================
2026-09-17 09:11:35,711 - data_loader - INFO - Found 1 input file(s) in C:\Users\Mark Castro\Documents\bOACTAR\BOACTAR\input
2026-09-17 09:11:35,726 - data_loader - INFO - Loading file: 13018591.xlsm
2026-09-17 09:12:45,898 - data_loader - INFO - Data date: 2026-09-15
2026-09-17 09:12:45,901 - data_loader - INFO - Extracted 84 data rows
2026-09-17 09:12:45,902 - data_loader - INFO - Sorted 1 files by date (oldest to newest)
2026-09-17 09:12:45,902 - data_loader - INFO -   - 2026-09-15: 13018591.xlsm
2026-09-17 09:12:45,902 - __main__ - INFO - ==================================================
2026-09-17 09:12:45,903 - __main__ - INFO - STEP 2: Parsing and merging data
2026-09-17 09:12:45,903 - __main__ - INFO - ==================================================
2026-09-17 09:12:53,530 - parser - INFO - Loaded 1157 columns from master file
2026-09-17 09:12:53,530 - __main__ - INFO - Processing file 1/1: 13018591.xlsm
2026-09-17 09:12:53,531 - parser - WARNING - Unknown underlying: FTSE 100 (Z )
2026-09-17 09:12:53,531 - parser - WARNING - Unknown underlying: S&P/TSX 60 (PT)
2026-09-17 09:12:53,531 - parser - WARNING - Unknown underlying: FTSE China A50 (XU)
2026-09-17 09:12:53,532 - parser - WARNING - Unknown underlying: Australia 3yr Tsy Futures (YM)
2026-09-17 09:12:53,532 - parser - WARNING - Unknown underlying: Australia 10yr TSY Futures (XM)
2026-09-17 09:12:53,533 - parser - INFO - Mapped 79 assets to output columns
2026-09-17 09:12:53,533 - parser - INFO - Loading master data from C:\Users\Mark Castro\Documents\bOACTAR\BOACTAR\Master_file\BOACTAR_DATA_20251229 (27).xlsx
2026-09-17 09:13:01,231 - parser - INFO - Loaded 294 rows from master data
2026-09-17 09:13:01,238 - parser - INFO - Date range: 2025-06-26 00:00:00 to 2026-09-14 00:00:00
2026-09-17 09:13:01,244 - parser - INFO - Latest date in master: 2026-09-14 00:00:00
2026-09-17 09:13:01,244 - parser - INFO - New data date: 2026-09-15 00:00:00
2026-09-17 09:13:01,246 - parser - INFO - Merging new data with master
2026-09-17 09:13:01,385 - parser - INFO - Combined data has 295 rows
2026-09-17 09:13:01,392 - __main__ - INFO - ==================================================
2026-09-17 09:13:01,392 - __main__ - INFO - STEP 3: Generating output files
2026-09-17 09:13:01,393 - __main__ - INFO - ==================================================
2026-09-17 09:13:01,393 - file_generator - INFO - Generating output files
2026-09-17 09:13:01,396 - file_generator - INFO - Creating DATA file: C:\Users\Mark Castro\Documents\bOACTAR\BOACTAR\output\20260917_091135\BOACTAR_DATA_20260917_091135.xlsx
2026-09-17 09:13:11,833 - file_generator - INFO - DATA file created with 295 data rows and 1157 columns
2026-09-17 09:13:11,837 - file_generator - INFO - Creating META file: C:\Users\Mark Castro\Documents\bOACTAR\BOACTAR\output\20260917_091135\BOACTAR_META_20260917_091135.xlsx
2026-09-17 09:13:12,001 - file_generator - INFO - META file created with 1157 entries
2026-09-17 09:13:12,002 - file_generator - INFO - Creating ZIP file: C:\Users\Mark Castro\Documents\bOACTAR\BOACTAR\output\20260917_091135\BOACTAR_20260917_091135.zip
2026-09-17 09:13:12,183 - file_generator - INFO - ZIP file created
2026-09-17 09:13:12,210 - file_generator - INFO - Copied files to latest folder
2026-09-17 09:13:12,210 - file_generator - INFO - Saving master data to: C:\Users\Mark Castro\Documents\bOACTAR\BOACTAR\Master_file\BOACTAR_DATA_20251229 (27).xlsx
2026-09-17 09:13:12,210 - file_generator - INFO - Creating DATA file: C:\Users\Mark Castro\Documents\bOACTAR\BOACTAR\Master_file\BOACTAR_DATA_20251229 (27).xlsx
2026-09-17 09:13:21,894 - file_generator - INFO - DATA file created with 295 data rows and 1157 columns
2026-09-17 09:13:21,899 - file_generator - INFO - Master data saved with 295 rows
2026-09-17 09:13:21,899 - file_generator - INFO - All output files generated successfully
2026-09-17 09:13:21,901 - __main__ - INFO - ==================================================
2026-09-17 09:13:21,902 - __main__ - INFO - STEP 4: Execution complete
2026-09-17 09:13:21,902 - __main__ - INFO - ==================================================
2026-09-17 09:13:21,905 - __main__ - INFO - Pipeline completed successfully
