2026-09-09 09:52:46,782 - logger_setup - INFO - Logging initialized - Level: INFO
2026-09-09 09:52:46,783 - logger_setup - INFO - Log file: C:\Users\Mark Castro\Documents\bOACTAR\BOACTAR\logs\20260909_095246\boactar_20260909_095246.log
2026-09-09 09:52:46,785 - __main__ - INFO - ==================================================
2026-09-09 09:52:46,785 - __main__ - INFO - STEP 1: Loading input data
2026-09-09 09:52:46,785 - __main__ - INFO - ==================================================
2026-09-09 09:52:46,787 - data_loader - INFO - Found 1 input file(s) in C:\Users\Mark Castro\Documents\bOACTAR\BOACTAR\input
2026-09-09 09:52:46,788 - data_loader - INFO - Loading file: 13016281.xlsm
2026-09-09 09:53:18,706 - data_loader - INFO - Data date: 2026-09-07
2026-09-09 09:53:18,710 - data_loader - INFO - Extracted 84 data rows
2026-09-09 09:53:18,710 - data_loader - INFO - Sorted 1 files by date (oldest to newest)
2026-09-09 09:53:18,710 - data_loader - INFO -   - 2026-09-07: 13016281.xlsm
2026-09-09 09:53:18,711 - __main__ - INFO - ==================================================
2026-09-09 09:53:18,711 - __main__ - INFO - STEP 2: Parsing and merging data
2026-09-09 09:53:18,711 - __main__ - INFO - ==================================================
2026-09-09 09:53:25,280 - parser - INFO - Loaded 1157 columns from master file
2026-09-09 09:53:25,281 - __main__ - INFO - Processing file 1/1: 13016281.xlsm
2026-09-09 09:53:25,281 - parser - WARNING - Unknown underlying: FTSE 100 (Z )
2026-09-09 09:53:25,282 - parser - WARNING - Unknown underlying: S&P/TSX 60 (PT)
2026-09-09 09:53:25,282 - parser - WARNING - Unknown underlying: FTSE China A50 (XU)
2026-09-09 09:53:25,282 - parser - WARNING - Unknown underlying: Australia 3yr Tsy Futures (YM)
2026-09-09 09:53:25,283 - parser - WARNING - Unknown underlying: Australia 10yr TSY Futures (XM)
2026-09-09 09:53:25,284 - parser - INFO - Mapped 79 assets to output columns
2026-09-09 09:53:25,284 - parser - INFO - Loading master data from C:\Users\Mark Castro\Documents\bOACTAR\BOACTAR\Master_file\BOACTAR_DATA_20251229 (27).xlsx
2026-09-09 09:53:31,762 - parser - INFO - Loaded 287 rows from master data
2026-09-09 09:53:31,767 - parser - INFO - Date range: 2025-06-26 00:00:00 to 2026-09-02 00:00:00
2026-09-09 09:53:31,770 - parser - INFO - Latest date in master: 2026-09-02 00:00:00
2026-09-09 09:53:31,771 - parser - INFO - New data date: 2026-09-07 00:00:00
2026-09-09 09:53:31,772 - parser - INFO - Merging new data with master
2026-09-09 09:53:31,869 - parser - INFO - Combined data has 288 rows
2026-09-09 09:53:31,872 - __main__ - INFO - ==================================================
2026-09-09 09:53:31,873 - __main__ - INFO - STEP 3: Generating output files
2026-09-09 09:53:31,873 - __main__ - INFO - ==================================================
2026-09-09 09:53:31,873 - file_generator - INFO - Generating output files
2026-09-09 09:53:31,875 - file_generator - INFO - Creating DATA file: C:\Users\Mark Castro\Documents\bOACTAR\BOACTAR\output\20260909_095246\BOACTAR_DATA_20260909_095246.xlsx
2026-09-09 09:53:39,179 - file_generator - INFO - DATA file created with 288 data rows and 1157 columns
2026-09-09 09:53:39,183 - file_generator - INFO - Creating META file: C:\Users\Mark Castro\Documents\bOACTAR\BOACTAR\output\20260909_095246\BOACTAR_META_20260909_095246.xlsx
2026-09-09 09:53:39,339 - file_generator - INFO - META file created with 1157 entries
2026-09-09 09:53:39,339 - file_generator - INFO - Creating ZIP file: C:\Users\Mark Castro\Documents\bOACTAR\BOACTAR\output\20260909_095246\BOACTAR_20260909_095246.zip
2026-09-09 09:53:39,522 - file_generator - INFO - ZIP file created
2026-09-09 09:53:39,545 - file_generator - INFO - Copied files to latest folder
2026-09-09 09:53:39,545 - file_generator - INFO - Saving master data to: C:\Users\Mark Castro\Documents\bOACTAR\BOACTAR\Master_file\BOACTAR_DATA_20251229 (27).xlsx
2026-09-09 09:53:39,546 - file_generator - INFO - Creating DATA file: C:\Users\Mark Castro\Documents\bOACTAR\BOACTAR\Master_file\BOACTAR_DATA_20251229 (27).xlsx
2026-09-09 09:53:46,759 - file_generator - INFO - DATA file created with 288 data rows and 1157 columns
2026-09-09 09:53:46,763 - file_generator - INFO - Master data saved with 288 rows
2026-09-09 09:53:46,764 - file_generator - INFO - All output files generated successfully
2026-09-09 09:53:46,764 - __main__ - INFO - ==================================================
2026-09-09 09:53:46,765 - __main__ - INFO - STEP 4: Execution complete
2026-09-09 09:53:46,765 - __main__ - INFO - ==================================================
2026-09-09 09:53:46,767 - __main__ - INFO - Pipeline completed successfully
