2026-06-17 09:36:37,753 - logger_setup - INFO - Logging initialized - Level: INFO
2026-06-17 09:36:37,753 - logger_setup - INFO - Log file: C:\Users\Mark Castro\Documents\bOACTAR\BOACTAR\logs\20260617_093637\boactar_20260617_093637.log
2026-06-17 09:36:37,754 - __main__ - INFO - ==================================================
2026-06-17 09:36:37,754 - __main__ - INFO - STEP 1: Loading input data
2026-06-17 09:36:37,755 - __main__ - INFO - ==================================================
2026-06-17 09:36:37,756 - data_loader - INFO - Found 1 input file(s) in C:\Users\Mark Castro\Documents\bOACTAR\BOACTAR\input
2026-06-17 09:36:37,756 - data_loader - INFO - Loading file: 12984629.xlsm
2026-06-17 09:37:10,183 - data_loader - INFO - Data date: 2026-06-15
2026-06-17 09:37:10,188 - data_loader - INFO - Extracted 79 data rows
2026-06-17 09:37:10,188 - data_loader - INFO - Sorted 1 files by date (oldest to newest)
2026-06-17 09:37:10,188 - data_loader - INFO -   - 2026-06-15: 12984629.xlsm
2026-06-17 09:37:10,189 - __main__ - INFO - ==================================================
2026-06-17 09:37:10,189 - __main__ - INFO - STEP 2: Parsing and merging data
2026-06-17 09:37:10,190 - __main__ - INFO - ==================================================
2026-06-17 09:37:15,592 - parser - INFO - Loaded 1157 columns from master file
2026-06-17 09:37:15,593 - __main__ - INFO - Processing file 1/1: 12984629.xlsm
2026-06-17 09:37:15,594 - parser - INFO - Mapped 79 assets to output columns
2026-06-17 09:37:15,595 - parser - INFO - Loading master data from C:\Users\Mark Castro\Documents\bOACTAR\BOACTAR\Master_file\BOACTAR_DATA_20251229 (27).xlsx
2026-06-17 09:37:21,115 - parser - INFO - Loaded 237 rows from master data
2026-06-17 09:37:21,122 - parser - INFO - Date range: 2025-06-26 00:00:00 to 2026-06-12 00:00:00
2026-06-17 09:37:21,127 - parser - INFO - Latest date in master: 2026-06-12 00:00:00
2026-06-17 09:37:21,127 - parser - INFO - New data date: 2026-06-15 00:00:00
2026-06-17 09:37:21,129 - parser - INFO - Merging new data with master
2026-06-17 09:37:21,314 - parser - INFO - Combined data has 238 rows
2026-06-17 09:37:21,317 - __main__ - INFO - ==================================================
2026-06-17 09:37:21,317 - __main__ - INFO - STEP 3: Generating output files
2026-06-17 09:37:21,317 - __main__ - INFO - ==================================================
2026-06-17 09:37:21,318 - file_generator - INFO - Generating output files
2026-06-17 09:37:21,320 - file_generator - INFO - Creating DATA file: C:\Users\Mark Castro\Documents\bOACTAR\BOACTAR\output\20260617_093637\BOACTAR_DATA_20260617_093637.xlsx
2026-06-17 09:37:27,467 - file_generator - INFO - DATA file created with 238 data rows and 1157 columns
2026-06-17 09:37:27,468 - file_generator - INFO - Creating META file: C:\Users\Mark Castro\Documents\bOACTAR\BOACTAR\output\20260617_093637\BOACTAR_META_20260617_093637.xlsx
2026-06-17 09:37:27,629 - file_generator - INFO - META file created with 1157 entries
2026-06-17 09:37:27,630 - file_generator - INFO - Creating ZIP file: C:\Users\Mark Castro\Documents\bOACTAR\BOACTAR\output\20260617_093637\BOACTAR_20260617_093637.zip
2026-06-17 09:37:27,805 - file_generator - INFO - ZIP file created
2026-06-17 09:37:27,843 - file_generator - INFO - Copied files to latest folder
2026-06-17 09:37:27,844 - file_generator - INFO - Saving master data to: C:\Users\Mark Castro\Documents\bOACTAR\BOACTAR\Master_file\BOACTAR_DATA_20251229 (27).xlsx
2026-06-17 09:37:27,844 - file_generator - INFO - Creating DATA file: C:\Users\Mark Castro\Documents\bOACTAR\BOACTAR\Master_file\BOACTAR_DATA_20251229 (27).xlsx
2026-06-17 09:37:33,783 - file_generator - INFO - DATA file created with 238 data rows and 1157 columns
2026-06-17 09:37:33,783 - file_generator - INFO - Master data saved with 238 rows
2026-06-17 09:37:33,784 - file_generator - INFO - All output files generated successfully
2026-06-17 09:37:33,785 - __main__ - INFO - ==================================================
2026-06-17 09:37:33,785 - __main__ - INFO - STEP 4: Execution complete
2026-06-17 09:37:33,786 - __main__ - INFO - ==================================================
2026-06-17 09:37:33,787 - __main__ - INFO - Pipeline completed successfully
