2026-07-24 09:37:13,435 - logger_setup - INFO - Logging initialized - Level: INFO
2026-07-24 09:37:13,435 - logger_setup - INFO - Log file: C:\Users\Mark Castro\Documents\bOACTAR\BOACTAR\logs\20260724_093713\boactar_20260724_093713.log
2026-07-24 09:37:13,435 - __main__ - INFO - ==================================================
2026-07-24 09:37:13,435 - __main__ - INFO - STEP 1: Loading input data
2026-07-24 09:37:13,435 - __main__ - INFO - ==================================================
2026-07-24 09:37:13,435 - data_loader - INFO - Found 1 input file(s) in C:\Users\Mark Castro\Documents\bOACTAR\BOACTAR\input
2026-07-24 09:37:13,435 - data_loader - INFO - Loading file: 12997883.xlsm
2026-07-24 09:37:45,162 - data_loader - INFO - Data date: 2026-07-22
2026-07-24 09:37:45,162 - data_loader - INFO - Extracted 79 data rows
2026-07-24 09:37:45,162 - data_loader - INFO - Sorted 1 files by date (oldest to newest)
2026-07-24 09:37:45,162 - data_loader - INFO -   - 2026-07-22: 12997883.xlsm
2026-07-24 09:37:45,162 - __main__ - INFO - ==================================================
2026-07-24 09:37:45,162 - __main__ - INFO - STEP 2: Parsing and merging data
2026-07-24 09:37:45,162 - __main__ - INFO - ==================================================
2026-07-24 09:37:50,747 - parser - INFO - Loaded 1157 columns from master file
2026-07-24 09:37:50,747 - __main__ - INFO - Processing file 1/1: 12997883.xlsm
2026-07-24 09:37:50,747 - parser - INFO - Mapped 79 assets to output columns
2026-07-24 09:37:50,747 - parser - INFO - Loading master data from C:\Users\Mark Castro\Documents\bOACTAR\BOACTAR\Master_file\BOACTAR_DATA_20251229 (27).xlsx
2026-07-24 09:37:56,270 - parser - INFO - Loaded 259 rows from master data
2026-07-24 09:37:56,270 - parser - INFO - Date range: 2025-06-26 00:00:00 to 2026-07-21 00:00:00
2026-07-24 09:37:56,286 - parser - INFO - Latest date in master: 2026-07-21 00:00:00
2026-07-24 09:37:56,286 - parser - INFO - New data date: 2026-07-22 00:00:00
2026-07-24 09:37:56,286 - parser - INFO - Merging new data with master
2026-07-24 09:37:56,372 - parser - INFO - Combined data has 260 rows
2026-07-24 09:37:56,376 - __main__ - INFO - ==================================================
2026-07-24 09:37:56,377 - __main__ - INFO - STEP 3: Generating output files
2026-07-24 09:37:56,377 - __main__ - INFO - ==================================================
2026-07-24 09:37:56,377 - file_generator - INFO - Generating output files
2026-07-24 09:37:56,378 - file_generator - INFO - Creating DATA file: C:\Users\Mark Castro\Documents\bOACTAR\BOACTAR\output\20260724_093713\BOACTAR_DATA_20260724_093713.xlsx
2026-07-24 09:38:03,268 - file_generator - INFO - DATA file created with 260 data rows and 1157 columns
2026-07-24 09:38:03,268 - file_generator - INFO - Creating META file: C:\Users\Mark Castro\Documents\bOACTAR\BOACTAR\output\20260724_093713\BOACTAR_META_20260724_093713.xlsx
2026-07-24 09:38:03,410 - file_generator - INFO - META file created with 1157 entries
2026-07-24 09:38:03,410 - file_generator - INFO - Creating ZIP file: C:\Users\Mark Castro\Documents\bOACTAR\BOACTAR\output\20260724_093713\BOACTAR_20260724_093713.zip
2026-07-24 09:38:03,577 - file_generator - INFO - ZIP file created
2026-07-24 09:38:03,615 - file_generator - INFO - Copied files to latest folder
2026-07-24 09:38:03,615 - file_generator - INFO - Saving master data to: C:\Users\Mark Castro\Documents\bOACTAR\BOACTAR\Master_file\BOACTAR_DATA_20251229 (27).xlsx
2026-07-24 09:38:03,615 - file_generator - INFO - Creating DATA file: C:\Users\Mark Castro\Documents\bOACTAR\BOACTAR\Master_file\BOACTAR_DATA_20251229 (27).xlsx
2026-07-24 09:38:10,140 - file_generator - INFO - DATA file created with 260 data rows and 1157 columns
2026-07-24 09:38:10,140 - file_generator - INFO - Master data saved with 260 rows
2026-07-24 09:38:10,140 - file_generator - INFO - All output files generated successfully
2026-07-24 09:38:10,155 - __main__ - INFO - ==================================================
2026-07-24 09:38:10,155 - __main__ - INFO - STEP 4: Execution complete
2026-07-24 09:38:10,155 - __main__ - INFO - ==================================================
2026-07-24 09:38:10,158 - __main__ - INFO - Pipeline completed successfully
