2026-06-18 09:47:57,988 - logger_setup - INFO - Logging initialized - Level: INFO
2026-06-18 09:47:57,988 - logger_setup - INFO - Log file: C:\Users\Mark Castro\Documents\bOACTAR\BOACTAR\logs\20260618_094757\boactar_20260618_094757.log
2026-06-18 09:47:57,989 - __main__ - INFO - ==================================================
2026-06-18 09:47:57,989 - __main__ - INFO - STEP 1: Loading input data
2026-06-18 09:47:57,989 - __main__ - INFO - ==================================================
2026-06-18 09:47:57,990 - data_loader - INFO - Found 1 input file(s) in C:\Users\Mark Castro\Documents\bOACTAR\BOACTAR\input
2026-06-18 09:47:57,990 - data_loader - INFO - Loading file: 12984925.xlsm
2026-06-18 09:48:27,353 - data_loader - INFO - Data date: 2026-06-16
2026-06-18 09:48:27,356 - data_loader - INFO - Extracted 79 data rows
2026-06-18 09:48:27,357 - data_loader - INFO - Sorted 1 files by date (oldest to newest)
2026-06-18 09:48:27,357 - data_loader - INFO -   - 2026-06-16: 12984925.xlsm
2026-06-18 09:48:27,357 - __main__ - INFO - ==================================================
2026-06-18 09:48:27,357 - __main__ - INFO - STEP 2: Parsing and merging data
2026-06-18 09:48:27,358 - __main__ - INFO - ==================================================
2026-06-18 09:48:32,870 - parser - INFO - Loaded 1157 columns from master file
2026-06-18 09:48:32,870 - __main__ - INFO - Processing file 1/1: 12984925.xlsm
2026-06-18 09:48:32,871 - parser - INFO - Mapped 79 assets to output columns
2026-06-18 09:48:32,871 - parser - INFO - Loading master data from C:\Users\Mark Castro\Documents\bOACTAR\BOACTAR\Master_file\BOACTAR_DATA_20251229 (27).xlsx
2026-06-18 09:48:38,395 - parser - INFO - Loaded 238 rows from master data
2026-06-18 09:48:38,404 - parser - INFO - Date range: 2025-06-26 00:00:00 to 2026-06-15 00:00:00
2026-06-18 09:48:38,419 - parser - INFO - Latest date in master: 2026-06-15 00:00:00
2026-06-18 09:48:38,419 - parser - INFO - New data date: 2026-06-16 00:00:00
2026-06-18 09:48:38,423 - parser - INFO - Merging new data with master
2026-06-18 09:48:38,758 - parser - INFO - Combined data has 239 rows
2026-06-18 09:48:38,762 - __main__ - INFO - ==================================================
2026-06-18 09:48:38,762 - __main__ - INFO - STEP 3: Generating output files
2026-06-18 09:48:38,762 - __main__ - INFO - ==================================================
2026-06-18 09:48:38,763 - file_generator - INFO - Generating output files
2026-06-18 09:48:38,765 - file_generator - INFO - Creating DATA file: C:\Users\Mark Castro\Documents\bOACTAR\BOACTAR\output\20260618_094757\BOACTAR_DATA_20260618_094757.xlsx
2026-06-18 09:48:44,787 - file_generator - INFO - DATA file created with 239 data rows and 1157 columns
2026-06-18 09:48:44,788 - file_generator - INFO - Creating META file: C:\Users\Mark Castro\Documents\bOACTAR\BOACTAR\output\20260618_094757\BOACTAR_META_20260618_094757.xlsx
2026-06-18 09:48:44,969 - file_generator - INFO - META file created with 1157 entries
2026-06-18 09:48:44,969 - file_generator - INFO - Creating ZIP file: C:\Users\Mark Castro\Documents\bOACTAR\BOACTAR\output\20260618_094757\BOACTAR_20260618_094757.zip
2026-06-18 09:48:45,111 - file_generator - INFO - ZIP file created
2026-06-18 09:48:45,135 - file_generator - INFO - Copied files to latest folder
2026-06-18 09:48:45,135 - file_generator - INFO - Saving master data to: C:\Users\Mark Castro\Documents\bOACTAR\BOACTAR\Master_file\BOACTAR_DATA_20251229 (27).xlsx
2026-06-18 09:48:45,135 - file_generator - INFO - Creating DATA file: C:\Users\Mark Castro\Documents\bOACTAR\BOACTAR\Master_file\BOACTAR_DATA_20251229 (27).xlsx
2026-06-18 09:48:51,454 - file_generator - INFO - DATA file created with 239 data rows and 1157 columns
2026-06-18 09:48:51,455 - file_generator - INFO - Master data saved with 239 rows
2026-06-18 09:48:51,456 - file_generator - INFO - All output files generated successfully
2026-06-18 09:48:51,463 - __main__ - INFO - ==================================================
2026-06-18 09:48:51,469 - __main__ - INFO - STEP 4: Execution complete
2026-06-18 09:48:51,483 - __main__ - INFO - ==================================================
2026-06-18 09:48:51,551 - __main__ - INFO - Pipeline completed successfully
