2026-08-19 09:26:08,364 - logger_setup - INFO - Logging initialized - Level: INFO
2026-08-19 09:26:08,365 - logger_setup - INFO - Log file: C:\Users\Mark Castro\Documents\bOACTAR\BOACTAR\logs\20260819_092608\boactar_20260819_092608.log
2026-08-19 09:26:08,368 - __main__ - INFO - ==================================================
2026-08-19 09:26:08,368 - __main__ - INFO - STEP 1: Loading input data
2026-08-19 09:26:08,369 - __main__ - INFO - ==================================================
2026-08-19 09:26:08,372 - data_loader - INFO - Found 1 input file(s) in C:\Users\Mark Castro\Documents\bOACTAR\BOACTAR\input
2026-08-19 09:26:08,375 - data_loader - INFO - Loading file: 13009704.xlsm
2026-08-19 09:26:45,401 - data_loader - INFO - Data date: 2026-08-17
2026-08-19 09:26:45,407 - data_loader - INFO - Extracted 84 data rows
2026-08-19 09:26:45,407 - data_loader - INFO - Sorted 1 files by date (oldest to newest)
2026-08-19 09:26:45,407 - data_loader - INFO -   - 2026-08-17: 13009704.xlsm
2026-08-19 09:26:45,409 - __main__ - INFO - ==================================================
2026-08-19 09:26:45,411 - __main__ - INFO - STEP 2: Parsing and merging data
2026-08-19 09:26:45,411 - __main__ - INFO - ==================================================
2026-08-19 09:26:54,124 - parser - INFO - Loaded 1157 columns from master file
2026-08-19 09:26:54,126 - __main__ - INFO - Processing file 1/1: 13009704.xlsm
2026-08-19 09:26:54,127 - parser - WARNING - Unknown underlying: FTSE 100 (Z )
2026-08-19 09:26:54,127 - parser - WARNING - Unknown underlying: S&P/TSX 60 (PT)
2026-08-19 09:26:54,128 - parser - WARNING - Unknown underlying: FTSE China A50 (XU)
2026-08-19 09:26:54,128 - parser - WARNING - Unknown underlying: Australia 3yr Tsy Futures (YM)
2026-08-19 09:26:54,128 - parser - WARNING - Unknown underlying: Australia 10yr TSY Futures (XM)
2026-08-19 09:26:54,129 - parser - INFO - Mapped 79 assets to output columns
2026-08-19 09:26:54,129 - parser - INFO - Loading master data from C:\Users\Mark Castro\Documents\bOACTAR\BOACTAR\Master_file\BOACTAR_DATA_20251229 (27).xlsx
2026-08-19 09:27:02,935 - parser - INFO - Loaded 274 rows from master data
2026-08-19 09:27:02,943 - parser - INFO - Date range: 2025-06-26 00:00:00 to 2026-08-12 00:00:00
2026-08-19 09:27:02,949 - parser - INFO - Latest date in master: 2026-08-12 00:00:00
2026-08-19 09:27:02,949 - parser - INFO - New data date: 2026-08-17 00:00:00
2026-08-19 09:27:02,953 - parser - INFO - Merging new data with master
2026-08-19 09:27:03,224 - parser - INFO - Combined data has 275 rows
2026-08-19 09:27:03,229 - __main__ - INFO - ==================================================
2026-08-19 09:27:03,229 - __main__ - INFO - STEP 3: Generating output files
2026-08-19 09:27:03,229 - __main__ - INFO - ==================================================
2026-08-19 09:27:03,229 - file_generator - INFO - Generating output files
2026-08-19 09:27:03,235 - file_generator - INFO - Creating DATA file: C:\Users\Mark Castro\Documents\bOACTAR\BOACTAR\output\20260819_092608\BOACTAR_DATA_20260819_092608.xlsx
2026-08-19 09:27:15,705 - file_generator - INFO - DATA file created with 275 data rows and 1157 columns
2026-08-19 09:27:15,711 - file_generator - INFO - Creating META file: C:\Users\Mark Castro\Documents\bOACTAR\BOACTAR\output\20260819_092608\BOACTAR_META_20260819_092608.xlsx
2026-08-19 09:27:16,060 - file_generator - INFO - META file created with 1157 entries
2026-08-19 09:27:16,069 - file_generator - INFO - Creating ZIP file: C:\Users\Mark Castro\Documents\bOACTAR\BOACTAR\output\20260819_092608\BOACTAR_20260819_092608.zip
2026-08-19 09:27:16,796 - file_generator - INFO - ZIP file created
2026-08-19 09:27:16,834 - file_generator - INFO - Copied files to latest folder
2026-08-19 09:27:16,835 - file_generator - INFO - Saving master data to: C:\Users\Mark Castro\Documents\bOACTAR\BOACTAR\Master_file\BOACTAR_DATA_20251229 (27).xlsx
2026-08-19 09:27:16,836 - file_generator - INFO - Creating DATA file: C:\Users\Mark Castro\Documents\bOACTAR\BOACTAR\Master_file\BOACTAR_DATA_20251229 (27).xlsx
2026-08-19 09:27:26,537 - file_generator - INFO - DATA file created with 275 data rows and 1157 columns
2026-08-19 09:27:26,546 - file_generator - INFO - Master data saved with 275 rows
2026-08-19 09:27:26,547 - file_generator - INFO - All output files generated successfully
2026-08-19 09:27:26,553 - __main__ - INFO - ==================================================
2026-08-19 09:27:26,561 - __main__ - INFO - STEP 4: Execution complete
2026-08-19 09:27:26,571 - __main__ - INFO - ==================================================
2026-08-19 09:27:26,592 - __main__ - INFO - Pipeline completed successfully
