2026-05-11 11:06:27,491 - logger_setup - INFO - Logging initialized - Level: INFO
2026-05-11 11:06:27,492 - logger_setup - INFO - Log file: C:\Users\Mark Castro\Documents\bOACTAR\BOACTAR\logs\20260511_110627\boactar_20260511_110627.log
2026-05-11 11:06:27,497 - __main__ - INFO - ==================================================
2026-05-11 11:06:27,498 - __main__ - INFO - STEP 1: Loading input data
2026-05-11 11:06:27,498 - __main__ - INFO - ==================================================
2026-05-11 11:06:27,501 - data_loader - INFO - Found 1 input file(s) in C:\Users\Mark Castro\Documents\bOACTAR\BOACTAR\input
2026-05-11 11:06:27,502 - data_loader - INFO - Loading file: 12970662.xlsm
2026-05-11 11:07:05,844 - data_loader - INFO - Data date: 2026-05-06
2026-05-11 11:07:05,847 - data_loader - INFO - Extracted 79 data rows
2026-05-11 11:07:05,847 - data_loader - INFO - Sorted 1 files by date (oldest to newest)
2026-05-11 11:07:05,847 - data_loader - INFO -   - 2026-05-06: 12970662.xlsm
2026-05-11 11:07:05,847 - __main__ - INFO - ==================================================
2026-05-11 11:07:05,848 - __main__ - INFO - STEP 2: Parsing and merging data
2026-05-11 11:07:05,848 - __main__ - INFO - ==================================================
2026-05-11 11:07:10,622 - parser - INFO - Loaded 1157 columns from master file
2026-05-11 11:07:10,622 - __main__ - INFO - Processing file 1/1: 12970662.xlsm
2026-05-11 11:07:10,623 - parser - INFO - Mapped 79 assets to output columns
2026-05-11 11:07:10,624 - parser - INFO - Loading master data from C:\Users\Mark Castro\Documents\bOACTAR\BOACTAR\Master_file\BOACTAR_DATA_20251229 (27).xlsx
2026-05-11 11:07:15,193 - parser - INFO - Loaded 214 rows from master data
2026-05-11 11:07:15,195 - parser - INFO - Date range: 2025-06-26 00:00:00 to 2026-05-07 00:00:00
2026-05-11 11:07:15,198 - parser - INFO - Latest date in master: 2026-05-07 00:00:00
2026-05-11 11:07:15,199 - parser - INFO - New data date: 2026-05-06 00:00:00
2026-05-11 11:07:15,199 - parser - INFO - Data is not newer than master, skipping merge
2026-05-11 11:07:15,202 - __main__ - INFO - ==================================================
2026-05-11 11:07:15,203 - __main__ - INFO - STEP 3: Generating output files
2026-05-11 11:07:15,204 - __main__ - INFO - ==================================================
2026-05-11 11:07:15,204 - file_generator - INFO - Generating output files
2026-05-11 11:07:15,206 - file_generator - INFO - Creating DATA file: C:\Users\Mark Castro\Documents\bOACTAR\BOACTAR\output\20260511_110627\BOACTAR_DATA_20260511_110627.xlsx
2026-05-11 11:07:20,577 - file_generator - INFO - DATA file created with 214 data rows and 1157 columns
2026-05-11 11:07:20,577 - file_generator - INFO - Creating META file: C:\Users\Mark Castro\Documents\bOACTAR\BOACTAR\output\20260511_110627\BOACTAR_META_20260511_110627.xlsx
2026-05-11 11:07:20,749 - file_generator - INFO - META file created with 1157 entries
2026-05-11 11:07:20,749 - file_generator - INFO - Creating ZIP file: C:\Users\Mark Castro\Documents\bOACTAR\BOACTAR\output\20260511_110627\BOACTAR_20260511_110627.zip
2026-05-11 11:07:20,882 - file_generator - INFO - ZIP file created
2026-05-11 11:07:20,903 - file_generator - INFO - Copied files to latest folder
2026-05-11 11:07:20,903 - file_generator - INFO - Saving master data to: C:\Users\Mark Castro\Documents\bOACTAR\BOACTAR\Master_file\BOACTAR_DATA_20251229 (27).xlsx
2026-05-11 11:07:20,904 - file_generator - INFO - Creating DATA file: C:\Users\Mark Castro\Documents\bOACTAR\BOACTAR\Master_file\BOACTAR_DATA_20251229 (27).xlsx
2026-05-11 11:07:26,185 - file_generator - INFO - DATA file created with 214 data rows and 1157 columns
2026-05-11 11:07:26,186 - file_generator - INFO - Master data saved with 214 rows
2026-05-11 11:07:26,186 - file_generator - INFO - All output files generated successfully
2026-05-11 11:07:26,187 - __main__ - INFO - ==================================================
2026-05-11 11:07:26,187 - __main__ - INFO - STEP 4: Execution complete
2026-05-11 11:07:26,187 - __main__ - INFO - ==================================================
2026-05-11 11:07:26,190 - __main__ - INFO - Pipeline completed successfully
