2026-05-12 09:46:15,559 - logger_setup - INFO - Logging initialized - Level: INFO
2026-05-12 09:46:15,560 - logger_setup - INFO - Log file: C:\Users\Mark Castro\Documents\bOACTAR\BOACTAR\logs\20260512_094615\boactar_20260512_094615.log
2026-05-12 09:46:15,560 - __main__ - INFO - ==================================================
2026-05-12 09:46:15,561 - __main__ - INFO - STEP 1: Loading input data
2026-05-12 09:46:15,561 - __main__ - INFO - ==================================================
2026-05-12 09:46:15,562 - data_loader - INFO - Found 1 input file(s) in C:\Users\Mark Castro\Documents\bOACTAR\BOACTAR\input
2026-05-12 09:46:15,563 - data_loader - INFO - Loading file: 12972417 (2).xlsm
2026-05-12 09:46:55,869 - data_loader - INFO - Data date: 2026-05-08
2026-05-12 09:46:55,873 - data_loader - INFO - Extracted 79 data rows
2026-05-12 09:46:55,873 - data_loader - INFO - Sorted 1 files by date (oldest to newest)
2026-05-12 09:46:55,873 - data_loader - INFO -   - 2026-05-08: 12972417 (2).xlsm
2026-05-12 09:46:55,873 - __main__ - INFO - ==================================================
2026-05-12 09:46:55,874 - __main__ - INFO - STEP 2: Parsing and merging data
2026-05-12 09:46:55,875 - __main__ - INFO - ==================================================
2026-05-12 09:47:00,904 - parser - INFO - Loaded 1157 columns from master file
2026-05-12 09:47:00,904 - __main__ - INFO - Processing file 1/1: 12972417 (2).xlsm
2026-05-12 09:47:00,906 - parser - INFO - Mapped 79 assets to output columns
2026-05-12 09:47:00,906 - parser - INFO - Loading master data from C:\Users\Mark Castro\Documents\bOACTAR\BOACTAR\Master_file\BOACTAR_DATA_20251229 (27).xlsx
2026-05-12 09:47:05,918 - parser - INFO - Loaded 214 rows from master data
2026-05-12 09:47:05,924 - parser - INFO - Date range: 2025-06-26 00:00:00 to 2026-05-07 00:00:00
2026-05-12 09:47:05,928 - parser - INFO - Latest date in master: 2026-05-07 00:00:00
2026-05-12 09:47:05,928 - parser - INFO - New data date: 2026-05-08 00:00:00
2026-05-12 09:47:05,930 - parser - INFO - Merging new data with master
2026-05-12 09:47:06,042 - parser - INFO - Combined data has 215 rows
2026-05-12 09:47:06,045 - __main__ - INFO - ==================================================
2026-05-12 09:47:06,046 - __main__ - INFO - STEP 3: Generating output files
2026-05-12 09:47:06,046 - __main__ - INFO - ==================================================
2026-05-12 09:47:06,046 - file_generator - INFO - Generating output files
2026-05-12 09:47:06,047 - file_generator - INFO - Creating DATA file: C:\Users\Mark Castro\Documents\bOACTAR\BOACTAR\output\20260512_094615\BOACTAR_DATA_20260512_094615.xlsx
2026-05-12 09:47:11,209 - file_generator - INFO - DATA file created with 215 data rows and 1157 columns
2026-05-12 09:47:11,210 - file_generator - INFO - Creating META file: C:\Users\Mark Castro\Documents\bOACTAR\BOACTAR\output\20260512_094615\BOACTAR_META_20260512_094615.xlsx
2026-05-12 09:47:11,627 - file_generator - INFO - META file created with 1157 entries
2026-05-12 09:47:11,629 - file_generator - INFO - Creating ZIP file: C:\Users\Mark Castro\Documents\bOACTAR\BOACTAR\output\20260512_094615\BOACTAR_20260512_094615.zip
2026-05-12 09:47:11,931 - file_generator - INFO - ZIP file created
2026-05-12 09:47:11,959 - file_generator - INFO - Copied files to latest folder
2026-05-12 09:47:11,963 - file_generator - INFO - Saving master data to: C:\Users\Mark Castro\Documents\bOACTAR\BOACTAR\Master_file\BOACTAR_DATA_20251229 (27).xlsx
2026-05-12 09:47:11,963 - file_generator - INFO - Creating DATA file: C:\Users\Mark Castro\Documents\bOACTAR\BOACTAR\Master_file\BOACTAR_DATA_20251229 (27).xlsx
2026-05-12 09:47:17,486 - file_generator - INFO - DATA file created with 215 data rows and 1157 columns
2026-05-12 09:47:17,487 - file_generator - INFO - Master data saved with 215 rows
2026-05-12 09:47:17,487 - file_generator - INFO - All output files generated successfully
2026-05-12 09:47:17,488 - __main__ - INFO - ==================================================
2026-05-12 09:47:17,489 - __main__ - INFO - STEP 4: Execution complete
2026-05-12 09:47:17,489 - __main__ - INFO - ==================================================
2026-05-12 09:47:17,490 - __main__ - INFO - Pipeline completed successfully
