2026-09-15 09:28:28,207 - logger_setup - INFO - Logging initialized - Level: INFO
2026-09-15 09:28:28,215 - logger_setup - INFO - Log file: C:\Users\Mark Castro\Documents\bOACTAR\BOACTAR\logs\20260915_092828\boactar_20260915_092828.log
2026-09-15 09:28:28,303 - __main__ - INFO - ==================================================
2026-09-15 09:28:28,306 - __main__ - INFO - STEP 1: Loading input data
2026-09-15 09:28:28,342 - __main__ - INFO - ==================================================
2026-09-15 09:28:28,351 - data_loader - INFO - Found 2 input file(s) in C:\Users\Mark Castro\Documents\bOACTAR\BOACTAR\input
2026-09-15 09:28:28,353 - data_loader - INFO - Loading file: 13017496.xlsm
2026-09-15 09:29:49,104 - data_loader - INFO - Data date: 2026-09-10
2026-09-15 09:29:49,104 - data_loader - INFO - Extracted 84 data rows
2026-09-15 09:29:49,104 - data_loader - INFO - Loading file: 13017925.xlsm
2026-09-15 09:30:51,569 - data_loader - INFO - Data date: 2026-09-11
2026-09-15 09:30:51,578 - data_loader - INFO - Extracted 84 data rows
2026-09-15 09:30:51,578 - data_loader - INFO - Sorted 2 files by date (oldest to newest)
2026-09-15 09:30:51,582 - data_loader - INFO -   - 2026-09-10: 13017496.xlsm
2026-09-15 09:30:51,582 - data_loader - INFO -   - 2026-09-11: 13017925.xlsm
2026-09-15 09:30:51,584 - __main__ - INFO - ==================================================
2026-09-15 09:30:51,584 - __main__ - INFO - STEP 2: Parsing and merging data
2026-09-15 09:30:51,594 - __main__ - INFO - ==================================================
2026-09-15 09:31:04,916 - parser - INFO - Loaded 1157 columns from master file
2026-09-15 09:31:04,916 - __main__ - INFO - Processing file 1/2: 13017496.xlsm
2026-09-15 09:31:04,927 - parser - WARNING - Unknown underlying: FTSE 100 (Z )
2026-09-15 09:31:04,944 - parser - WARNING - Unknown underlying: S&P/TSX 60 (PT)
2026-09-15 09:31:04,954 - parser - WARNING - Unknown underlying: FTSE China A50 (XU)
2026-09-15 09:31:04,959 - parser - WARNING - Unknown underlying: Australia 3yr Tsy Futures (YM)
2026-09-15 09:31:04,961 - parser - WARNING - Unknown underlying: Australia 10yr TSY Futures (XM)
2026-09-15 09:31:04,969 - parser - INFO - Mapped 79 assets to output columns
2026-09-15 09:31:04,969 - parser - INFO - Loading master data from C:\Users\Mark Castro\Documents\bOACTAR\BOACTAR\Master_file\BOACTAR_DATA_20251229 (27).xlsx
2026-09-15 09:31:28,170 - parser - INFO - Loaded 291 rows from master data
2026-09-15 09:31:28,181 - parser - INFO - Date range: 2025-06-26 00:00:00 to 2026-09-09 00:00:00
2026-09-15 09:31:28,209 - parser - INFO - Latest date in master: 2026-09-09 00:00:00
2026-09-15 09:31:28,210 - parser - INFO - New data date: 2026-09-10 00:00:00
2026-09-15 09:31:28,218 - parser - INFO - Merging new data with master
2026-09-15 09:31:28,604 - parser - INFO - Combined data has 292 rows
2026-09-15 09:31:28,636 - __main__ - INFO - Processing file 2/2: 13017925.xlsm
2026-09-15 09:31:28,642 - parser - WARNING - Unknown underlying: FTSE 100 (Z )
2026-09-15 09:31:28,643 - parser - WARNING - Unknown underlying: S&P/TSX 60 (PT)
2026-09-15 09:31:28,644 - parser - WARNING - Unknown underlying: FTSE China A50 (XU)
2026-09-15 09:31:28,645 - parser - WARNING - Unknown underlying: Australia 3yr Tsy Futures (YM)
2026-09-15 09:31:28,648 - parser - WARNING - Unknown underlying: Australia 10yr TSY Futures (XM)
2026-09-15 09:31:28,659 - parser - INFO - Mapped 79 assets to output columns
2026-09-15 09:31:28,669 - parser - INFO - Using existing DataFrame with 292 rows
2026-09-15 09:31:28,674 - parser - INFO - Latest date in master: 2026-09-10 00:00:00
2026-09-15 09:31:28,682 - parser - INFO - New data date: 2026-09-11 00:00:00
2026-09-15 09:31:28,695 - parser - INFO - Merging new data with master
2026-09-15 09:31:29,225 - parser - INFO - Combined data has 293 rows
2026-09-15 09:31:29,409 - __main__ - INFO - ==================================================
2026-09-15 09:31:29,435 - __main__ - INFO - STEP 3: Generating output files
2026-09-15 09:31:29,440 - __main__ - INFO - ==================================================
2026-09-15 09:31:29,440 - file_generator - INFO - Generating output files
2026-09-15 09:31:29,619 - file_generator - INFO - Creating DATA file: C:\Users\Mark Castro\Documents\bOACTAR\BOACTAR\output\20260915_092828\BOACTAR_DATA_20260915_092828.xlsx
2026-09-15 09:31:55,311 - file_generator - INFO - DATA file created with 293 data rows and 1157 columns
2026-09-15 09:31:55,392 - file_generator - INFO - Creating META file: C:\Users\Mark Castro\Documents\bOACTAR\BOACTAR\output\20260915_092828\BOACTAR_META_20260915_092828.xlsx
2026-09-15 09:31:55,897 - file_generator - INFO - META file created with 1157 entries
2026-09-15 09:31:55,908 - file_generator - INFO - Creating ZIP file: C:\Users\Mark Castro\Documents\bOACTAR\BOACTAR\output\20260915_092828\BOACTAR_20260915_092828.zip
2026-09-15 09:31:56,329 - file_generator - INFO - ZIP file created
2026-09-15 09:31:56,368 - file_generator - INFO - Copied files to latest folder
2026-09-15 09:31:56,378 - file_generator - INFO - Saving master data to: C:\Users\Mark Castro\Documents\bOACTAR\BOACTAR\Master_file\BOACTAR_DATA_20251229 (27).xlsx
2026-09-15 09:31:56,444 - file_generator - INFO - Creating DATA file: C:\Users\Mark Castro\Documents\bOACTAR\BOACTAR\Master_file\BOACTAR_DATA_20251229 (27).xlsx
2026-09-15 09:32:20,711 - file_generator - INFO - DATA file created with 293 data rows and 1157 columns
2026-09-15 09:32:20,722 - file_generator - INFO - Master data saved with 293 rows
2026-09-15 09:32:20,723 - file_generator - INFO - All output files generated successfully
2026-09-15 09:32:20,862 - __main__ - INFO - ==================================================
2026-09-15 09:32:20,897 - __main__ - INFO - STEP 4: Execution complete
2026-09-15 09:32:20,928 - __main__ - INFO - ==================================================
2026-09-15 09:32:21,311 - __main__ - INFO - Pipeline completed successfully
