2026-08-07 08:53:05,174 - logger_setup - INFO - Logging initialized - Level: INFO
2026-08-07 08:53:05,175 - logger_setup - INFO - Log file: C:\Users\Mark Castro\Documents\bOACTAR\BOACTAR\logs\20260807_085305\boactar_20260807_085305.log
2026-08-07 08:53:05,177 - __main__ - INFO - ==================================================
2026-08-07 08:53:05,178 - __main__ - INFO - STEP 1: Loading input data
2026-08-07 08:53:05,179 - __main__ - INFO - ==================================================
2026-08-07 08:53:05,199 - data_loader - INFO - Found 1 input file(s) in C:\Users\Mark Castro\Documents\bOACTAR\BOACTAR\input
2026-08-07 08:53:05,208 - data_loader - INFO - Loading file: 13005051.xlsm
2026-08-07 08:53:53,350 - data_loader - INFO - Data date: 2026-08-05
2026-08-07 08:53:53,359 - data_loader - INFO - Extracted 84 data rows
2026-08-07 08:53:53,361 - data_loader - INFO - Sorted 1 files by date (oldest to newest)
2026-08-07 08:53:53,361 - data_loader - INFO -   - 2026-08-05: 13005051.xlsm
2026-08-07 08:53:53,364 - __main__ - INFO - ==================================================
2026-08-07 08:53:53,365 - __main__ - INFO - STEP 2: Parsing and merging data
2026-08-07 08:53:53,366 - __main__ - INFO - ==================================================
2026-08-07 08:54:01,217 - parser - INFO - Loaded 1157 columns from master file
2026-08-07 08:54:01,217 - __main__ - INFO - Processing file 1/1: 13005051.xlsm
2026-08-07 08:54:01,217 - parser - WARNING - Unknown underlying: FTSE 100 (Z )
2026-08-07 08:54:01,217 - parser - WARNING - Unknown underlying: S&P/TSX 60 (PT)
2026-08-07 08:54:01,220 - parser - WARNING - Unknown underlying: FTSE China A50 (XU)
2026-08-07 08:54:01,221 - parser - WARNING - Unknown underlying: Australia 3yr Tsy Futures (YM)
2026-08-07 08:54:01,221 - parser - WARNING - Unknown underlying: Australia 10yr TSY Futures (XM)
2026-08-07 08:54:01,221 - parser - INFO - Mapped 79 assets to output columns
2026-08-07 08:54:01,221 - parser - INFO - Loading master data from C:\Users\Mark Castro\Documents\bOACTAR\BOACTAR\Master_file\BOACTAR_DATA_20251229 (27).xlsx
2026-08-07 08:54:09,543 - parser - INFO - Loaded 268 rows from master data
2026-08-07 08:54:09,550 - parser - INFO - Date range: 2025-06-26 00:00:00 to 2026-08-04 00:00:00
2026-08-07 08:54:09,556 - parser - INFO - Latest date in master: 2026-08-04 00:00:00
2026-08-07 08:54:09,556 - parser - INFO - New data date: 2026-08-05 00:00:00
2026-08-07 08:54:09,559 - parser - INFO - Merging new data with master
2026-08-07 08:54:09,696 - parser - INFO - Combined data has 269 rows
2026-08-07 08:54:09,700 - __main__ - INFO - ==================================================
2026-08-07 08:54:09,700 - __main__ - INFO - STEP 3: Generating output files
2026-08-07 08:54:09,700 - __main__ - INFO - ==================================================
2026-08-07 08:54:09,701 - file_generator - INFO - Generating output files
2026-08-07 08:54:09,703 - file_generator - INFO - Creating DATA file: C:\Users\Mark Castro\Documents\bOACTAR\BOACTAR\output\20260807_085305\BOACTAR_DATA_20260807_085305.xlsx
2026-08-07 08:54:18,052 - file_generator - INFO - DATA file created with 269 data rows and 1157 columns
2026-08-07 08:54:18,052 - file_generator - INFO - Creating META file: C:\Users\Mark Castro\Documents\bOACTAR\BOACTAR\output\20260807_085305\BOACTAR_META_20260807_085305.xlsx
2026-08-07 08:54:18,253 - file_generator - INFO - META file created with 1157 entries
2026-08-07 08:54:18,258 - file_generator - INFO - Creating ZIP file: C:\Users\Mark Castro\Documents\bOACTAR\BOACTAR\output\20260807_085305\BOACTAR_20260807_085305.zip
2026-08-07 08:54:18,451 - file_generator - INFO - ZIP file created
2026-08-07 08:54:18,504 - file_generator - INFO - Copied files to latest folder
2026-08-07 08:54:18,504 - file_generator - INFO - Saving master data to: C:\Users\Mark Castro\Documents\bOACTAR\BOACTAR\Master_file\BOACTAR_DATA_20251229 (27).xlsx
2026-08-07 08:54:18,504 - file_generator - INFO - Creating DATA file: C:\Users\Mark Castro\Documents\bOACTAR\BOACTAR\Master_file\BOACTAR_DATA_20251229 (27).xlsx
2026-08-07 08:54:26,786 - file_generator - INFO - DATA file created with 269 data rows and 1157 columns
2026-08-07 08:54:26,793 - file_generator - INFO - Master data saved with 269 rows
2026-08-07 08:54:26,793 - file_generator - INFO - All output files generated successfully
2026-08-07 08:54:26,793 - __main__ - INFO - ==================================================
2026-08-07 08:54:26,797 - __main__ - INFO - STEP 4: Execution complete
2026-08-07 08:54:26,797 - __main__ - INFO - ==================================================
2026-08-07 08:54:26,805 - __main__ - INFO - Pipeline completed successfully
