2026-05-21 10:00:54,780 - logger_setup - INFO - Logging initialized - Level: INFO
2026-05-21 10:00:54,780 - logger_setup - INFO - Log file: C:\Users\Mark Castro\Documents\bOACTAR\BOACTAR\logs\20260521_100054\boactar_20260521_100054.log
2026-05-21 10:00:54,781 - __main__ - INFO - ==================================================
2026-05-21 10:00:54,782 - __main__ - INFO - STEP 1: Loading input data
2026-05-21 10:00:54,782 - __main__ - INFO - ==================================================
2026-05-21 10:00:54,783 - data_loader - INFO - Found 1 input file(s) in C:\Users\Mark Castro\Documents\bOACTAR\BOACTAR\input
2026-05-21 10:00:54,784 - data_loader - INFO - Loading file: 12976376.xlsm
2026-05-21 10:01:28,171 - data_loader - INFO - Data date: 2026-05-19
2026-05-21 10:01:28,174 - data_loader - INFO - Extracted 79 data rows
2026-05-21 10:01:28,174 - data_loader - INFO - Sorted 1 files by date (oldest to newest)
2026-05-21 10:01:28,174 - data_loader - INFO -   - 2026-05-19: 12976376.xlsm
2026-05-21 10:01:28,175 - __main__ - INFO - ==================================================
2026-05-21 10:01:28,175 - __main__ - INFO - STEP 2: Parsing and merging data
2026-05-21 10:01:28,175 - __main__ - INFO - ==================================================
2026-05-21 10:01:33,438 - parser - INFO - Loaded 1157 columns from master file
2026-05-21 10:01:33,438 - __main__ - INFO - Processing file 1/1: 12976376.xlsm
2026-05-21 10:01:33,439 - parser - INFO - Mapped 79 assets to output columns
2026-05-21 10:01:33,440 - parser - INFO - Loading master data from C:\Users\Mark Castro\Documents\bOACTAR\BOACTAR\Master_file\BOACTAR_DATA_20251229 (27).xlsx
2026-05-21 10:01:38,791 - parser - INFO - Loaded 220 rows from master data
2026-05-21 10:01:38,796 - parser - INFO - Date range: 2025-06-26 00:00:00 to 2026-05-18 00:00:00
2026-05-21 10:01:38,800 - parser - INFO - Latest date in master: 2026-05-18 00:00:00
2026-05-21 10:01:38,800 - parser - INFO - New data date: 2026-05-19 00:00:00
2026-05-21 10:01:38,802 - parser - INFO - Merging new data with master
2026-05-21 10:01:38,936 - parser - INFO - Combined data has 221 rows
2026-05-21 10:01:38,941 - __main__ - INFO - ==================================================
2026-05-21 10:01:38,942 - __main__ - INFO - STEP 3: Generating output files
2026-05-21 10:01:38,942 - __main__ - INFO - ==================================================
2026-05-21 10:01:38,943 - file_generator - INFO - Generating output files
2026-05-21 10:01:38,945 - file_generator - INFO - Creating DATA file: C:\Users\Mark Castro\Documents\bOACTAR\BOACTAR\output\20260521_100054\BOACTAR_DATA_20260521_100054.xlsx
2026-05-21 10:01:44,822 - file_generator - INFO - DATA file created with 221 data rows and 1157 columns
2026-05-21 10:01:44,823 - file_generator - INFO - Creating META file: C:\Users\Mark Castro\Documents\bOACTAR\BOACTAR\output\20260521_100054\BOACTAR_META_20260521_100054.xlsx
2026-05-21 10:01:45,069 - file_generator - INFO - META file created with 1157 entries
2026-05-21 10:01:45,069 - file_generator - INFO - Creating ZIP file: C:\Users\Mark Castro\Documents\bOACTAR\BOACTAR\output\20260521_100054\BOACTAR_20260521_100054.zip
2026-05-21 10:01:45,245 - file_generator - INFO - ZIP file created
2026-05-21 10:01:45,280 - file_generator - INFO - Copied files to latest folder
2026-05-21 10:01:45,280 - file_generator - INFO - Saving master data to: C:\Users\Mark Castro\Documents\bOACTAR\BOACTAR\Master_file\BOACTAR_DATA_20251229 (27).xlsx
2026-05-21 10:01:45,282 - file_generator - INFO - Creating DATA file: C:\Users\Mark Castro\Documents\bOACTAR\BOACTAR\Master_file\BOACTAR_DATA_20251229 (27).xlsx
2026-05-21 10:01:52,631 - file_generator - INFO - DATA file created with 221 data rows and 1157 columns
2026-05-21 10:01:52,632 - file_generator - INFO - Master data saved with 221 rows
2026-05-21 10:01:52,633 - file_generator - INFO - All output files generated successfully
2026-05-21 10:01:52,634 - __main__ - INFO - ==================================================
2026-05-21 10:01:52,635 - __main__ - INFO - STEP 4: Execution complete
2026-05-21 10:01:52,635 - __main__ - INFO - ==================================================
2026-05-21 10:01:52,642 - __main__ - INFO - Pipeline completed successfully
