2026-04-10 09:44:21,138 - logger_setup - INFO - Logging initialized - Level: INFO
2026-04-10 09:44:21,140 - logger_setup - INFO - Log file: C:\Users\Mark Castro\Documents\bOACTAR\BOACTAR\logs\20260410_094421\boactar_20260410_094421.log
2026-04-10 09:44:21,142 - __main__ - INFO - ==================================================
2026-04-10 09:44:21,143 - __main__ - INFO - STEP 1: Loading input data
2026-04-10 09:44:21,143 - __main__ - INFO - ==================================================
2026-04-10 09:44:21,144 - data_loader - INFO - Found 1 input file(s) in C:\Users\Mark Castro\Documents\bOACTAR\BOACTAR\input
2026-04-10 09:44:21,146 - data_loader - INFO - Loading file: 12957068.xlsm
2026-04-10 09:45:15,208 - data_loader - INFO - Data date: 2026-04-08
2026-04-10 09:45:15,211 - data_loader - INFO - Extracted 79 data rows
2026-04-10 09:45:15,212 - data_loader - INFO - Sorted 1 files by date (oldest to newest)
2026-04-10 09:45:15,212 - data_loader - INFO -   - 2026-04-08: 12957068.xlsm
2026-04-10 09:45:15,212 - __main__ - INFO - ==================================================
2026-04-10 09:45:15,213 - __main__ - INFO - STEP 2: Parsing and merging data
2026-04-10 09:45:15,213 - __main__ - INFO - ==================================================
2026-04-10 09:45:22,117 - parser - INFO - Loaded 1157 columns from master file
2026-04-10 09:45:22,118 - __main__ - INFO - Processing file 1/1: 12957068.xlsm
2026-04-10 09:45:22,122 - parser - INFO - Mapped 79 assets to output columns
2026-04-10 09:45:22,123 - parser - INFO - Loading master data from C:\Users\Mark Castro\Documents\bOACTAR\BOACTAR\Master_file\BOACTAR_DATA_20251229 (27).xlsx
2026-04-10 09:45:28,825 - parser - INFO - Loaded 193 rows from master data
2026-04-10 09:45:28,830 - parser - INFO - Date range: 2025-06-26 00:00:00 to 2026-04-07 00:00:00
2026-04-10 09:45:28,834 - parser - INFO - Latest date in master: 2026-04-07 00:00:00
2026-04-10 09:45:28,835 - parser - INFO - New data date: 2026-04-08 00:00:00
2026-04-10 09:45:28,837 - parser - INFO - Merging new data with master
2026-04-10 09:45:28,971 - parser - INFO - Combined data has 194 rows
2026-04-10 09:45:28,975 - __main__ - INFO - ==================================================
2026-04-10 09:45:28,975 - __main__ - INFO - STEP 3: Generating output files
2026-04-10 09:45:28,976 - __main__ - INFO - ==================================================
2026-04-10 09:45:28,976 - file_generator - INFO - Generating output files
2026-04-10 09:45:28,978 - file_generator - INFO - Creating DATA file: C:\Users\Mark Castro\Documents\bOACTAR\BOACTAR\output\20260410_094421\BOACTAR_DATA_20260410_094421.xlsx
2026-04-10 09:45:36,102 - file_generator - INFO - DATA file created with 194 data rows and 1157 columns
2026-04-10 09:45:36,107 - file_generator - INFO - Creating META file: C:\Users\Mark Castro\Documents\bOACTAR\BOACTAR\output\20260410_094421\BOACTAR_META_20260410_094421.xlsx
2026-04-10 09:45:36,365 - file_generator - INFO - META file created with 1157 entries
2026-04-10 09:45:36,366 - file_generator - INFO - Creating ZIP file: C:\Users\Mark Castro\Documents\bOACTAR\BOACTAR\output\20260410_094421\BOACTAR_20260410_094421.zip
2026-04-10 09:45:36,546 - file_generator - INFO - ZIP file created
2026-04-10 09:45:36,583 - file_generator - INFO - Copied files to latest folder
2026-04-10 09:45:36,585 - file_generator - INFO - Saving master data to: C:\Users\Mark Castro\Documents\bOACTAR\BOACTAR\Master_file\BOACTAR_DATA_20251229 (27).xlsx
2026-04-10 09:45:36,586 - file_generator - INFO - Creating DATA file: C:\Users\Mark Castro\Documents\bOACTAR\BOACTAR\Master_file\BOACTAR_DATA_20251229 (27).xlsx
2026-04-10 09:45:43,332 - file_generator - INFO - DATA file created with 194 data rows and 1157 columns
2026-04-10 09:45:43,336 - file_generator - INFO - Master data saved with 194 rows
2026-04-10 09:45:43,337 - file_generator - INFO - All output files generated successfully
2026-04-10 09:45:43,338 - __main__ - INFO - ==================================================
2026-04-10 09:45:43,340 - __main__ - INFO - STEP 4: Execution complete
2026-04-10 09:45:43,341 - __main__ - INFO - ==================================================
2026-04-10 09:45:43,351 - __main__ - INFO - Pipeline completed successfully
