2026-07-14 09:28:36,284 - logger_setup - INFO - Logging initialized - Level: INFO
2026-07-14 09:28:36,284 - logger_setup - INFO - Log file: C:\Users\Mark Castro\Documents\bOACTAR\BOACTAR\logs\20260714_092836\boactar_20260714_092836.log
2026-07-14 09:28:36,284 - __main__ - INFO - ==================================================
2026-07-14 09:28:36,284 - __main__ - INFO - STEP 1: Loading input data
2026-07-14 09:28:36,284 - __main__ - INFO - ==================================================
2026-07-14 09:28:36,300 - data_loader - INFO - Found 1 input file(s) in C:\Users\Mark Castro\Documents\bOACTAR\BOACTAR\input
2026-07-14 09:28:36,300 - data_loader - INFO - Loading file: 12993515.xlsm
2026-07-14 09:29:16,123 - data_loader - INFO - Data date: 2026-07-10
2026-07-14 09:29:16,126 - data_loader - INFO - Extracted 79 data rows
2026-07-14 09:29:16,126 - data_loader - INFO - Sorted 1 files by date (oldest to newest)
2026-07-14 09:29:16,127 - data_loader - INFO -   - 2026-07-10: 12993515.xlsm
2026-07-14 09:29:16,129 - __main__ - INFO - ==================================================
2026-07-14 09:29:16,129 - __main__ - INFO - STEP 2: Parsing and merging data
2026-07-14 09:29:16,133 - __main__ - INFO - ==================================================
2026-07-14 09:29:34,296 - parser - INFO - Loaded 1157 columns from master file
2026-07-14 09:29:34,296 - __main__ - INFO - Processing file 1/1: 12993515.xlsm
2026-07-14 09:29:34,296 - parser - INFO - Mapped 79 assets to output columns
2026-07-14 09:29:34,296 - parser - INFO - Loading master data from C:\Users\Mark Castro\Documents\bOACTAR\BOACTAR\Master_file\BOACTAR_DATA_20251229 (27).xlsx
2026-07-14 09:29:52,885 - parser - INFO - Loaded 252 rows from master data
2026-07-14 09:29:52,898 - parser - INFO - Date range: 2025-06-26 00:00:00 to 2026-07-08 00:00:00
2026-07-14 09:29:52,904 - parser - INFO - Latest date in master: 2026-07-08 00:00:00
2026-07-14 09:29:52,906 - parser - INFO - New data date: 2026-07-10 00:00:00
2026-07-14 09:29:52,908 - parser - INFO - Merging new data with master
2026-07-14 09:29:53,276 - parser - INFO - Combined data has 253 rows
2026-07-14 09:29:53,423 - __main__ - INFO - ==================================================
2026-07-14 09:29:53,440 - __main__ - INFO - STEP 3: Generating output files
2026-07-14 09:29:53,452 - __main__ - INFO - ==================================================
2026-07-14 09:29:53,465 - file_generator - INFO - Generating output files
2026-07-14 09:29:53,507 - file_generator - INFO - Creating DATA file: C:\Users\Mark Castro\Documents\bOACTAR\BOACTAR\output\20260714_092836\BOACTAR_DATA_20260714_092836.xlsx
2026-07-14 09:30:13,223 - file_generator - INFO - DATA file created with 253 data rows and 1157 columns
2026-07-14 09:30:13,223 - file_generator - INFO - Creating META file: C:\Users\Mark Castro\Documents\bOACTAR\BOACTAR\output\20260714_092836\BOACTAR_META_20260714_092836.xlsx
2026-07-14 09:30:13,870 - file_generator - INFO - META file created with 1157 entries
2026-07-14 09:30:13,876 - file_generator - INFO - Creating ZIP file: C:\Users\Mark Castro\Documents\bOACTAR\BOACTAR\output\20260714_092836\BOACTAR_20260714_092836.zip
2026-07-14 09:30:15,882 - file_generator - INFO - ZIP file created
2026-07-14 09:30:16,013 - file_generator - INFO - Copied files to latest folder
2026-07-14 09:30:16,018 - file_generator - INFO - Saving master data to: C:\Users\Mark Castro\Documents\bOACTAR\BOACTAR\Master_file\BOACTAR_DATA_20251229 (27).xlsx
2026-07-14 09:30:16,036 - file_generator - INFO - Creating DATA file: C:\Users\Mark Castro\Documents\bOACTAR\BOACTAR\Master_file\BOACTAR_DATA_20251229 (27).xlsx
2026-07-14 09:30:37,022 - file_generator - INFO - DATA file created with 253 data rows and 1157 columns
2026-07-14 09:30:37,022 - file_generator - INFO - Master data saved with 253 rows
2026-07-14 09:30:37,022 - file_generator - INFO - All output files generated successfully
2026-07-14 09:30:37,022 - __main__ - INFO - ==================================================
2026-07-14 09:30:37,022 - __main__ - INFO - STEP 4: Execution complete
2026-07-14 09:30:37,022 - __main__ - INFO - ==================================================
2026-07-14 09:30:37,051 - __main__ - INFO - Pipeline completed successfully
