2026-08-04 10:05:06,740 - logger_setup - INFO - Logging initialized - Level: INFO
2026-08-04 10:05:06,741 - logger_setup - INFO - Log file: C:\Users\Mark Castro\Documents\bOACTAR\BOACTAR\logs\20260804_100506\boactar_20260804_100506.log
2026-08-04 10:05:06,741 - __main__ - INFO - ==================================================
2026-08-04 10:05:06,742 - __main__ - INFO - STEP 1: Loading input data
2026-08-04 10:05:06,742 - __main__ - INFO - ==================================================
2026-08-04 10:05:06,743 - data_loader - INFO - Found 2 input file(s) in C:\Users\Mark Castro\Documents\bOACTAR\BOACTAR\input
2026-08-04 10:05:06,743 - data_loader - INFO - Loading file: 13002124 (1).xlsm
2026-08-04 10:05:50,098 - data_loader - INFO - Data date: 2026-07-30
2026-08-04 10:05:50,102 - data_loader - INFO - Extracted 84 data rows
2026-08-04 10:05:50,102 - data_loader - INFO - Loading file: 13003047.xlsm
2026-08-04 10:06:36,130 - data_loader - INFO - Data date: 2026-07-31
2026-08-04 10:06:36,140 - data_loader - INFO - Extracted 84 data rows
2026-08-04 10:06:36,141 - data_loader - INFO - Sorted 2 files by date (oldest to newest)
2026-08-04 10:06:36,141 - data_loader - INFO -   - 2026-07-30: 13002124 (1).xlsm
2026-08-04 10:06:36,141 - data_loader - INFO -   - 2026-07-31: 13003047.xlsm
2026-08-04 10:06:36,142 - __main__ - INFO - ==================================================
2026-08-04 10:06:36,143 - __main__ - INFO - STEP 2: Parsing and merging data
2026-08-04 10:06:36,143 - __main__ - INFO - ==================================================
2026-08-04 10:06:44,365 - parser - INFO - Loaded 1157 columns from master file
2026-08-04 10:06:44,365 - __main__ - INFO - Processing file 1/2: 13002124 (1).xlsm
2026-08-04 10:06:44,366 - parser - WARNING - Unknown underlying: FTSE 100 (Z )
2026-08-04 10:06:44,366 - parser - WARNING - Unknown underlying: S&P/TSX 60 (PT)
2026-08-04 10:06:44,366 - parser - WARNING - Unknown underlying: FTSE China A50 (XU)
2026-08-04 10:06:44,367 - parser - WARNING - Unknown underlying: Australia 3yr Tsy Futures (YM)
2026-08-04 10:06:44,367 - parser - WARNING - Unknown underlying: Australia 10yr TSY Futures (XM)
2026-08-04 10:06:44,368 - parser - INFO - Mapped 79 assets to output columns
2026-08-04 10:06:44,368 - parser - INFO - Loading master data from C:\Users\Mark Castro\Documents\bOACTAR\BOACTAR\Master_file\BOACTAR_DATA_20251229 (27).xlsx
2026-08-04 10:06:51,849 - parser - INFO - Loaded 264 rows from master data
2026-08-04 10:06:51,853 - parser - INFO - Date range: 2025-06-26 00:00:00 to 2026-07-29 00:00:00
2026-08-04 10:06:51,858 - parser - INFO - Latest date in master: 2026-07-29 00:00:00
2026-08-04 10:06:51,860 - parser - INFO - New data date: 2026-07-30 00:00:00
2026-08-04 10:06:51,860 - parser - INFO - Merging new data with master
2026-08-04 10:06:51,972 - parser - INFO - Combined data has 265 rows
2026-08-04 10:06:51,976 - __main__ - INFO - Processing file 2/2: 13003047.xlsm
2026-08-04 10:06:51,977 - parser - WARNING - Unknown underlying: FTSE 100 (Z )
2026-08-04 10:06:51,978 - parser - WARNING - Unknown underlying: S&P/TSX 60 (PT)
2026-08-04 10:06:51,979 - parser - WARNING - Unknown underlying: FTSE China A50 (XU)
2026-08-04 10:06:51,981 - parser - WARNING - Unknown underlying: Australia 3yr Tsy Futures (YM)
2026-08-04 10:06:51,982 - parser - WARNING - Unknown underlying: Australia 10yr TSY Futures (XM)
2026-08-04 10:06:51,983 - parser - INFO - Mapped 79 assets to output columns
2026-08-04 10:06:51,984 - parser - INFO - Using existing DataFrame with 265 rows
2026-08-04 10:06:51,987 - parser - INFO - Latest date in master: 2026-07-30 00:00:00
2026-08-04 10:06:51,988 - parser - INFO - New data date: 2026-07-31 00:00:00
2026-08-04 10:06:51,989 - parser - INFO - Merging new data with master
2026-08-04 10:06:52,141 - parser - INFO - Combined data has 266 rows
2026-08-04 10:06:52,146 - __main__ - INFO - ==================================================
2026-08-04 10:06:52,146 - __main__ - INFO - STEP 3: Generating output files
2026-08-04 10:06:52,147 - __main__ - INFO - ==================================================
2026-08-04 10:06:52,147 - file_generator - INFO - Generating output files
2026-08-04 10:06:52,150 - file_generator - INFO - Creating DATA file: C:\Users\Mark Castro\Documents\bOACTAR\BOACTAR\output\20260804_100506\BOACTAR_DATA_20260804_100506.xlsx
2026-08-04 10:07:01,377 - file_generator - INFO - DATA file created with 266 data rows and 1157 columns
2026-08-04 10:07:01,380 - file_generator - INFO - Creating META file: C:\Users\Mark Castro\Documents\bOACTAR\BOACTAR\output\20260804_100506\BOACTAR_META_20260804_100506.xlsx
2026-08-04 10:07:01,586 - file_generator - INFO - META file created with 1157 entries
2026-08-04 10:07:01,586 - file_generator - INFO - Creating ZIP file: C:\Users\Mark Castro\Documents\bOACTAR\BOACTAR\output\20260804_100506\BOACTAR_20260804_100506.zip
2026-08-04 10:07:01,803 - file_generator - INFO - ZIP file created
2026-08-04 10:07:01,845 - file_generator - INFO - Copied files to latest folder
2026-08-04 10:07:01,846 - file_generator - INFO - Saving master data to: C:\Users\Mark Castro\Documents\bOACTAR\BOACTAR\Master_file\BOACTAR_DATA_20251229 (27).xlsx
2026-08-04 10:07:01,846 - file_generator - INFO - Creating DATA file: C:\Users\Mark Castro\Documents\bOACTAR\BOACTAR\Master_file\BOACTAR_DATA_20251229 (27).xlsx
2026-08-04 10:07:10,906 - file_generator - INFO - DATA file created with 266 data rows and 1157 columns
2026-08-04 10:07:10,909 - file_generator - INFO - Master data saved with 266 rows
2026-08-04 10:07:10,910 - file_generator - INFO - All output files generated successfully
2026-08-04 10:07:10,910 - __main__ - INFO - ==================================================
2026-08-04 10:07:10,910 - __main__ - INFO - STEP 4: Execution complete
2026-08-04 10:07:10,917 - __main__ - INFO - ==================================================
2026-08-04 10:07:10,936 - __main__ - INFO - Pipeline completed successfully
