2026-05-27 09:58:11,758 - logger_setup - INFO - Logging initialized - Level: INFO
2026-05-27 09:58:11,758 - logger_setup - INFO - Log file: C:\Users\Mark Castro\Documents\bOACTAR\BOACTAR\logs\20260527_095811\boactar_20260527_095811.log
2026-05-27 09:58:11,758 - __main__ - INFO - ==================================================
2026-05-27 09:58:11,759 - __main__ - INFO - STEP 1: Loading input data
2026-05-27 09:58:11,759 - __main__ - INFO - ==================================================
2026-05-27 09:58:11,760 - data_loader - INFO - Found 1 input file(s) in C:\Users\Mark Castro\Documents\bOACTAR\BOACTAR\input
2026-05-27 09:58:11,760 - data_loader - INFO - Loading file: 12977257.xlsm
2026-05-27 09:58:43,468 - data_loader - INFO - Data date: 2026-05-21
2026-05-27 09:58:43,471 - data_loader - INFO - Extracted 79 data rows
2026-05-27 09:58:43,472 - data_loader - INFO - Sorted 1 files by date (oldest to newest)
2026-05-27 09:58:43,472 - data_loader - INFO -   - 2026-05-21: 12977257.xlsm
2026-05-27 09:58:43,472 - __main__ - INFO - ==================================================
2026-05-27 09:58:43,473 - __main__ - INFO - STEP 2: Parsing and merging data
2026-05-27 09:58:43,473 - __main__ - INFO - ==================================================
2026-05-27 09:58:49,222 - parser - INFO - Loaded 1157 columns from master file
2026-05-27 09:58:49,224 - __main__ - INFO - Processing file 1/1: 12977257.xlsm
2026-05-27 09:58:49,226 - parser - INFO - Mapped 79 assets to output columns
2026-05-27 09:58:49,227 - parser - INFO - Loading master data from C:\Users\Mark Castro\Documents\bOACTAR\BOACTAR\Master_file\BOACTAR_DATA_20251229 (27).xlsx
2026-05-27 09:58:54,341 - parser - INFO - Loaded 222 rows from master data
2026-05-27 09:58:54,348 - parser - INFO - Date range: 2025-06-26 00:00:00 to 2026-05-20 00:00:00
2026-05-27 09:58:54,351 - parser - INFO - Latest date in master: 2026-05-20 00:00:00
2026-05-27 09:58:54,352 - parser - INFO - New data date: 2026-05-21 00:00:00
2026-05-27 09:58:54,353 - parser - INFO - Merging new data with master
2026-05-27 09:58:54,467 - parser - INFO - Combined data has 223 rows
2026-05-27 09:58:54,470 - __main__ - INFO - ==================================================
2026-05-27 09:58:54,470 - __main__ - INFO - STEP 3: Generating output files
2026-05-27 09:58:54,471 - __main__ - INFO - ==================================================
2026-05-27 09:58:54,471 - file_generator - INFO - Generating output files
2026-05-27 09:58:54,473 - file_generator - INFO - Creating DATA file: C:\Users\Mark Castro\Documents\bOACTAR\BOACTAR\output\20260527_095811\BOACTAR_DATA_20260527_095811.xlsx
2026-05-27 09:58:59,643 - file_generator - INFO - DATA file created with 223 data rows and 1157 columns
2026-05-27 09:58:59,644 - file_generator - INFO - Creating META file: C:\Users\Mark Castro\Documents\bOACTAR\BOACTAR\output\20260527_095811\BOACTAR_META_20260527_095811.xlsx
2026-05-27 09:58:59,796 - file_generator - INFO - META file created with 1157 entries
2026-05-27 09:58:59,797 - file_generator - INFO - Creating ZIP file: C:\Users\Mark Castro\Documents\bOACTAR\BOACTAR\output\20260527_095811\BOACTAR_20260527_095811.zip
2026-05-27 09:58:59,938 - file_generator - INFO - ZIP file created
2026-05-27 09:58:59,989 - file_generator - INFO - Copied files to latest folder
2026-05-27 09:58:59,989 - file_generator - INFO - Saving master data to: C:\Users\Mark Castro\Documents\bOACTAR\BOACTAR\Master_file\BOACTAR_DATA_20251229 (27).xlsx
2026-05-27 09:58:59,989 - file_generator - INFO - Creating DATA file: C:\Users\Mark Castro\Documents\bOACTAR\BOACTAR\Master_file\BOACTAR_DATA_20251229 (27).xlsx
2026-05-27 09:59:05,820 - file_generator - INFO - DATA file created with 223 data rows and 1157 columns
2026-05-27 09:59:05,821 - file_generator - INFO - Master data saved with 223 rows
2026-05-27 09:59:05,821 - file_generator - INFO - All output files generated successfully
2026-05-27 09:59:05,822 - __main__ - INFO - ==================================================
2026-05-27 09:59:05,822 - __main__ - INFO - STEP 4: Execution complete
2026-05-27 09:59:05,822 - __main__ - INFO - ==================================================
2026-05-27 09:59:05,824 - __main__ - INFO - Pipeline completed successfully
