2026-09-01 09:23:09,202 - logger_setup - INFO - Logging initialized - Level: INFO
2026-09-01 09:23:09,202 - logger_setup - INFO - Log file: C:\Users\Mark Castro\Documents\bOACTAR\BOACTAR\logs\20260901_092309\boactar_20260901_092309.log
2026-09-01 09:23:09,202 - __main__ - INFO - ==================================================
2026-09-01 09:23:09,202 - __main__ - INFO - STEP 1: Loading input data
2026-09-01 09:23:09,202 - __main__ - INFO - ==================================================
2026-09-01 09:23:09,202 - data_loader - INFO - Found 2 input file(s) in C:\Users\Mark Castro\Documents\bOACTAR\BOACTAR\input
2026-09-01 09:23:09,212 - data_loader - INFO - Loading file: 13014042.xlsm
2026-09-01 09:23:56,432 - data_loader - INFO - Data date: 2026-08-28
2026-09-01 09:23:56,442 - data_loader - INFO - Extracted 84 data rows
2026-09-01 09:23:56,442 - data_loader - INFO - Loading file: 13013388.xlsm
2026-09-01 09:24:36,134 - data_loader - INFO - Data date: 2026-08-27
2026-09-01 09:24:36,134 - data_loader - INFO - Extracted 84 data rows
2026-09-01 09:24:36,134 - data_loader - INFO - Sorted 2 files by date (oldest to newest)
2026-09-01 09:24:36,134 - data_loader - INFO -   - 2026-08-27: 13013388.xlsm
2026-09-01 09:24:36,134 - data_loader - INFO -   - 2026-08-28: 13014042.xlsm
2026-09-01 09:24:36,134 - __main__ - INFO - ==================================================
2026-09-01 09:24:36,134 - __main__ - INFO - STEP 2: Parsing and merging data
2026-09-01 09:24:36,134 - __main__ - INFO - ==================================================
2026-09-01 09:24:42,146 - parser - INFO - Loaded 1157 columns from master file
2026-09-01 09:24:42,151 - __main__ - INFO - Processing file 1/2: 13013388.xlsm
2026-09-01 09:24:42,151 - parser - WARNING - Unknown underlying: FTSE 100 (Z )
2026-09-01 09:24:42,151 - parser - WARNING - Unknown underlying: S&P/TSX 60 (PT)
2026-09-01 09:24:42,151 - parser - WARNING - Unknown underlying: FTSE China A50 (XU)
2026-09-01 09:24:42,151 - parser - WARNING - Unknown underlying: Australia 3yr Tsy Futures (YM)
2026-09-01 09:24:42,151 - parser - WARNING - Unknown underlying: Australia 10yr TSY Futures (XM)
2026-09-01 09:24:42,151 - parser - INFO - Mapped 79 assets to output columns
2026-09-01 09:24:42,151 - parser - INFO - Loading master data from C:\Users\Mark Castro\Documents\bOACTAR\BOACTAR\Master_file\BOACTAR_DATA_20251229 (27).xlsx
2026-09-01 09:24:47,661 - parser - INFO - Loaded 282 rows from master data
2026-09-01 09:24:47,661 - parser - INFO - Date range: 2025-06-26 00:00:00 to 2026-08-26 00:00:00
2026-09-01 09:24:47,661 - parser - INFO - Latest date in master: 2026-08-26 00:00:00
2026-09-01 09:24:47,661 - parser - INFO - New data date: 2026-08-27 00:00:00
2026-09-01 09:24:47,661 - parser - INFO - Merging new data with master
2026-09-01 09:24:47,731 - parser - INFO - Combined data has 283 rows
2026-09-01 09:24:47,731 - __main__ - INFO - Processing file 2/2: 13014042.xlsm
2026-09-01 09:24:47,731 - parser - WARNING - Unknown underlying: FTSE 100 (Z )
2026-09-01 09:24:47,731 - parser - WARNING - Unknown underlying: S&P/TSX 60 (PT)
2026-09-01 09:24:47,731 - parser - WARNING - Unknown underlying: FTSE China A50 (XU)
2026-09-01 09:24:47,741 - parser - WARNING - Unknown underlying: Australia 3yr Tsy Futures (YM)
2026-09-01 09:24:47,742 - parser - WARNING - Unknown underlying: Australia 10yr TSY Futures (XM)
2026-09-01 09:24:47,743 - parser - INFO - Mapped 79 assets to output columns
2026-09-01 09:24:47,743 - parser - INFO - Using existing DataFrame with 283 rows
2026-09-01 09:24:47,744 - parser - INFO - Latest date in master: 2026-08-27 00:00:00
2026-09-01 09:24:47,744 - parser - INFO - New data date: 2026-08-28 00:00:00
2026-09-01 09:24:47,745 - parser - INFO - Merging new data with master
2026-09-01 09:24:47,816 - parser - INFO - Combined data has 284 rows
2026-09-01 09:24:47,819 - __main__ - INFO - ==================================================
2026-09-01 09:24:47,819 - __main__ - INFO - STEP 3: Generating output files
2026-09-01 09:24:47,819 - __main__ - INFO - ==================================================
2026-09-01 09:24:47,819 - file_generator - INFO - Generating output files
2026-09-01 09:24:47,821 - file_generator - INFO - Creating DATA file: C:\Users\Mark Castro\Documents\bOACTAR\BOACTAR\output\20260901_092309\BOACTAR_DATA_20260901_092309.xlsx
2026-09-01 09:24:55,895 - file_generator - INFO - DATA file created with 284 data rows and 1157 columns
2026-09-01 09:24:55,899 - file_generator - INFO - Creating META file: C:\Users\Mark Castro\Documents\bOACTAR\BOACTAR\output\20260901_092309\BOACTAR_META_20260901_092309.xlsx
2026-09-01 09:24:56,078 - file_generator - INFO - META file created with 1157 entries
2026-09-01 09:24:56,078 - file_generator - INFO - Creating ZIP file: C:\Users\Mark Castro\Documents\bOACTAR\BOACTAR\output\20260901_092309\BOACTAR_20260901_092309.zip
2026-09-01 09:24:56,251 - file_generator - INFO - ZIP file created
2026-09-01 09:24:56,283 - file_generator - INFO - Copied files to latest folder
2026-09-01 09:24:56,284 - file_generator - INFO - Saving master data to: C:\Users\Mark Castro\Documents\bOACTAR\BOACTAR\Master_file\BOACTAR_DATA_20251229 (27).xlsx
2026-09-01 09:24:56,284 - file_generator - INFO - Creating DATA file: C:\Users\Mark Castro\Documents\bOACTAR\BOACTAR\Master_file\BOACTAR_DATA_20251229 (27).xlsx
2026-09-01 09:25:07,306 - file_generator - INFO - DATA file created with 284 data rows and 1157 columns
2026-09-01 09:25:07,316 - file_generator - INFO - Master data saved with 284 rows
2026-09-01 09:25:07,316 - file_generator - INFO - All output files generated successfully
2026-09-01 09:25:07,316 - __main__ - INFO - ==================================================
2026-09-01 09:25:07,316 - __main__ - INFO - STEP 4: Execution complete
2026-09-01 09:25:07,316 - __main__ - INFO - ==================================================
2026-09-01 09:25:07,321 - __main__ - INFO - Pipeline completed successfully
