2026-04-23 09:47:50,129 - logger_setup - INFO - Logging initialized - Level: INFO
2026-04-23 09:47:50,134 - logger_setup - INFO - Log file: C:\Users\Mark Castro\Documents\bOACTAR\BOACTAR\logs\20260423_094750\boactar_20260423_094750.log
2026-04-23 09:47:50,137 - __main__ - INFO - ==================================================
2026-04-23 09:47:50,137 - __main__ - INFO - STEP 1: Loading input data
2026-04-23 09:47:50,137 - __main__ - INFO - ==================================================
2026-04-23 09:47:50,164 - data_loader - INFO - Found 1 input file(s) in C:\Users\Mark Castro\Documents\bOACTAR\BOACTAR\input
2026-04-23 09:47:50,168 - data_loader - INFO - Loading file: 12962233.xlsm
2026-04-23 09:48:32,457 - data_loader - INFO - Data date: 2026-04-21
2026-04-23 09:48:32,460 - data_loader - INFO - Extracted 79 data rows
2026-04-23 09:48:32,460 - data_loader - INFO - Sorted 1 files by date (oldest to newest)
2026-04-23 09:48:32,460 - data_loader - INFO -   - 2026-04-21: 12962233.xlsm
2026-04-23 09:48:32,461 - __main__ - INFO - ==================================================
2026-04-23 09:48:32,462 - __main__ - INFO - STEP 2: Parsing and merging data
2026-04-23 09:48:32,462 - __main__ - INFO - ==================================================
2026-04-23 09:48:39,662 - parser - INFO - Loaded 1157 columns from master file
2026-04-23 09:48:39,663 - __main__ - INFO - Processing file 1/1: 12962233.xlsm
2026-04-23 09:48:39,664 - parser - INFO - Mapped 79 assets to output columns
2026-04-23 09:48:39,665 - parser - INFO - Loading master data from C:\Users\Mark Castro\Documents\bOACTAR\BOACTAR\Master_file\BOACTAR_DATA_20251229 (27).xlsx
2026-04-23 09:48:45,665 - parser - INFO - Loaded 202 rows from master data
2026-04-23 09:48:45,671 - parser - INFO - Date range: 2025-06-26 00:00:00 to 2026-04-20 00:00:00
2026-04-23 09:48:45,676 - parser - INFO - Latest date in master: 2026-04-20 00:00:00
2026-04-23 09:48:45,676 - parser - INFO - New data date: 2026-04-21 00:00:00
2026-04-23 09:48:45,679 - parser - INFO - Merging new data with master
2026-04-23 09:48:45,825 - parser - INFO - Combined data has 203 rows
2026-04-23 09:48:45,828 - __main__ - INFO - ==================================================
2026-04-23 09:48:45,829 - __main__ - INFO - STEP 3: Generating output files
2026-04-23 09:48:45,829 - __main__ - INFO - ==================================================
2026-04-23 09:48:45,829 - file_generator - INFO - Generating output files
2026-04-23 09:48:45,831 - file_generator - INFO - Creating DATA file: C:\Users\Mark Castro\Documents\bOACTAR\BOACTAR\output\20260423_094750\BOACTAR_DATA_20260423_094750.xlsx
2026-04-23 09:48:51,994 - file_generator - INFO - DATA file created with 203 data rows and 1157 columns
2026-04-23 09:48:51,995 - file_generator - INFO - Creating META file: C:\Users\Mark Castro\Documents\bOACTAR\BOACTAR\output\20260423_094750\BOACTAR_META_20260423_094750.xlsx
2026-04-23 09:48:52,288 - file_generator - INFO - META file created with 1157 entries
2026-04-23 09:48:52,289 - file_generator - INFO - Creating ZIP file: C:\Users\Mark Castro\Documents\bOACTAR\BOACTAR\output\20260423_094750\BOACTAR_20260423_094750.zip
2026-04-23 09:48:52,546 - file_generator - INFO - ZIP file created
2026-04-23 09:48:52,576 - file_generator - INFO - Copied files to latest folder
2026-04-23 09:48:52,578 - file_generator - INFO - Saving master data to: C:\Users\Mark Castro\Documents\bOACTAR\BOACTAR\Master_file\BOACTAR_DATA_20251229 (27).xlsx
2026-04-23 09:48:52,579 - file_generator - INFO - Creating DATA file: C:\Users\Mark Castro\Documents\bOACTAR\BOACTAR\Master_file\BOACTAR_DATA_20251229 (27).xlsx
2026-04-23 09:48:59,743 - file_generator - INFO - DATA file created with 203 data rows and 1157 columns
2026-04-23 09:48:59,744 - file_generator - INFO - Master data saved with 203 rows
2026-04-23 09:48:59,745 - file_generator - INFO - All output files generated successfully
2026-04-23 09:48:59,748 - __main__ - INFO - ==================================================
2026-04-23 09:48:59,749 - __main__ - INFO - STEP 4: Execution complete
2026-04-23 09:48:59,753 - __main__ - INFO - ==================================================
2026-04-23 09:48:59,755 - __main__ - INFO - Pipeline completed successfully
