2026-04-24 09:19:20,989 - logger_setup - INFO - Logging initialized - Level: INFO
2026-04-24 09:19:20,989 - logger_setup - INFO - Log file: C:\Users\Mark Castro\Documents\bOACTAR\BOACTAR\logs\20260424_091920\boactar_20260424_091920.log
2026-04-24 09:19:20,992 - __main__ - INFO - ==================================================
2026-04-24 09:19:20,993 - __main__ - INFO - STEP 1: Loading input data
2026-04-24 09:19:20,994 - __main__ - INFO - ==================================================
2026-04-24 09:19:20,996 - data_loader - INFO - Found 1 input file(s) in C:\Users\Mark Castro\Documents\bOACTAR\BOACTAR\input
2026-04-24 09:19:20,998 - data_loader - INFO - Loading file: 12962971.xlsm
2026-04-24 09:20:30,619 - data_loader - INFO - Data date: 2026-04-22
2026-04-24 09:20:30,625 - data_loader - INFO - Extracted 79 data rows
2026-04-24 09:20:30,625 - data_loader - INFO - Sorted 1 files by date (oldest to newest)
2026-04-24 09:20:30,626 - data_loader - INFO -   - 2026-04-22: 12962971.xlsm
2026-04-24 09:20:30,628 - __main__ - INFO - ==================================================
2026-04-24 09:20:30,629 - __main__ - INFO - STEP 2: Parsing and merging data
2026-04-24 09:20:30,630 - __main__ - INFO - ==================================================
2026-04-24 09:20:42,421 - parser - INFO - Loaded 1157 columns from master file
2026-04-24 09:20:42,422 - __main__ - INFO - Processing file 1/1: 12962971.xlsm
2026-04-24 09:20:42,424 - parser - INFO - Mapped 79 assets to output columns
2026-04-24 09:20:42,424 - parser - INFO - Loading master data from C:\Users\Mark Castro\Documents\bOACTAR\BOACTAR\Master_file\BOACTAR_DATA_20251229 (27).xlsx
2026-04-24 09:20:49,960 - parser - INFO - Loaded 203 rows from master data
2026-04-24 09:20:49,965 - parser - INFO - Date range: 2025-06-26 00:00:00 to 2026-04-21 00:00:00
2026-04-24 09:20:49,969 - parser - INFO - Latest date in master: 2026-04-21 00:00:00
2026-04-24 09:20:49,970 - parser - INFO - New data date: 2026-04-22 00:00:00
2026-04-24 09:20:49,973 - parser - INFO - Merging new data with master
2026-04-24 09:20:50,105 - parser - INFO - Combined data has 204 rows
2026-04-24 09:20:50,109 - __main__ - INFO - ==================================================
2026-04-24 09:20:50,109 - __main__ - INFO - STEP 3: Generating output files
2026-04-24 09:20:50,109 - __main__ - INFO - ==================================================
2026-04-24 09:20:50,110 - file_generator - INFO - Generating output files
2026-04-24 09:20:50,111 - file_generator - INFO - Creating DATA file: C:\Users\Mark Castro\Documents\bOACTAR\BOACTAR\output\20260424_091920\BOACTAR_DATA_20260424_091920.xlsx
2026-04-24 09:20:57,900 - file_generator - INFO - DATA file created with 204 data rows and 1157 columns
2026-04-24 09:20:57,900 - file_generator - INFO - Creating META file: C:\Users\Mark Castro\Documents\bOACTAR\BOACTAR\output\20260424_091920\BOACTAR_META_20260424_091920.xlsx
2026-04-24 09:20:58,159 - file_generator - INFO - META file created with 1157 entries
2026-04-24 09:20:58,162 - file_generator - INFO - Creating ZIP file: C:\Users\Mark Castro\Documents\bOACTAR\BOACTAR\output\20260424_091920\BOACTAR_20260424_091920.zip
2026-04-24 09:20:58,344 - file_generator - INFO - ZIP file created
2026-04-24 09:20:58,378 - file_generator - INFO - Copied files to latest folder
2026-04-24 09:20:58,379 - file_generator - INFO - Saving master data to: C:\Users\Mark Castro\Documents\bOACTAR\BOACTAR\Master_file\BOACTAR_DATA_20251229 (27).xlsx
2026-04-24 09:20:58,379 - file_generator - INFO - Creating DATA file: C:\Users\Mark Castro\Documents\bOACTAR\BOACTAR\Master_file\BOACTAR_DATA_20251229 (27).xlsx
2026-04-24 09:21:06,587 - file_generator - INFO - DATA file created with 204 data rows and 1157 columns
2026-04-24 09:21:06,588 - file_generator - INFO - Master data saved with 204 rows
2026-04-24 09:21:06,589 - file_generator - INFO - All output files generated successfully
2026-04-24 09:21:06,589 - __main__ - INFO - ==================================================
2026-04-24 09:21:06,590 - __main__ - INFO - STEP 4: Execution complete
2026-04-24 09:21:06,590 - __main__ - INFO - ==================================================
2026-04-24 09:21:06,592 - __main__ - INFO - Pipeline completed successfully
