2026-07-07 09:02:24,840 - logger_setup - INFO - Logging initialized - Level: INFO
2026-07-07 09:02:24,840 - logger_setup - INFO - Log file: C:\Users\Mark Castro\Documents\bOACTAR\BOACTAR\logs\20260707_090224\boactar_20260707_090224.log
2026-07-07 09:02:24,840 - __main__ - INFO - ==================================================
2026-07-07 09:02:24,840 - __main__ - INFO - STEP 1: Loading input data
2026-07-07 09:02:24,840 - __main__ - INFO - ==================================================
2026-07-07 09:02:24,840 - data_loader - INFO - Found 1 input file(s) in C:\Users\Mark Castro\Documents\bOACTAR\BOACTAR\input
2026-07-07 09:02:24,840 - data_loader - INFO - Loading file: 12990868.xlsm
2026-07-07 09:02:56,174 - data_loader - INFO - Data date: 2026-07-03
2026-07-07 09:02:56,190 - data_loader - INFO - Extracted 79 data rows
2026-07-07 09:02:56,190 - data_loader - INFO - Sorted 1 files by date (oldest to newest)
2026-07-07 09:02:56,190 - data_loader - INFO -   - 2026-07-03: 12990868.xlsm
2026-07-07 09:02:56,190 - __main__ - INFO - ==================================================
2026-07-07 09:02:56,190 - __main__ - INFO - STEP 2: Parsing and merging data
2026-07-07 09:02:56,190 - __main__ - INFO - ==================================================
2026-07-07 09:03:01,828 - parser - INFO - Loaded 1157 columns from master file
2026-07-07 09:03:01,828 - __main__ - INFO - Processing file 1/1: 12990868.xlsm
2026-07-07 09:03:01,828 - parser - INFO - Mapped 79 assets to output columns
2026-07-07 09:03:01,844 - parser - INFO - Loading master data from C:\Users\Mark Castro\Documents\bOACTAR\BOACTAR\Master_file\BOACTAR_DATA_20251229 (27).xlsx
2026-07-07 09:03:07,330 - parser - INFO - Loaded 248 rows from master data
2026-07-07 09:03:07,330 - parser - INFO - Date range: 2025-06-26 00:00:00 to 2026-07-01 00:00:00
2026-07-07 09:03:07,340 - parser - INFO - Latest date in master: 2026-07-01 00:00:00
2026-07-07 09:03:07,340 - parser - INFO - New data date: 2026-07-03 00:00:00
2026-07-07 09:03:07,342 - parser - INFO - Merging new data with master
2026-07-07 09:03:07,443 - parser - INFO - Combined data has 249 rows
2026-07-07 09:03:07,443 - __main__ - INFO - ==================================================
2026-07-07 09:03:07,443 - __main__ - INFO - STEP 3: Generating output files
2026-07-07 09:03:07,443 - __main__ - INFO - ==================================================
2026-07-07 09:03:07,443 - file_generator - INFO - Generating output files
2026-07-07 09:03:07,443 - file_generator - INFO - Creating DATA file: C:\Users\Mark Castro\Documents\bOACTAR\BOACTAR\output\20260707_090224\BOACTAR_DATA_20260707_090224.xlsx
2026-07-07 09:03:14,153 - file_generator - INFO - DATA file created with 249 data rows and 1157 columns
2026-07-07 09:03:14,195 - file_generator - INFO - Creating META file: C:\Users\Mark Castro\Documents\bOACTAR\BOACTAR\output\20260707_090224\BOACTAR_META_20260707_090224.xlsx
2026-07-07 09:03:14,496 - file_generator - INFO - META file created with 1157 entries
2026-07-07 09:03:14,496 - file_generator - INFO - Creating ZIP file: C:\Users\Mark Castro\Documents\bOACTAR\BOACTAR\output\20260707_090224\BOACTAR_20260707_090224.zip
2026-07-07 09:03:14,647 - file_generator - INFO - ZIP file created
2026-07-07 09:03:14,683 - file_generator - INFO - Copied files to latest folder
2026-07-07 09:03:14,683 - file_generator - INFO - Saving master data to: C:\Users\Mark Castro\Documents\bOACTAR\BOACTAR\Master_file\BOACTAR_DATA_20251229 (27).xlsx
2026-07-07 09:03:14,683 - file_generator - INFO - Creating DATA file: C:\Users\Mark Castro\Documents\bOACTAR\BOACTAR\Master_file\BOACTAR_DATA_20251229 (27).xlsx
2026-07-07 09:03:21,342 - file_generator - INFO - DATA file created with 249 data rows and 1157 columns
2026-07-07 09:03:21,342 - file_generator - INFO - Master data saved with 249 rows
2026-07-07 09:03:21,342 - file_generator - INFO - All output files generated successfully
2026-07-07 09:03:21,342 - __main__ - INFO - ==================================================
2026-07-07 09:03:21,342 - __main__ - INFO - STEP 4: Execution complete
2026-07-07 09:03:21,342 - __main__ - INFO - ==================================================
2026-07-07 09:03:21,342 - __main__ - INFO - Pipeline completed successfully
