2026-08-04 09:24:10,203 - logger_setup - INFO - Logging initialized - Level: INFO
2026-08-04 09:24:10,203 - logger_setup - INFO - Log file: C:\Users\Mark Castro\Documents\bOACTAR\BOACTAR\logs\20260804_092410\boactar_20260804_092410.log
2026-08-04 09:24:10,204 - __main__ - INFO - ==================================================
2026-08-04 09:24:10,205 - __main__ - INFO - STEP 1: Loading input data
2026-08-04 09:24:10,205 - __main__ - INFO - ==================================================
2026-08-04 09:24:10,206 - data_loader - INFO - Found 1 input file(s) in C:\Users\Mark Castro\Documents\bOACTAR\BOACTAR\input
2026-08-04 09:24:10,207 - data_loader - INFO - Loading file: 13003047.xlsm
2026-08-04 09:24:59,080 - data_loader - INFO - Data date: 2026-07-31
2026-08-04 09:24:59,084 - data_loader - INFO - Extracted 84 data rows
2026-08-04 09:24:59,085 - data_loader - INFO - Sorted 1 files by date (oldest to newest)
2026-08-04 09:24:59,085 - data_loader - INFO -   - 2026-07-31: 13003047.xlsm
2026-08-04 09:24:59,086 - __main__ - INFO - ==================================================
2026-08-04 09:24:59,086 - __main__ - INFO - STEP 2: Parsing and merging data
2026-08-04 09:24:59,087 - __main__ - INFO - ==================================================
2026-08-04 09:25:05,789 - parser - INFO - Loaded 1157 columns from master file
2026-08-04 09:25:05,790 - __main__ - INFO - Processing file 1/1: 13003047.xlsm
2026-08-04 09:25:05,790 - parser - WARNING - Unknown underlying: FTSE 100 (Z )
2026-08-04 09:25:05,791 - parser - WARNING - Unknown underlying: S&P/TSX 60 (PT)
2026-08-04 09:25:05,791 - parser - WARNING - Unknown underlying: FTSE China A50 (XU)
2026-08-04 09:25:05,791 - parser - WARNING - Unknown underlying: Australia 3yr Tsy Futures (YM)
2026-08-04 09:25:05,792 - parser - WARNING - Unknown underlying: Australia 10yr TSY Futures (XM)
2026-08-04 09:25:05,793 - parser - INFO - Mapped 79 assets to output columns
2026-08-04 09:25:05,793 - parser - INFO - Loading master data from C:\Users\Mark Castro\Documents\bOACTAR\BOACTAR\Master_file\BOACTAR_DATA_20251229 (27).xlsx
2026-08-04 09:25:13,168 - parser - INFO - Loaded 264 rows from master data
2026-08-04 09:25:13,183 - parser - INFO - Date range: 2025-06-26 00:00:00 to 2026-07-29 00:00:00
2026-08-04 09:25:13,188 - parser - INFO - Latest date in master: 2026-07-29 00:00:00
2026-08-04 09:25:13,188 - parser - INFO - New data date: 2026-07-31 00:00:00
2026-08-04 09:25:13,193 - parser - INFO - Merging new data with master
2026-08-04 09:25:13,304 - parser - INFO - Combined data has 265 rows
2026-08-04 09:25:13,308 - __main__ - INFO - ==================================================
2026-08-04 09:25:13,308 - __main__ - INFO - STEP 3: Generating output files
2026-08-04 09:25:13,308 - __main__ - INFO - ==================================================
2026-08-04 09:25:13,311 - file_generator - INFO - Generating output files
2026-08-04 09:25:13,313 - file_generator - INFO - Creating DATA file: C:\Users\Mark Castro\Documents\bOACTAR\BOACTAR\output\20260804_092410\BOACTAR_DATA_20260804_092410.xlsx
2026-08-04 09:25:19,913 - file_generator - INFO - DATA file created with 265 data rows and 1157 columns
2026-08-04 09:25:19,917 - file_generator - INFO - Creating META file: C:\Users\Mark Castro\Documents\bOACTAR\BOACTAR\output\20260804_092410\BOACTAR_META_20260804_092410.xlsx
2026-08-04 09:25:20,148 - file_generator - INFO - META file created with 1157 entries
2026-08-04 09:25:20,149 - file_generator - INFO - Creating ZIP file: C:\Users\Mark Castro\Documents\bOACTAR\BOACTAR\output\20260804_092410\BOACTAR_20260804_092410.zip
2026-08-04 09:25:20,315 - file_generator - INFO - ZIP file created
2026-08-04 09:25:20,345 - file_generator - INFO - Copied files to latest folder
2026-08-04 09:25:20,346 - file_generator - INFO - Saving master data to: C:\Users\Mark Castro\Documents\bOACTAR\BOACTAR\Master_file\BOACTAR_DATA_20251229 (27).xlsx
2026-08-04 09:25:20,346 - file_generator - INFO - Creating DATA file: C:\Users\Mark Castro\Documents\bOACTAR\BOACTAR\Master_file\BOACTAR_DATA_20251229 (27).xlsx
2026-08-04 09:25:29,765 - file_generator - INFO - DATA file created with 265 data rows and 1157 columns
2026-08-04 09:25:29,770 - file_generator - INFO - Master data saved with 265 rows
2026-08-04 09:25:29,775 - file_generator - INFO - All output files generated successfully
2026-08-04 09:25:29,778 - __main__ - INFO - ==================================================
2026-08-04 09:25:29,779 - __main__ - INFO - STEP 4: Execution complete
2026-08-04 09:25:29,780 - __main__ - INFO - ==================================================
2026-08-04 09:25:29,818 - __main__ - INFO - Pipeline completed successfully
