2026-06-24 09:28:38,587 - logger_setup - INFO - Logging initialized - Level: INFO
2026-06-24 09:28:38,690 - logger_setup - INFO - Log file: C:\Users\Mark Castro\Documents\bOACTAR\BOACTAR\logs\20260624_092838\boactar_20260624_092838.log
2026-06-24 09:28:39,320 - __main__ - INFO - ==================================================
2026-06-24 09:28:39,363 - __main__ - INFO - STEP 1: Loading input data
2026-06-24 09:28:39,366 - __main__ - INFO - ==================================================
2026-06-24 09:28:39,412 - data_loader - INFO - Found 1 input file(s) in C:\Users\Mark Castro\Documents\bOACTAR\BOACTAR\input
2026-06-24 09:28:39,482 - data_loader - INFO - Loading file: 12986312.xlsm
2026-06-24 09:29:51,654 - data_loader - INFO - Data date: 2026-06-22
2026-06-24 09:29:51,660 - data_loader - INFO - Extracted 79 data rows
2026-06-24 09:29:51,661 - data_loader - INFO - Sorted 1 files by date (oldest to newest)
2026-06-24 09:29:51,662 - data_loader - INFO -   - 2026-06-22: 12986312.xlsm
2026-06-24 09:29:51,664 - __main__ - INFO - ==================================================
2026-06-24 09:29:51,665 - __main__ - INFO - STEP 2: Parsing and merging data
2026-06-24 09:29:51,667 - __main__ - INFO - ==================================================
2026-06-24 09:30:01,930 - parser - INFO - Loaded 1157 columns from master file
2026-06-24 09:30:01,953 - __main__ - INFO - Processing file 1/1: 12986312.xlsm
2026-06-24 09:30:01,964 - parser - INFO - Mapped 79 assets to output columns
2026-06-24 09:30:01,967 - parser - INFO - Loading master data from C:\Users\Mark Castro\Documents\bOACTAR\BOACTAR\Master_file\BOACTAR_DATA_20251229 (27).xlsx
2026-06-24 09:30:12,176 - parser - INFO - Loaded 241 rows from master data
2026-06-24 09:30:12,182 - parser - INFO - Date range: 2025-06-26 00:00:00 to 2026-06-19 00:00:00
2026-06-24 09:30:12,187 - parser - INFO - Latest date in master: 2026-06-19 00:00:00
2026-06-24 09:30:12,214 - parser - INFO - New data date: 2026-06-22 00:00:00
2026-06-24 09:30:12,219 - parser - INFO - Merging new data with master
2026-06-24 09:30:12,401 - parser - INFO - Combined data has 242 rows
2026-06-24 09:30:12,488 - __main__ - INFO - ==================================================
2026-06-24 09:30:12,490 - __main__ - INFO - STEP 3: Generating output files
2026-06-24 09:30:12,491 - __main__ - INFO - ==================================================
2026-06-24 09:30:12,492 - file_generator - INFO - Generating output files
2026-06-24 09:30:12,494 - file_generator - INFO - Creating DATA file: C:\Users\Mark Castro\Documents\bOACTAR\BOACTAR\output\20260624_092838\BOACTAR_DATA_20260624_092838.xlsx
2026-06-24 09:30:24,503 - file_generator - INFO - DATA file created with 242 data rows and 1157 columns
2026-06-24 09:30:24,506 - file_generator - INFO - Creating META file: C:\Users\Mark Castro\Documents\bOACTAR\BOACTAR\output\20260624_092838\BOACTAR_META_20260624_092838.xlsx
2026-06-24 09:30:24,817 - file_generator - INFO - META file created with 1157 entries
2026-06-24 09:30:24,818 - file_generator - INFO - Creating ZIP file: C:\Users\Mark Castro\Documents\bOACTAR\BOACTAR\output\20260624_092838\BOACTAR_20260624_092838.zip
2026-06-24 09:30:25,018 - file_generator - INFO - ZIP file created
2026-06-24 09:30:25,049 - file_generator - INFO - Copied files to latest folder
2026-06-24 09:30:25,049 - file_generator - INFO - Saving master data to: C:\Users\Mark Castro\Documents\bOACTAR\BOACTAR\Master_file\BOACTAR_DATA_20251229 (27).xlsx
2026-06-24 09:30:25,049 - file_generator - INFO - Creating DATA file: C:\Users\Mark Castro\Documents\bOACTAR\BOACTAR\Master_file\BOACTAR_DATA_20251229 (27).xlsx
2026-06-24 09:30:37,719 - file_generator - INFO - DATA file created with 242 data rows and 1157 columns
2026-06-24 09:30:37,721 - file_generator - INFO - Master data saved with 242 rows
2026-06-24 09:30:37,721 - file_generator - INFO - All output files generated successfully
2026-06-24 09:30:37,722 - __main__ - INFO - ==================================================
2026-06-24 09:30:37,723 - __main__ - INFO - STEP 4: Execution complete
2026-06-24 09:30:37,723 - __main__ - INFO - ==================================================
2026-06-24 09:30:37,735 - __main__ - INFO - Pipeline completed successfully
