2026-08-27 09:20:49,635 - logger_setup - INFO - Logging initialized - Level: INFO
2026-08-27 09:20:49,635 - logger_setup - INFO - Log file: C:\Users\Mark Castro\Documents\bOACTAR\BOACTAR\logs\20260827_092049\boactar_20260827_092049.log
2026-08-27 09:20:49,639 - __main__ - INFO - ==================================================
2026-08-27 09:20:49,639 - __main__ - INFO - STEP 1: Loading input data
2026-08-27 09:20:49,639 - __main__ - INFO - ==================================================
2026-08-27 09:20:49,639 - data_loader - INFO - Found 1 input file(s) in C:\Users\Mark Castro\Documents\bOACTAR\BOACTAR\input
2026-08-27 09:20:49,644 - data_loader - INFO - Loading file: 13012285.xlsm
2026-08-27 09:21:24,593 - data_loader - INFO - Data date: 2026-08-25
2026-08-27 09:21:24,598 - data_loader - INFO - Extracted 84 data rows
2026-08-27 09:21:24,598 - data_loader - INFO - Sorted 1 files by date (oldest to newest)
2026-08-27 09:21:24,598 - data_loader - INFO -   - 2026-08-25: 13012285.xlsm
2026-08-27 09:21:24,598 - __main__ - INFO - ==================================================
2026-08-27 09:21:24,598 - __main__ - INFO - STEP 2: Parsing and merging data
2026-08-27 09:21:24,598 - __main__ - INFO - ==================================================
2026-08-27 09:21:31,159 - parser - INFO - Loaded 1157 columns from master file
2026-08-27 09:21:31,159 - __main__ - INFO - Processing file 1/1: 13012285.xlsm
2026-08-27 09:21:31,159 - parser - WARNING - Unknown underlying: FTSE 100 (Z )
2026-08-27 09:21:31,159 - parser - WARNING - Unknown underlying: S&P/TSX 60 (PT)
2026-08-27 09:21:31,159 - parser - WARNING - Unknown underlying: FTSE China A50 (XU)
2026-08-27 09:21:31,159 - parser - WARNING - Unknown underlying: Australia 3yr Tsy Futures (YM)
2026-08-27 09:21:31,159 - parser - WARNING - Unknown underlying: Australia 10yr TSY Futures (XM)
2026-08-27 09:21:31,159 - parser - INFO - Mapped 79 assets to output columns
2026-08-27 09:21:31,159 - parser - INFO - Loading master data from C:\Users\Mark Castro\Documents\bOACTAR\BOACTAR\Master_file\BOACTAR_DATA_20251229 (27).xlsx
2026-08-27 09:21:39,298 - parser - INFO - Loaded 280 rows from master data
2026-08-27 09:21:39,298 - parser - INFO - Date range: 2025-06-26 00:00:00 to 2026-08-24 00:00:00
2026-08-27 09:21:39,308 - parser - INFO - Latest date in master: 2026-08-24 00:00:00
2026-08-27 09:21:39,308 - parser - INFO - New data date: 2026-08-25 00:00:00
2026-08-27 09:21:39,308 - parser - INFO - Merging new data with master
2026-08-27 09:21:39,384 - parser - INFO - Combined data has 281 rows
2026-08-27 09:21:39,389 - __main__ - INFO - ==================================================
2026-08-27 09:21:39,389 - __main__ - INFO - STEP 3: Generating output files
2026-08-27 09:21:39,389 - __main__ - INFO - ==================================================
2026-08-27 09:21:39,389 - file_generator - INFO - Generating output files
2026-08-27 09:21:39,389 - file_generator - INFO - Creating DATA file: C:\Users\Mark Castro\Documents\bOACTAR\BOACTAR\output\20260827_092049\BOACTAR_DATA_20260827_092049.xlsx
2026-08-27 09:21:47,421 - file_generator - INFO - DATA file created with 281 data rows and 1157 columns
2026-08-27 09:21:47,421 - file_generator - INFO - Creating META file: C:\Users\Mark Castro\Documents\bOACTAR\BOACTAR\output\20260827_092049\BOACTAR_META_20260827_092049.xlsx
2026-08-27 09:21:48,093 - file_generator - INFO - META file created with 1157 entries
2026-08-27 09:21:48,093 - file_generator - INFO - Creating ZIP file: C:\Users\Mark Castro\Documents\bOACTAR\BOACTAR\output\20260827_092049\BOACTAR_20260827_092049.zip
2026-08-27 09:21:48,328 - file_generator - INFO - ZIP file created
2026-08-27 09:21:48,363 - file_generator - INFO - Copied files to latest folder
2026-08-27 09:21:48,364 - file_generator - INFO - Saving master data to: C:\Users\Mark Castro\Documents\bOACTAR\BOACTAR\Master_file\BOACTAR_DATA_20251229 (27).xlsx
2026-08-27 09:21:48,364 - file_generator - INFO - Creating DATA file: C:\Users\Mark Castro\Documents\bOACTAR\BOACTAR\Master_file\BOACTAR_DATA_20251229 (27).xlsx
2026-08-27 09:21:58,206 - file_generator - INFO - DATA file created with 281 data rows and 1157 columns
2026-08-27 09:21:58,211 - file_generator - INFO - Master data saved with 281 rows
2026-08-27 09:21:58,211 - file_generator - INFO - All output files generated successfully
2026-08-27 09:21:58,212 - __main__ - INFO - ==================================================
2026-08-27 09:21:58,212 - __main__ - INFO - STEP 4: Execution complete
2026-08-27 09:21:58,212 - __main__ - INFO - ==================================================
2026-08-27 09:21:58,216 - __main__ - INFO - Pipeline completed successfully
