2026-06-09 10:42:00,278 - logger_setup - INFO - Logging initialized - Level: INFO
2026-06-09 10:42:00,278 - logger_setup - INFO - Log file: C:\Users\Mark Castro\Documents\bOACTAR\BOACTAR\logs\20260609_104200\boactar_20260609_104200.log
2026-06-09 10:42:00,280 - __main__ - INFO - ==================================================
2026-06-09 10:42:00,281 - __main__ - INFO - STEP 1: Loading input data
2026-06-09 10:42:00,281 - __main__ - INFO - ==================================================
2026-06-09 10:42:00,282 - data_loader - INFO - Found 1 input file(s) in C:\Users\Mark Castro\Documents\bOACTAR\BOACTAR\input
2026-06-09 10:42:00,282 - data_loader - INFO - Loading file: 12982292.xlsm
2026-06-09 10:42:43,873 - data_loader - INFO - Data date: 2026-06-05
2026-06-09 10:42:43,873 - data_loader - INFO - Extracted 79 data rows
2026-06-09 10:42:43,873 - data_loader - INFO - Sorted 1 files by date (oldest to newest)
2026-06-09 10:42:43,873 - data_loader - INFO -   - 2026-06-05: 12982292.xlsm
2026-06-09 10:42:43,873 - __main__ - INFO - ==================================================
2026-06-09 10:42:43,873 - __main__ - INFO - STEP 2: Parsing and merging data
2026-06-09 10:42:43,873 - __main__ - INFO - ==================================================
2026-06-09 10:42:51,115 - parser - INFO - Loaded 1157 columns from master file
2026-06-09 10:42:51,115 - __main__ - INFO - Processing file 1/1: 12982292.xlsm
2026-06-09 10:42:51,118 - parser - INFO - Mapped 79 assets to output columns
2026-06-09 10:42:51,118 - parser - INFO - Loading master data from C:\Users\Mark Castro\Documents\bOACTAR\BOACTAR\Master_file\BOACTAR_DATA_20251229 (27).xlsx
2026-06-09 10:42:57,710 - parser - INFO - Loaded 231 rows from master data
2026-06-09 10:42:57,717 - parser - INFO - Date range: 2025-06-26 00:00:00 to 2026-06-04 00:00:00
2026-06-09 10:42:57,722 - parser - INFO - Latest date in master: 2026-06-04 00:00:00
2026-06-09 10:42:57,722 - parser - INFO - New data date: 2026-06-05 00:00:00
2026-06-09 10:42:57,724 - parser - INFO - Merging new data with master
2026-06-09 10:42:57,868 - parser - INFO - Combined data has 232 rows
2026-06-09 10:42:57,872 - __main__ - INFO - ==================================================
2026-06-09 10:42:57,872 - __main__ - INFO - STEP 3: Generating output files
2026-06-09 10:42:57,873 - __main__ - INFO - ==================================================
2026-06-09 10:42:57,873 - file_generator - INFO - Generating output files
2026-06-09 10:42:57,875 - file_generator - INFO - Creating DATA file: C:\Users\Mark Castro\Documents\bOACTAR\BOACTAR\output\20260609_104200\BOACTAR_DATA_20260609_104200.xlsx
2026-06-09 10:43:04,818 - file_generator - INFO - DATA file created with 232 data rows and 1157 columns
2026-06-09 10:43:04,818 - file_generator - INFO - Creating META file: C:\Users\Mark Castro\Documents\bOACTAR\BOACTAR\output\20260609_104200\BOACTAR_META_20260609_104200.xlsx
2026-06-09 10:43:04,993 - file_generator - INFO - META file created with 1157 entries
2026-06-09 10:43:04,994 - file_generator - INFO - Creating ZIP file: C:\Users\Mark Castro\Documents\bOACTAR\BOACTAR\output\20260609_104200\BOACTAR_20260609_104200.zip
2026-06-09 10:43:05,129 - file_generator - INFO - ZIP file created
2026-06-09 10:43:05,154 - file_generator - INFO - Copied files to latest folder
2026-06-09 10:43:05,154 - file_generator - INFO - Saving master data to: C:\Users\Mark Castro\Documents\bOACTAR\BOACTAR\Master_file\BOACTAR_DATA_20251229 (27).xlsx
2026-06-09 10:43:05,154 - file_generator - INFO - Creating DATA file: C:\Users\Mark Castro\Documents\bOACTAR\BOACTAR\Master_file\BOACTAR_DATA_20251229 (27).xlsx
2026-06-09 10:43:11,225 - file_generator - INFO - DATA file created with 232 data rows and 1157 columns
2026-06-09 10:43:11,225 - file_generator - INFO - Master data saved with 232 rows
2026-06-09 10:43:11,225 - file_generator - INFO - All output files generated successfully
2026-06-09 10:43:11,225 - __main__ - INFO - ==================================================
2026-06-09 10:43:11,228 - __main__ - INFO - STEP 4: Execution complete
2026-06-09 10:43:11,228 - __main__ - INFO - ==================================================
2026-06-09 10:43:11,230 - __main__ - INFO - Pipeline completed successfully
