2026-07-22 09:52:15,400 - logger_setup - INFO - Logging initialized - Level: INFO
2026-07-22 09:52:15,402 - logger_setup - INFO - Log file: C:\Users\Mark Castro\Documents\bOACTAR\BOACTAR\logs\20260722_095215\boactar_20260722_095215.log
2026-07-22 09:52:15,404 - __main__ - INFO - ==================================================
2026-07-22 09:52:15,404 - __main__ - INFO - STEP 1: Loading input data
2026-07-22 09:52:15,405 - __main__ - INFO - ==================================================
2026-07-22 09:52:15,407 - data_loader - INFO - Found 1 input file(s) in C:\Users\Mark Castro\Documents\bOACTAR\BOACTAR\input
2026-07-22 09:52:15,407 - data_loader - INFO - Loading file: 12996772.xlsm
2026-07-22 09:53:08,992 - data_loader - INFO - Data date: 2026-07-20
2026-07-22 09:53:08,997 - data_loader - INFO - Extracted 79 data rows
2026-07-22 09:53:08,997 - data_loader - INFO - Sorted 1 files by date (oldest to newest)
2026-07-22 09:53:08,998 - data_loader - INFO -   - 2026-07-20: 12996772.xlsm
2026-07-22 09:53:08,998 - __main__ - INFO - ==================================================
2026-07-22 09:53:08,999 - __main__ - INFO - STEP 2: Parsing and merging data
2026-07-22 09:53:08,999 - __main__ - INFO - ==================================================
2026-07-22 09:53:15,466 - parser - INFO - Loaded 1157 columns from master file
2026-07-22 09:53:15,466 - __main__ - INFO - Processing file 1/1: 12996772.xlsm
2026-07-22 09:53:15,468 - parser - INFO - Mapped 79 assets to output columns
2026-07-22 09:53:15,469 - parser - INFO - Loading master data from C:\Users\Mark Castro\Documents\bOACTAR\BOACTAR\Master_file\BOACTAR_DATA_20251229 (27).xlsx
2026-07-22 09:53:21,866 - parser - INFO - Loaded 257 rows from master data
2026-07-22 09:53:21,872 - parser - INFO - Date range: 2025-06-26 00:00:00 to 2026-07-17 00:00:00
2026-07-22 09:53:21,877 - parser - INFO - Latest date in master: 2026-07-17 00:00:00
2026-07-22 09:53:21,877 - parser - INFO - New data date: 2026-07-20 00:00:00
2026-07-22 09:53:21,879 - parser - INFO - Merging new data with master
2026-07-22 09:53:22,004 - parser - INFO - Combined data has 258 rows
2026-07-22 09:53:22,009 - __main__ - INFO - ==================================================
2026-07-22 09:53:22,010 - __main__ - INFO - STEP 3: Generating output files
2026-07-22 09:53:22,010 - __main__ - INFO - ==================================================
2026-07-22 09:53:22,011 - file_generator - INFO - Generating output files
2026-07-22 09:53:22,013 - file_generator - INFO - Creating DATA file: C:\Users\Mark Castro\Documents\bOACTAR\BOACTAR\output\20260722_095215\BOACTAR_DATA_20260722_095215.xlsx
2026-07-22 09:53:29,416 - file_generator - INFO - DATA file created with 258 data rows and 1157 columns
2026-07-22 09:53:29,416 - file_generator - INFO - Creating META file: C:\Users\Mark Castro\Documents\bOACTAR\BOACTAR\output\20260722_095215\BOACTAR_META_20260722_095215.xlsx
2026-07-22 09:53:29,588 - file_generator - INFO - META file created with 1157 entries
2026-07-22 09:53:29,589 - file_generator - INFO - Creating ZIP file: C:\Users\Mark Castro\Documents\bOACTAR\BOACTAR\output\20260722_095215\BOACTAR_20260722_095215.zip
2026-07-22 09:53:29,753 - file_generator - INFO - ZIP file created
2026-07-22 09:53:29,782 - file_generator - INFO - Copied files to latest folder
2026-07-22 09:53:29,782 - file_generator - INFO - Saving master data to: C:\Users\Mark Castro\Documents\bOACTAR\BOACTAR\Master_file\BOACTAR_DATA_20251229 (27).xlsx
2026-07-22 09:53:29,783 - file_generator - INFO - Creating DATA file: C:\Users\Mark Castro\Documents\bOACTAR\BOACTAR\Master_file\BOACTAR_DATA_20251229 (27).xlsx
2026-07-22 09:53:36,653 - file_generator - INFO - DATA file created with 258 data rows and 1157 columns
2026-07-22 09:53:36,654 - file_generator - INFO - Master data saved with 258 rows
2026-07-22 09:53:36,654 - file_generator - INFO - All output files generated successfully
2026-07-22 09:53:36,655 - __main__ - INFO - ==================================================
2026-07-22 09:53:36,655 - __main__ - INFO - STEP 4: Execution complete
2026-07-22 09:53:36,655 - __main__ - INFO - ==================================================
2026-07-22 09:53:36,657 - __main__ - INFO - Pipeline completed successfully
