2026-07-28 12:43:07,144 - logger_setup - INFO - Logging initialized - Level: INFO
2026-07-28 12:43:07,144 - logger_setup - INFO - Log file: C:\Users\Mark Castro\Documents\bOACTAR\BOACTAR\logs\20260728_124307\boactar_20260728_124307.log
2026-07-28 12:43:07,144 - __main__ - INFO - ==================================================
2026-07-28 12:43:07,144 - __main__ - INFO - STEP 1: Loading input data
2026-07-28 12:43:07,144 - __main__ - INFO - ==================================================
2026-07-28 12:43:07,144 - data_loader - INFO - Found 1 input file(s) in C:\Users\Mark Castro\Documents\bOACTAR\BOACTAR\input
2026-07-28 12:43:07,153 - data_loader - INFO - Loading file: 12999112.xlsm
2026-07-28 12:43:38,593 - data_loader - INFO - Data date: 2026-07-23
2026-07-28 12:43:38,604 - data_loader - INFO - Extracted 79 data rows
2026-07-28 12:43:38,604 - data_loader - INFO - Sorted 1 files by date (oldest to newest)
2026-07-28 12:43:38,604 - data_loader - INFO -   - 2026-07-23: 12999112.xlsm
2026-07-28 12:43:38,604 - __main__ - INFO - ==================================================
2026-07-28 12:43:38,604 - __main__ - INFO - STEP 2: Parsing and merging data
2026-07-28 12:43:38,604 - __main__ - INFO - ==================================================
2026-07-28 12:43:44,571 - parser - INFO - Loaded 1157 columns from master file
2026-07-28 12:43:44,571 - __main__ - INFO - Processing file 1/1: 12999112.xlsm
2026-07-28 12:43:44,571 - parser - INFO - Mapped 79 assets to output columns
2026-07-28 12:43:44,571 - parser - INFO - Loading master data from C:\Users\Mark Castro\Documents\bOACTAR\BOACTAR\Master_file\BOACTAR_DATA_20251229 (27).xlsx
2026-07-28 12:43:50,441 - parser - INFO - Loaded 261 rows from master data
2026-07-28 12:43:50,456 - parser - INFO - Date range: 2025-06-26 00:00:00 to 2026-07-23 00:00:00
2026-07-28 12:43:50,456 - parser - INFO - Latest date in master: 2026-07-23 00:00:00
2026-07-28 12:43:50,456 - parser - INFO - New data date: 2026-07-23 00:00:00
2026-07-28 12:43:50,456 - parser - INFO - Data is not newer than master, skipping merge
2026-07-28 12:43:50,463 - __main__ - INFO - ==================================================
2026-07-28 12:43:50,464 - __main__ - INFO - STEP 3: Generating output files
2026-07-28 12:43:50,464 - __main__ - INFO - ==================================================
2026-07-28 12:43:50,465 - file_generator - INFO - Generating output files
2026-07-28 12:43:50,466 - file_generator - INFO - Creating DATA file: C:\Users\Mark Castro\Documents\bOACTAR\BOACTAR\output\20260728_124307\BOACTAR_DATA_20260728_124307.xlsx
2026-07-28 12:43:57,322 - file_generator - INFO - DATA file created with 261 data rows and 1157 columns
2026-07-28 12:43:57,322 - file_generator - INFO - Creating META file: C:\Users\Mark Castro\Documents\bOACTAR\BOACTAR\output\20260728_124307\BOACTAR_META_20260728_124307.xlsx
2026-07-28 12:43:57,497 - file_generator - INFO - META file created with 1157 entries
2026-07-28 12:43:57,497 - file_generator - INFO - Creating ZIP file: C:\Users\Mark Castro\Documents\bOACTAR\BOACTAR\output\20260728_124307\BOACTAR_20260728_124307.zip
2026-07-28 12:43:57,641 - file_generator - INFO - ZIP file created
2026-07-28 12:43:57,679 - file_generator - INFO - Copied files to latest folder
2026-07-28 12:43:57,679 - file_generator - INFO - Saving master data to: C:\Users\Mark Castro\Documents\bOACTAR\BOACTAR\Master_file\BOACTAR_DATA_20251229 (27).xlsx
2026-07-28 12:43:57,679 - file_generator - INFO - Creating DATA file: C:\Users\Mark Castro\Documents\bOACTAR\BOACTAR\Master_file\BOACTAR_DATA_20251229 (27).xlsx
2026-07-28 12:44:04,446 - file_generator - INFO - DATA file created with 261 data rows and 1157 columns
2026-07-28 12:44:04,446 - file_generator - INFO - Master data saved with 261 rows
2026-07-28 12:44:04,446 - file_generator - INFO - All output files generated successfully
2026-07-28 12:44:04,463 - __main__ - INFO - ==================================================
2026-07-28 12:44:04,464 - __main__ - INFO - STEP 4: Execution complete
2026-07-28 12:44:04,465 - __main__ - INFO - ==================================================
2026-07-28 12:44:04,467 - __main__ - INFO - Pipeline completed successfully
