2026-06-08 09:44:53,643 - logger_setup - INFO - Logging initialized - Level: INFO
2026-06-08 09:44:53,643 - logger_setup - INFO - Log file: C:\Users\Mark Castro\Documents\bOACTAR\BOACTAR\logs\20260608_094453\boactar_20260608_094453.log
2026-06-08 09:44:53,643 - __main__ - INFO - ==================================================
2026-06-08 09:44:53,643 - __main__ - INFO - STEP 1: Loading input data
2026-06-08 09:44:53,643 - __main__ - INFO - ==================================================
2026-06-08 09:44:53,643 - data_loader - INFO - Found 1 input file(s) in C:\Users\Mark Castro\Documents\bOACTAR\BOACTAR\input
2026-06-08 09:44:53,643 - data_loader - INFO - Loading file: 12981754.xlsm
2026-06-08 09:45:42,600 - data_loader - INFO - Data date: 2026-06-04
2026-06-08 09:45:42,607 - data_loader - INFO - Extracted 79 data rows
2026-06-08 09:45:42,608 - data_loader - INFO - Sorted 1 files by date (oldest to newest)
2026-06-08 09:45:42,608 - data_loader - INFO -   - 2026-06-04: 12981754.xlsm
2026-06-08 09:45:42,610 - __main__ - INFO - ==================================================
2026-06-08 09:45:42,611 - __main__ - INFO - STEP 2: Parsing and merging data
2026-06-08 09:45:42,612 - __main__ - INFO - ==================================================
2026-06-08 09:45:49,957 - parser - INFO - Loaded 1157 columns from master file
2026-06-08 09:45:49,959 - __main__ - INFO - Processing file 1/1: 12981754.xlsm
2026-06-08 09:45:49,961 - parser - INFO - Mapped 79 assets to output columns
2026-06-08 09:45:49,961 - parser - INFO - Loading master data from C:\Users\Mark Castro\Documents\bOACTAR\BOACTAR\Master_file\BOACTAR_DATA_20251229 (27).xlsx
2026-06-08 09:45:58,692 - parser - INFO - Loaded 230 rows from master data
2026-06-08 09:45:58,698 - parser - INFO - Date range: 2025-06-26 00:00:00 to 2026-06-03 00:00:00
2026-06-08 09:45:58,706 - parser - INFO - Latest date in master: 2026-06-03 00:00:00
2026-06-08 09:45:58,706 - parser - INFO - New data date: 2026-06-04 00:00:00
2026-06-08 09:45:58,708 - parser - INFO - Merging new data with master
2026-06-08 09:45:58,870 - parser - INFO - Combined data has 231 rows
2026-06-08 09:45:58,875 - __main__ - INFO - ==================================================
2026-06-08 09:45:58,875 - __main__ - INFO - STEP 3: Generating output files
2026-06-08 09:45:58,875 - __main__ - INFO - ==================================================
2026-06-08 09:45:58,876 - file_generator - INFO - Generating output files
2026-06-08 09:45:58,878 - file_generator - INFO - Creating DATA file: C:\Users\Mark Castro\Documents\bOACTAR\BOACTAR\output\20260608_094453\BOACTAR_DATA_20260608_094453.xlsx
2026-06-08 09:46:05,636 - file_generator - INFO - DATA file created with 231 data rows and 1157 columns
2026-06-08 09:46:05,637 - file_generator - INFO - Creating META file: C:\Users\Mark Castro\Documents\bOACTAR\BOACTAR\output\20260608_094453\BOACTAR_META_20260608_094453.xlsx
2026-06-08 09:46:05,824 - file_generator - INFO - META file created with 1157 entries
2026-06-08 09:46:05,824 - file_generator - INFO - Creating ZIP file: C:\Users\Mark Castro\Documents\bOACTAR\BOACTAR\output\20260608_094453\BOACTAR_20260608_094453.zip
2026-06-08 09:46:05,983 - file_generator - INFO - ZIP file created
2026-06-08 09:46:06,007 - file_generator - INFO - Copied files to latest folder
2026-06-08 09:46:06,007 - file_generator - INFO - Saving master data to: C:\Users\Mark Castro\Documents\bOACTAR\BOACTAR\Master_file\BOACTAR_DATA_20251229 (27).xlsx
2026-06-08 09:46:06,007 - file_generator - INFO - Creating DATA file: C:\Users\Mark Castro\Documents\bOACTAR\BOACTAR\Master_file\BOACTAR_DATA_20251229 (27).xlsx
2026-06-08 09:46:13,844 - file_generator - INFO - DATA file created with 231 data rows and 1157 columns
2026-06-08 09:46:13,844 - file_generator - INFO - Master data saved with 231 rows
2026-06-08 09:46:13,844 - file_generator - INFO - All output files generated successfully
2026-06-08 09:46:13,844 - __main__ - INFO - ==================================================
2026-06-08 09:46:13,844 - __main__ - INFO - STEP 4: Execution complete
2026-06-08 09:46:13,852 - __main__ - INFO - ==================================================
2026-06-08 09:46:13,852 - __main__ - INFO - Pipeline completed successfully
