2026-08-14 08:50:01,336 - logger_setup - INFO - Logging initialized - Level: INFO
2026-08-14 08:50:01,363 - logger_setup - INFO - Log file: C:\Users\Mark Castro\Documents\bOACTAR\BOACTAR\logs\20260814_085001\boactar_20260814_085001.log
2026-08-14 08:50:01,376 - __main__ - INFO - ==================================================
2026-08-14 08:50:01,376 - __main__ - INFO - STEP 1: Loading input data
2026-08-14 08:50:01,377 - __main__ - INFO - ==================================================
2026-08-14 08:50:01,381 - data_loader - INFO - Found 1 input file(s) in C:\Users\Mark Castro\Documents\bOACTAR\BOACTAR\input
2026-08-14 08:50:01,383 - data_loader - INFO - Loading file: 13008174.xlsm
2026-08-14 08:50:34,871 - data_loader - INFO - Data date: 2026-08-12
2026-08-14 08:50:34,875 - data_loader - INFO - Extracted 84 data rows
2026-08-14 08:50:34,875 - data_loader - INFO - Sorted 1 files by date (oldest to newest)
2026-08-14 08:50:34,875 - data_loader - INFO -   - 2026-08-12: 13008174.xlsm
2026-08-14 08:50:34,876 - __main__ - INFO - ==================================================
2026-08-14 08:50:34,876 - __main__ - INFO - STEP 2: Parsing and merging data
2026-08-14 08:50:34,876 - __main__ - INFO - ==================================================
2026-08-14 08:50:41,319 - parser - INFO - Loaded 1157 columns from master file
2026-08-14 08:50:41,319 - __main__ - INFO - Processing file 1/1: 13008174.xlsm
2026-08-14 08:50:41,320 - parser - WARNING - Unknown underlying: FTSE 100 (Z )
2026-08-14 08:50:41,320 - parser - WARNING - Unknown underlying: S&P/TSX 60 (PT)
2026-08-14 08:50:41,320 - parser - WARNING - Unknown underlying: FTSE China A50 (XU)
2026-08-14 08:50:41,321 - parser - WARNING - Unknown underlying: Australia 3yr Tsy Futures (YM)
2026-08-14 08:50:41,321 - parser - WARNING - Unknown underlying: Australia 10yr TSY Futures (XM)
2026-08-14 08:50:41,321 - parser - INFO - Mapped 79 assets to output columns
2026-08-14 08:50:41,322 - parser - INFO - Loading master data from C:\Users\Mark Castro\Documents\bOACTAR\BOACTAR\Master_file\BOACTAR_DATA_20251229 (27).xlsx
2026-08-14 08:50:47,462 - parser - INFO - Loaded 273 rows from master data
2026-08-14 08:50:47,469 - parser - INFO - Date range: 2025-06-26 00:00:00 to 2026-08-11 00:00:00
2026-08-14 08:50:47,474 - parser - INFO - Latest date in master: 2026-08-11 00:00:00
2026-08-14 08:50:47,474 - parser - INFO - New data date: 2026-08-12 00:00:00
2026-08-14 08:50:47,476 - parser - INFO - Merging new data with master
2026-08-14 08:50:47,578 - parser - INFO - Combined data has 274 rows
2026-08-14 08:50:47,581 - __main__ - INFO - ==================================================
2026-08-14 08:50:47,581 - __main__ - INFO - STEP 3: Generating output files
2026-08-14 08:50:47,582 - __main__ - INFO - ==================================================
2026-08-14 08:50:47,582 - file_generator - INFO - Generating output files
2026-08-14 08:50:47,584 - file_generator - INFO - Creating DATA file: C:\Users\Mark Castro\Documents\bOACTAR\BOACTAR\output\20260814_085001\BOACTAR_DATA_20260814_085001.xlsx
2026-08-14 08:50:54,620 - file_generator - INFO - DATA file created with 274 data rows and 1157 columns
2026-08-14 08:50:54,625 - file_generator - INFO - Creating META file: C:\Users\Mark Castro\Documents\bOACTAR\BOACTAR\output\20260814_085001\BOACTAR_META_20260814_085001.xlsx
2026-08-14 08:50:54,787 - file_generator - INFO - META file created with 1157 entries
2026-08-14 08:50:54,788 - file_generator - INFO - Creating ZIP file: C:\Users\Mark Castro\Documents\bOACTAR\BOACTAR\output\20260814_085001\BOACTAR_20260814_085001.zip
2026-08-14 08:50:54,956 - file_generator - INFO - ZIP file created
2026-08-14 08:50:54,981 - file_generator - INFO - Copied files to latest folder
2026-08-14 08:50:54,982 - file_generator - INFO - Saving master data to: C:\Users\Mark Castro\Documents\bOACTAR\BOACTAR\Master_file\BOACTAR_DATA_20251229 (27).xlsx
2026-08-14 08:50:54,982 - file_generator - INFO - Creating DATA file: C:\Users\Mark Castro\Documents\bOACTAR\BOACTAR\Master_file\BOACTAR_DATA_20251229 (27).xlsx
2026-08-14 08:51:01,590 - file_generator - INFO - DATA file created with 274 data rows and 1157 columns
2026-08-14 08:51:01,594 - file_generator - INFO - Master data saved with 274 rows
2026-08-14 08:51:01,595 - file_generator - INFO - All output files generated successfully
2026-08-14 08:51:01,595 - __main__ - INFO - ==================================================
2026-08-14 08:51:01,595 - __main__ - INFO - STEP 4: Execution complete
2026-08-14 08:51:01,596 - __main__ - INFO - ==================================================
2026-08-14 08:51:01,598 - __main__ - INFO - Pipeline completed successfully
