2026-07-23 10:48:26,901 - logger_setup - INFO - Logging initialized - Level: INFO
2026-07-23 10:48:26,952 - logger_setup - INFO - Log file: C:\Users\Mark Castro\Documents\bOACTAR\BOACTAR\logs\20260723_104826\boactar_20260723_104826.log
2026-07-23 10:48:27,235 - __main__ - INFO - ==================================================
2026-07-23 10:48:27,247 - __main__ - INFO - STEP 1: Loading input data
2026-07-23 10:48:27,251 - __main__ - INFO - ==================================================
2026-07-23 10:48:27,305 - data_loader - INFO - Found 1 input file(s) in C:\Users\Mark Castro\Documents\bOACTAR\BOACTAR\input
2026-07-23 10:48:27,373 - data_loader - INFO - Loading file: 12997348.xlsm
2026-07-23 10:50:00,756 - data_loader - INFO - Data date: 2026-07-21
2026-07-23 10:50:00,756 - data_loader - INFO - Extracted 79 data rows
2026-07-23 10:50:00,756 - data_loader - INFO - Sorted 1 files by date (oldest to newest)
2026-07-23 10:50:00,756 - data_loader - INFO -   - 2026-07-21: 12997348.xlsm
2026-07-23 10:50:00,756 - __main__ - INFO - ==================================================
2026-07-23 10:50:00,756 - __main__ - INFO - STEP 2: Parsing and merging data
2026-07-23 10:50:00,756 - __main__ - INFO - ==================================================
2026-07-23 10:50:06,564 - parser - INFO - Loaded 1157 columns from master file
2026-07-23 10:50:06,564 - __main__ - INFO - Processing file 1/1: 12997348.xlsm
2026-07-23 10:50:06,564 - parser - INFO - Mapped 79 assets to output columns
2026-07-23 10:50:06,564 - parser - INFO - Loading master data from C:\Users\Mark Castro\Documents\bOACTAR\BOACTAR\Master_file\BOACTAR_DATA_20251229 (27).xlsx
2026-07-23 10:50:12,314 - parser - INFO - Loaded 258 rows from master data
2026-07-23 10:50:12,314 - parser - INFO - Date range: 2025-06-26 00:00:00 to 2026-07-20 00:00:00
2026-07-23 10:50:12,314 - parser - INFO - Latest date in master: 2026-07-20 00:00:00
2026-07-23 10:50:12,326 - parser - INFO - New data date: 2026-07-21 00:00:00
2026-07-23 10:50:12,326 - parser - INFO - Merging new data with master
2026-07-23 10:50:12,432 - parser - INFO - Combined data has 259 rows
2026-07-23 10:50:12,444 - __main__ - INFO - ==================================================
2026-07-23 10:50:12,444 - __main__ - INFO - STEP 3: Generating output files
2026-07-23 10:50:12,444 - __main__ - INFO - ==================================================
2026-07-23 10:50:12,444 - file_generator - INFO - Generating output files
2026-07-23 10:50:12,450 - file_generator - INFO - Creating DATA file: C:\Users\Mark Castro\Documents\bOACTAR\BOACTAR\output\20260723_104826\BOACTAR_DATA_20260723_104826.xlsx
2026-07-23 10:50:19,028 - file_generator - INFO - DATA file created with 259 data rows and 1157 columns
2026-07-23 10:50:19,029 - file_generator - INFO - Creating META file: C:\Users\Mark Castro\Documents\bOACTAR\BOACTAR\output\20260723_104826\BOACTAR_META_20260723_104826.xlsx
2026-07-23 10:50:19,192 - file_generator - INFO - META file created with 1157 entries
2026-07-23 10:50:19,192 - file_generator - INFO - Creating ZIP file: C:\Users\Mark Castro\Documents\bOACTAR\BOACTAR\output\20260723_104826\BOACTAR_20260723_104826.zip
2026-07-23 10:50:19,329 - file_generator - INFO - ZIP file created
2026-07-23 10:50:19,362 - file_generator - INFO - Copied files to latest folder
2026-07-23 10:50:19,363 - file_generator - INFO - Saving master data to: C:\Users\Mark Castro\Documents\bOACTAR\BOACTAR\Master_file\BOACTAR_DATA_20251229 (27).xlsx
2026-07-23 10:50:19,363 - file_generator - INFO - Creating DATA file: C:\Users\Mark Castro\Documents\bOACTAR\BOACTAR\Master_file\BOACTAR_DATA_20251229 (27).xlsx
2026-07-23 10:50:25,939 - file_generator - INFO - DATA file created with 259 data rows and 1157 columns
2026-07-23 10:50:25,939 - file_generator - INFO - Master data saved with 259 rows
2026-07-23 10:50:25,939 - file_generator - INFO - All output files generated successfully
2026-07-23 10:50:25,939 - __main__ - INFO - ==================================================
2026-07-23 10:50:25,939 - __main__ - INFO - STEP 4: Execution complete
2026-07-23 10:50:25,939 - __main__ - INFO - ==================================================
2026-07-23 10:50:25,939 - __main__ - INFO - Pipeline completed successfully
