2026-08-28 08:50:48,281 - logger_setup - INFO - Logging initialized - Level: INFO
2026-08-28 08:50:48,282 - logger_setup - INFO - Log file: C:\Users\Mark Castro\Documents\bOACTAR\BOACTAR\logs\20260828_085048\boactar_20260828_085048.log
2026-08-28 08:50:48,286 - __main__ - INFO - ==================================================
2026-08-28 08:50:48,290 - __main__ - INFO - STEP 1: Loading input data
2026-08-28 08:50:48,292 - __main__ - INFO - ==================================================
2026-08-28 08:50:48,295 - data_loader - INFO - Found 1 input file(s) in C:\Users\Mark Castro\Documents\bOACTAR\BOACTAR\input
2026-08-28 08:50:48,298 - data_loader - INFO - Loading file: 13012878.xlsm
2026-08-28 08:51:23,017 - data_loader - INFO - Data date: 2026-08-26
2026-08-28 08:51:23,017 - data_loader - INFO - Extracted 84 data rows
2026-08-28 08:51:23,017 - data_loader - INFO - Sorted 1 files by date (oldest to newest)
2026-08-28 08:51:23,017 - data_loader - INFO -   - 2026-08-26: 13012878.xlsm
2026-08-28 08:51:23,024 - __main__ - INFO - ==================================================
2026-08-28 08:51:23,024 - __main__ - INFO - STEP 2: Parsing and merging data
2026-08-28 08:51:23,024 - __main__ - INFO - ==================================================
2026-08-28 08:51:29,174 - parser - INFO - Loaded 1157 columns from master file
2026-08-28 08:51:29,174 - __main__ - INFO - Processing file 1/1: 13012878.xlsm
2026-08-28 08:51:29,174 - parser - WARNING - Unknown underlying: FTSE 100 (Z )
2026-08-28 08:51:29,174 - parser - WARNING - Unknown underlying: S&P/TSX 60 (PT)
2026-08-28 08:51:29,174 - parser - WARNING - Unknown underlying: FTSE China A50 (XU)
2026-08-28 08:51:29,174 - parser - WARNING - Unknown underlying: Australia 3yr Tsy Futures (YM)
2026-08-28 08:51:29,174 - parser - WARNING - Unknown underlying: Australia 10yr TSY Futures (XM)
2026-08-28 08:51:29,174 - parser - INFO - Mapped 79 assets to output columns
2026-08-28 08:51:29,174 - parser - INFO - Loading master data from C:\Users\Mark Castro\Documents\bOACTAR\BOACTAR\Master_file\BOACTAR_DATA_20251229 (27).xlsx
2026-08-28 08:51:35,134 - parser - INFO - Loaded 281 rows from master data
2026-08-28 08:51:35,134 - parser - INFO - Date range: 2025-06-26 00:00:00 to 2026-08-25 00:00:00
2026-08-28 08:51:35,144 - parser - INFO - Latest date in master: 2026-08-25 00:00:00
2026-08-28 08:51:35,144 - parser - INFO - New data date: 2026-08-26 00:00:00
2026-08-28 08:51:35,144 - parser - INFO - Merging new data with master
2026-08-28 08:51:35,220 - parser - INFO - Combined data has 282 rows
2026-08-28 08:51:35,224 - __main__ - INFO - ==================================================
2026-08-28 08:51:35,224 - __main__ - INFO - STEP 3: Generating output files
2026-08-28 08:51:35,224 - __main__ - INFO - ==================================================
2026-08-28 08:51:35,224 - file_generator - INFO - Generating output files
2026-08-28 08:51:35,228 - file_generator - INFO - Creating DATA file: C:\Users\Mark Castro\Documents\bOACTAR\BOACTAR\output\20260828_085048\BOACTAR_DATA_20260828_085048.xlsx
2026-08-28 08:51:41,707 - file_generator - INFO - DATA file created with 282 data rows and 1157 columns
2026-08-28 08:51:41,711 - file_generator - INFO - Creating META file: C:\Users\Mark Castro\Documents\bOACTAR\BOACTAR\output\20260828_085048\BOACTAR_META_20260828_085048.xlsx
2026-08-28 08:51:41,864 - file_generator - INFO - META file created with 1157 entries
2026-08-28 08:51:41,864 - file_generator - INFO - Creating ZIP file: C:\Users\Mark Castro\Documents\bOACTAR\BOACTAR\output\20260828_085048\BOACTAR_20260828_085048.zip
2026-08-28 08:51:42,014 - file_generator - INFO - ZIP file created
2026-08-28 08:51:42,044 - file_generator - INFO - Copied files to latest folder
2026-08-28 08:51:42,044 - file_generator - INFO - Saving master data to: C:\Users\Mark Castro\Documents\bOACTAR\BOACTAR\Master_file\BOACTAR_DATA_20251229 (27).xlsx
2026-08-28 08:51:42,044 - file_generator - INFO - Creating DATA file: C:\Users\Mark Castro\Documents\bOACTAR\BOACTAR\Master_file\BOACTAR_DATA_20251229 (27).xlsx
2026-08-28 08:51:49,564 - file_generator - INFO - DATA file created with 282 data rows and 1157 columns
2026-08-28 08:51:49,564 - file_generator - INFO - Master data saved with 282 rows
2026-08-28 08:51:49,564 - file_generator - INFO - All output files generated successfully
2026-08-28 08:51:49,564 - __main__ - INFO - ==================================================
2026-08-28 08:51:49,573 - __main__ - INFO - STEP 4: Execution complete
2026-08-28 08:51:49,573 - __main__ - INFO - ==================================================
2026-08-28 08:51:49,573 - __main__ - INFO - Pipeline completed successfully
