2026-07-28 12:46:15,255 - logger_setup - INFO - Logging initialized - Level: INFO
2026-07-28 12:46:15,255 - logger_setup - INFO - Log file: C:\Users\Mark Castro\Documents\bOACTAR\BOACTAR\logs\20260728_124615\boactar_20260728_124615.log
2026-07-28 12:46:15,255 - __main__ - INFO - ==================================================
2026-07-28 12:46:15,255 - __main__ - INFO - STEP 1: Loading input data
2026-07-28 12:46:15,255 - __main__ - INFO - ==================================================
2026-07-28 12:46:15,255 - data_loader - INFO - Found 1 input file(s) in C:\Users\Mark Castro\Documents\bOACTAR\BOACTAR\input
2026-07-28 12:46:15,255 - data_loader - INFO - Loading file: 12999112.xlsm
2026-07-28 12:47:02,999 - data_loader - INFO - Data date: 2026-07-23
2026-07-28 12:47:03,016 - data_loader - INFO - Extracted 79 data rows
2026-07-28 12:47:03,016 - data_loader - INFO - Sorted 1 files by date (oldest to newest)
2026-07-28 12:47:03,016 - data_loader - INFO -   - 2026-07-23: 12999112.xlsm
2026-07-28 12:47:03,016 - __main__ - INFO - ==================================================
2026-07-28 12:47:03,016 - __main__ - INFO - STEP 2: Parsing and merging data
2026-07-28 12:47:03,016 - __main__ - INFO - ==================================================
2026-07-28 12:47:09,159 - parser - INFO - Loaded 1157 columns from master file
2026-07-28 12:47:09,159 - __main__ - INFO - Processing file 1/1: 12999112.xlsm
2026-07-28 12:47:09,159 - parser - INFO - Mapped 79 assets to output columns
2026-07-28 12:47:09,159 - parser - INFO - Loading master data from C:\Users\Mark Castro\Documents\bOACTAR\BOACTAR\Master_file\BOACTAR_DATA_20251229 (27).xlsx
2026-07-28 12:47:14,851 - parser - INFO - Loaded 260 rows from master data
2026-07-28 12:47:14,851 - parser - INFO - Date range: 2025-06-26 00:00:00 to 2026-07-22 00:00:00
2026-07-28 12:47:14,851 - parser - INFO - Latest date in master: 2026-07-22 00:00:00
2026-07-28 12:47:14,851 - parser - INFO - New data date: 2026-07-23 00:00:00
2026-07-28 12:47:14,851 - parser - INFO - Merging new data with master
2026-07-28 12:47:14,927 - parser - INFO - Combined data has 261 rows
2026-07-28 12:47:14,927 - __main__ - INFO - ==================================================
2026-07-28 12:47:14,927 - __main__ - INFO - STEP 3: Generating output files
2026-07-28 12:47:14,927 - __main__ - INFO - ==================================================
2026-07-28 12:47:14,927 - file_generator - INFO - Generating output files
2026-07-28 12:47:14,927 - file_generator - INFO - Creating DATA file: C:\Users\Mark Castro\Documents\bOACTAR\BOACTAR\output\20260728_124615\BOACTAR_DATA_20260728_124615.xlsx
2026-07-28 12:47:21,117 - file_generator - INFO - DATA file created with 261 data rows and 1157 columns
2026-07-28 12:47:21,117 - file_generator - INFO - Creating META file: C:\Users\Mark Castro\Documents\bOACTAR\BOACTAR\output\20260728_124615\BOACTAR_META_20260728_124615.xlsx
2026-07-28 12:47:21,288 - file_generator - INFO - META file created with 1157 entries
2026-07-28 12:47:21,288 - file_generator - INFO - Creating ZIP file: C:\Users\Mark Castro\Documents\bOACTAR\BOACTAR\output\20260728_124615\BOACTAR_20260728_124615.zip
2026-07-28 12:47:21,441 - file_generator - INFO - ZIP file created
2026-07-28 12:47:21,466 - file_generator - INFO - Copied files to latest folder
2026-07-28 12:47:21,466 - file_generator - INFO - Saving master data to: C:\Users\Mark Castro\Documents\bOACTAR\BOACTAR\Master_file\BOACTAR_DATA_20251229 (27).xlsx
2026-07-28 12:47:21,466 - file_generator - INFO - Creating DATA file: C:\Users\Mark Castro\Documents\bOACTAR\BOACTAR\Master_file\BOACTAR_DATA_20251229 (27).xlsx
2026-07-28 12:47:31,450 - file_generator - INFO - DATA file created with 261 data rows and 1157 columns
2026-07-28 12:47:31,455 - file_generator - INFO - Master data saved with 261 rows
2026-07-28 12:47:31,455 - file_generator - INFO - All output files generated successfully
2026-07-28 12:47:31,457 - __main__ - INFO - ==================================================
2026-07-28 12:47:31,458 - __main__ - INFO - STEP 4: Execution complete
2026-07-28 12:47:31,459 - __main__ - INFO - ==================================================
2026-07-28 12:47:31,476 - __main__ - INFO - Pipeline completed successfully
