2026-07-10 14:45:15,558 - logger_setup - INFO - Logging initialized - Level: INFO
2026-07-10 14:45:15,559 - logger_setup - INFO - Log file: C:\Users\Mark Castro\Documents\bOACTAR\BOACTAR\logs\20260710_144515\boactar_20260710_144515.log
2026-07-10 14:45:15,647 - __main__ - INFO - ==================================================
2026-07-10 14:45:15,648 - __main__ - INFO - STEP 1: Loading input data
2026-07-10 14:45:15,648 - __main__ - INFO - ==================================================
2026-07-10 14:45:15,652 - data_loader - INFO - Found 1 input file(s) in C:\Users\Mark Castro\Documents\bOACTAR\BOACTAR\input
2026-07-10 14:45:15,655 - data_loader - INFO - Loading file: 12992522.xlsm
2026-07-10 14:46:18,160 - data_loader - INFO - Data date: 2026-07-08
2026-07-10 14:46:18,164 - data_loader - INFO - Extracted 79 data rows
2026-07-10 14:46:18,164 - data_loader - INFO - Sorted 1 files by date (oldest to newest)
2026-07-10 14:46:18,165 - data_loader - INFO -   - 2026-07-08: 12992522.xlsm
2026-07-10 14:46:18,165 - __main__ - INFO - ==================================================
2026-07-10 14:46:18,165 - __main__ - INFO - STEP 2: Parsing and merging data
2026-07-10 14:46:18,166 - __main__ - INFO - ==================================================
2026-07-10 14:46:26,396 - parser - INFO - Loaded 1157 columns from master file
2026-07-10 14:46:26,396 - __main__ - INFO - Processing file 1/1: 12992522.xlsm
2026-07-10 14:46:26,399 - parser - INFO - Mapped 79 assets to output columns
2026-07-10 14:46:26,400 - parser - INFO - Loading master data from C:\Users\Mark Castro\Documents\bOACTAR\BOACTAR\Master_file\BOACTAR_DATA_20251229 (27).xlsx
2026-07-10 14:46:33,011 - parser - INFO - Loaded 251 rows from master data
2026-07-10 14:46:33,017 - parser - INFO - Date range: 2025-06-26 00:00:00 to 2026-07-07 00:00:00
2026-07-10 14:46:33,022 - parser - INFO - Latest date in master: 2026-07-07 00:00:00
2026-07-10 14:46:33,023 - parser - INFO - New data date: 2026-07-08 00:00:00
2026-07-10 14:46:33,025 - parser - INFO - Merging new data with master
2026-07-10 14:46:33,177 - parser - INFO - Combined data has 252 rows
2026-07-10 14:46:33,181 - __main__ - INFO - ==================================================
2026-07-10 14:46:33,181 - __main__ - INFO - STEP 3: Generating output files
2026-07-10 14:46:33,182 - __main__ - INFO - ==================================================
2026-07-10 14:46:33,182 - file_generator - INFO - Generating output files
2026-07-10 14:46:33,184 - file_generator - INFO - Creating DATA file: C:\Users\Mark Castro\Documents\bOACTAR\BOACTAR\output\20260710_144515\BOACTAR_DATA_20260710_144515.xlsx
2026-07-10 14:46:40,150 - file_generator - INFO - DATA file created with 252 data rows and 1157 columns
2026-07-10 14:46:40,150 - file_generator - INFO - Creating META file: C:\Users\Mark Castro\Documents\bOACTAR\BOACTAR\output\20260710_144515\BOACTAR_META_20260710_144515.xlsx
2026-07-10 14:46:40,330 - file_generator - INFO - META file created with 1157 entries
2026-07-10 14:46:40,330 - file_generator - INFO - Creating ZIP file: C:\Users\Mark Castro\Documents\bOACTAR\BOACTAR\output\20260710_144515\BOACTAR_20260710_144515.zip
2026-07-10 14:46:40,479 - file_generator - INFO - ZIP file created
2026-07-10 14:46:40,511 - file_generator - INFO - Copied files to latest folder
2026-07-10 14:46:40,512 - file_generator - INFO - Saving master data to: C:\Users\Mark Castro\Documents\bOACTAR\BOACTAR\Master_file\BOACTAR_DATA_20251229 (27).xlsx
2026-07-10 14:46:40,512 - file_generator - INFO - Creating DATA file: C:\Users\Mark Castro\Documents\bOACTAR\BOACTAR\Master_file\BOACTAR_DATA_20251229 (27).xlsx
2026-07-10 14:46:47,475 - file_generator - INFO - DATA file created with 252 data rows and 1157 columns
2026-07-10 14:46:47,476 - file_generator - INFO - Master data saved with 252 rows
2026-07-10 14:46:47,476 - file_generator - INFO - All output files generated successfully
2026-07-10 14:46:47,476 - __main__ - INFO - ==================================================
2026-07-10 14:46:47,477 - __main__ - INFO - STEP 4: Execution complete
2026-07-10 14:46:47,477 - __main__ - INFO - ==================================================
2026-07-10 14:46:47,478 - __main__ - INFO - Pipeline completed successfully
