2026-04-02 09:14:21,955 - logger_setup - INFO - Logging initialized - Level: INFO
2026-04-02 09:14:22,071 - logger_setup - INFO - Log file: C:\Users\Mark Castro\Documents\bOACTAR\BOACTAR\logs\20260402_091421\boactar_20260402_091421.log
2026-04-02 09:14:23,419 - __main__ - INFO - ==================================================
2026-04-02 09:14:23,491 - __main__ - INFO - STEP 1: Loading input data
2026-04-02 09:14:23,574 - __main__ - INFO - ==================================================
2026-04-02 09:14:23,628 - data_loader - INFO - Found 1 input file(s) in C:\Users\Mark Castro\Documents\bOACTAR\BOACTAR\input
2026-04-02 09:14:23,780 - data_loader - INFO - Loading file: 12954352.xlsm
2026-04-02 09:15:44,632 - data_loader - INFO - Data date: 2026-03-31
2026-04-02 09:15:44,643 - data_loader - INFO - Extracted 79 data rows
2026-04-02 09:15:44,644 - data_loader - INFO - Sorted 1 files by date (oldest to newest)
2026-04-02 09:15:44,644 - data_loader - INFO -   - 2026-03-31: 12954352.xlsm
2026-04-02 09:15:44,645 - __main__ - INFO - ==================================================
2026-04-02 09:15:44,645 - __main__ - INFO - STEP 2: Parsing and merging data
2026-04-02 09:15:44,646 - __main__ - INFO - ==================================================
2026-04-02 09:15:53,196 - parser - INFO - Loaded 1157 columns from master file
2026-04-02 09:15:53,196 - __main__ - INFO - Processing file 1/1: 12954352.xlsm
2026-04-02 09:15:53,196 - parser - INFO - Mapped 79 assets to output columns
2026-04-02 09:15:53,196 - parser - INFO - Loading master data from C:\Users\Mark Castro\Documents\bOACTAR\BOACTAR\Master_file\BOACTAR_DATA_20251229 (27).xlsx
2026-04-02 09:16:01,435 - parser - INFO - Loaded 188 rows from master data
2026-04-02 09:16:01,435 - parser - INFO - Date range: 2025-06-26 00:00:00 to 2026-03-30 00:00:00
2026-04-02 09:16:01,444 - parser - INFO - Latest date in master: 2026-03-30 00:00:00
2026-04-02 09:16:01,445 - parser - INFO - New data date: 2026-03-31 00:00:00
2026-04-02 09:16:01,448 - parser - INFO - Merging new data with master
2026-04-02 09:16:01,679 - parser - INFO - Combined data has 189 rows
2026-04-02 09:16:01,679 - __main__ - INFO - ==================================================
2026-04-02 09:16:01,679 - __main__ - INFO - STEP 3: Generating output files
2026-04-02 09:16:01,679 - __main__ - INFO - ==================================================
2026-04-02 09:16:01,687 - file_generator - INFO - Generating output files
2026-04-02 09:16:01,690 - file_generator - INFO - Creating DATA file: C:\Users\Mark Castro\Documents\bOACTAR\BOACTAR\output\20260402_091421\BOACTAR_DATA_20260402_091421.xlsx
2026-04-02 09:16:10,482 - file_generator - INFO - DATA file created with 189 data rows and 1157 columns
2026-04-02 09:16:10,493 - file_generator - INFO - Creating META file: C:\Users\Mark Castro\Documents\bOACTAR\BOACTAR\output\20260402_091421\BOACTAR_META_20260402_091421.xlsx
2026-04-02 09:16:11,105 - file_generator - INFO - META file created with 1157 entries
2026-04-02 09:16:11,106 - file_generator - INFO - Creating ZIP file: C:\Users\Mark Castro\Documents\bOACTAR\BOACTAR\output\20260402_091421\BOACTAR_20260402_091421.zip
2026-04-02 09:16:11,422 - file_generator - INFO - ZIP file created
2026-04-02 09:16:11,525 - file_generator - INFO - Copied files to latest folder
2026-04-02 09:16:11,525 - file_generator - INFO - Saving master data to: C:\Users\Mark Castro\Documents\bOACTAR\BOACTAR\Master_file\BOACTAR_DATA_20251229 (27).xlsx
2026-04-02 09:16:11,525 - file_generator - INFO - Creating DATA file: C:\Users\Mark Castro\Documents\bOACTAR\BOACTAR\Master_file\BOACTAR_DATA_20251229 (27).xlsx
2026-04-02 09:16:23,448 - file_generator - INFO - DATA file created with 189 data rows and 1157 columns
2026-04-02 09:16:23,464 - file_generator - INFO - Master data saved with 189 rows
2026-04-02 09:16:23,467 - file_generator - INFO - All output files generated successfully
2026-04-02 09:16:23,469 - __main__ - INFO - ==================================================
2026-04-02 09:16:23,470 - __main__ - INFO - STEP 4: Execution complete
2026-04-02 09:16:23,470 - __main__ - INFO - ==================================================
2026-04-02 09:16:23,547 - __main__ - INFO - Pipeline completed successfully
