2026-08-11 09:15:27,486 - logger_setup - INFO - Logging initialized - Level: INFO
2026-08-11 09:15:27,486 - logger_setup - INFO - Log file: C:\Users\Mark Castro\Documents\bOACTAR\BOACTAR\logs\20260811_091527\boactar_20260811_091527.log
2026-08-11 09:15:27,486 - __main__ - INFO - ==================================================
2026-08-11 09:15:27,486 - __main__ - INFO - STEP 1: Loading input data
2026-08-11 09:15:27,491 - __main__ - INFO - ==================================================
2026-08-11 09:15:27,491 - data_loader - INFO - Found 2 input file(s) in C:\Users\Mark Castro\Documents\bOACTAR\BOACTAR\input
2026-08-11 09:15:27,499 - data_loader - INFO - Loading file: 13005967.xlsm
2026-08-11 09:15:58,474 - data_loader - INFO - Data date: 2026-08-06
2026-08-11 09:15:58,481 - data_loader - INFO - Extracted 84 data rows
2026-08-11 09:15:58,481 - data_loader - INFO - Loading file: 13006652.xlsm
2026-08-11 09:16:28,191 - data_loader - INFO - Data date: 2026-08-07
2026-08-11 09:16:28,202 - data_loader - INFO - Extracted 84 data rows
2026-08-11 09:16:28,204 - data_loader - INFO - Sorted 2 files by date (oldest to newest)
2026-08-11 09:16:28,205 - data_loader - INFO -   - 2026-08-06: 13005967.xlsm
2026-08-11 09:16:28,205 - data_loader - INFO -   - 2026-08-07: 13006652.xlsm
2026-08-11 09:16:28,209 - __main__ - INFO - ==================================================
2026-08-11 09:16:28,211 - __main__ - INFO - STEP 2: Parsing and merging data
2026-08-11 09:16:28,212 - __main__ - INFO - ==================================================
2026-08-11 09:16:33,211 - parser - INFO - Loaded 1157 columns from master file
2026-08-11 09:16:33,211 - __main__ - INFO - Processing file 1/2: 13005967.xlsm
2026-08-11 09:16:33,211 - parser - WARNING - Unknown underlying: FTSE 100 (Z )
2026-08-11 09:16:33,211 - parser - WARNING - Unknown underlying: S&P/TSX 60 (PT)
2026-08-11 09:16:33,211 - parser - WARNING - Unknown underlying: FTSE China A50 (XU)
2026-08-11 09:16:33,211 - parser - WARNING - Unknown underlying: Australia 3yr Tsy Futures (YM)
2026-08-11 09:16:33,211 - parser - WARNING - Unknown underlying: Australia 10yr TSY Futures (XM)
2026-08-11 09:16:33,211 - parser - INFO - Mapped 79 assets to output columns
2026-08-11 09:16:33,211 - parser - INFO - Loading master data from C:\Users\Mark Castro\Documents\bOACTAR\BOACTAR\Master_file\BOACTAR_DATA_20251229 (27).xlsx
2026-08-11 09:16:38,584 - parser - INFO - Loaded 269 rows from master data
2026-08-11 09:16:38,584 - parser - INFO - Date range: 2025-06-26 00:00:00 to 2026-08-05 00:00:00
2026-08-11 09:16:38,591 - parser - INFO - Latest date in master: 2026-08-05 00:00:00
2026-08-11 09:16:38,591 - parser - INFO - New data date: 2026-08-06 00:00:00
2026-08-11 09:16:38,591 - parser - INFO - Merging new data with master
2026-08-11 09:16:38,673 - parser - INFO - Combined data has 270 rows
2026-08-11 09:16:38,675 - __main__ - INFO - Processing file 2/2: 13006652.xlsm
2026-08-11 09:16:38,676 - parser - WARNING - Unknown underlying: FTSE 100 (Z )
2026-08-11 09:16:38,676 - parser - WARNING - Unknown underlying: S&P/TSX 60 (PT)
2026-08-11 09:16:38,676 - parser - WARNING - Unknown underlying: FTSE China A50 (XU)
2026-08-11 09:16:38,677 - parser - WARNING - Unknown underlying: Australia 3yr Tsy Futures (YM)
2026-08-11 09:16:38,677 - parser - WARNING - Unknown underlying: Australia 10yr TSY Futures (XM)
2026-08-11 09:16:38,678 - parser - INFO - Mapped 79 assets to output columns
2026-08-11 09:16:38,678 - parser - INFO - Using existing DataFrame with 270 rows
2026-08-11 09:16:38,680 - parser - INFO - Latest date in master: 2026-08-06 00:00:00
2026-08-11 09:16:38,680 - parser - INFO - New data date: 2026-08-07 00:00:00
2026-08-11 09:16:38,680 - parser - INFO - Merging new data with master
2026-08-11 09:16:38,757 - parser - INFO - Combined data has 271 rows
2026-08-11 09:16:38,761 - __main__ - INFO - ==================================================
2026-08-11 09:16:38,761 - __main__ - INFO - STEP 3: Generating output files
2026-08-11 09:16:38,761 - __main__ - INFO - ==================================================
2026-08-11 09:16:38,762 - file_generator - INFO - Generating output files
2026-08-11 09:16:38,763 - file_generator - INFO - Creating DATA file: C:\Users\Mark Castro\Documents\bOACTAR\BOACTAR\output\20260811_091527\BOACTAR_DATA_20260811_091527.xlsx
2026-08-11 09:16:45,192 - file_generator - INFO - DATA file created with 271 data rows and 1157 columns
2026-08-11 09:16:45,200 - file_generator - INFO - Creating META file: C:\Users\Mark Castro\Documents\bOACTAR\BOACTAR\output\20260811_091527\BOACTAR_META_20260811_091527.xlsx
2026-08-11 09:16:45,419 - file_generator - INFO - META file created with 1157 entries
2026-08-11 09:16:45,419 - file_generator - INFO - Creating ZIP file: C:\Users\Mark Castro\Documents\bOACTAR\BOACTAR\output\20260811_091527\BOACTAR_20260811_091527.zip
2026-08-11 09:16:45,581 - file_generator - INFO - ZIP file created
2026-08-11 09:16:45,611 - file_generator - INFO - Copied files to latest folder
2026-08-11 09:16:45,611 - file_generator - INFO - Saving master data to: C:\Users\Mark Castro\Documents\bOACTAR\BOACTAR\Master_file\BOACTAR_DATA_20251229 (27).xlsx
2026-08-11 09:16:45,612 - file_generator - INFO - Creating DATA file: C:\Users\Mark Castro\Documents\bOACTAR\BOACTAR\Master_file\BOACTAR_DATA_20251229 (27).xlsx
2026-08-11 09:16:52,420 - file_generator - INFO - DATA file created with 271 data rows and 1157 columns
2026-08-11 09:16:52,420 - file_generator - INFO - Master data saved with 271 rows
2026-08-11 09:16:52,420 - file_generator - INFO - All output files generated successfully
2026-08-11 09:16:52,420 - __main__ - INFO - ==================================================
2026-08-11 09:16:52,420 - __main__ - INFO - STEP 4: Execution complete
2026-08-11 09:16:52,420 - __main__ - INFO - ==================================================
2026-08-11 09:16:52,420 - __main__ - INFO - Pipeline completed successfully
