2026-07-31 10:09:06,322 - logger_setup - INFO - Logging initialized - Level: INFO
2026-07-31 10:09:06,327 - logger_setup - INFO - Log file: C:\Users\Mark Castro\Documents\bOACTAR\BOACTAR\logs\20260731_100906\boactar_20260731_100906.log
2026-07-31 10:09:06,329 - __main__ - INFO - ==================================================
2026-07-31 10:09:06,329 - __main__ - INFO - STEP 1: Loading input data
2026-07-31 10:09:06,329 - __main__ - INFO - ==================================================
2026-07-31 10:09:06,334 - data_loader - INFO - Found 1 input file(s) in C:\Users\Mark Castro\Documents\bOACTAR\BOACTAR\input
2026-07-31 10:09:06,334 - data_loader - INFO - Loading file: 13001193.xlsm
2026-07-31 10:10:29,053 - data_loader - INFO - Data date: 2026-07-29
2026-07-31 10:10:29,063 - data_loader - INFO - Extracted 84 data rows
2026-07-31 10:10:29,064 - data_loader - INFO - Sorted 1 files by date (oldest to newest)
2026-07-31 10:10:29,067 - data_loader - INFO -   - 2026-07-29: 13001193.xlsm
2026-07-31 10:10:29,069 - __main__ - INFO - ==================================================
2026-07-31 10:10:29,071 - __main__ - INFO - STEP 2: Parsing and merging data
2026-07-31 10:10:29,072 - __main__ - INFO - ==================================================
2026-07-31 10:10:40,601 - parser - INFO - Loaded 1157 columns from master file
2026-07-31 10:10:40,603 - __main__ - INFO - Processing file 1/1: 13001193.xlsm
2026-07-31 10:10:40,604 - parser - WARNING - Unknown underlying: FTSE 100 (Z )
2026-07-31 10:10:40,604 - parser - WARNING - Unknown underlying: S&P/TSX 60 (PT)
2026-07-31 10:10:40,604 - parser - WARNING - Unknown underlying: FTSE China A50 (XU)
2026-07-31 10:10:40,606 - parser - WARNING - Unknown underlying: Australia 3yr Tsy Futures (YM)
2026-07-31 10:10:40,606 - parser - WARNING - Unknown underlying: Australia 10yr TSY Futures (XM)
2026-07-31 10:10:40,607 - parser - INFO - Mapped 79 assets to output columns
2026-07-31 10:10:40,608 - parser - INFO - Loading master data from C:\Users\Mark Castro\Documents\bOACTAR\BOACTAR\Master_file\BOACTAR_DATA_20251229 (27).xlsx
2026-07-31 10:10:50,586 - parser - INFO - Loaded 263 rows from master data
2026-07-31 10:10:50,593 - parser - INFO - Date range: 2025-06-26 00:00:00 to 2026-07-28 00:00:00
2026-07-31 10:10:50,598 - parser - INFO - Latest date in master: 2026-07-28 00:00:00
2026-07-31 10:10:50,599 - parser - INFO - New data date: 2026-07-29 00:00:00
2026-07-31 10:10:50,601 - parser - INFO - Merging new data with master
2026-07-31 10:10:50,690 - parser - INFO - Combined data has 264 rows
2026-07-31 10:10:50,695 - __main__ - INFO - ==================================================
2026-07-31 10:10:50,695 - __main__ - INFO - STEP 3: Generating output files
2026-07-31 10:10:50,695 - __main__ - INFO - ==================================================
2026-07-31 10:10:50,695 - file_generator - INFO - Generating output files
2026-07-31 10:10:50,697 - file_generator - INFO - Creating DATA file: C:\Users\Mark Castro\Documents\bOACTAR\BOACTAR\output\20260731_100906\BOACTAR_DATA_20260731_100906.xlsx
2026-07-31 10:11:01,273 - file_generator - INFO - DATA file created with 264 data rows and 1157 columns
2026-07-31 10:11:01,278 - file_generator - INFO - Creating META file: C:\Users\Mark Castro\Documents\bOACTAR\BOACTAR\output\20260731_100906\BOACTAR_META_20260731_100906.xlsx
2026-07-31 10:11:01,541 - file_generator - INFO - META file created with 1157 entries
2026-07-31 10:11:01,541 - file_generator - INFO - Creating ZIP file: C:\Users\Mark Castro\Documents\bOACTAR\BOACTAR\output\20260731_100906\BOACTAR_20260731_100906.zip
2026-07-31 10:11:01,789 - file_generator - INFO - ZIP file created
2026-07-31 10:11:01,818 - file_generator - INFO - Copied files to latest folder
2026-07-31 10:11:01,821 - file_generator - INFO - Saving master data to: C:\Users\Mark Castro\Documents\bOACTAR\BOACTAR\Master_file\BOACTAR_DATA_20251229 (27).xlsx
2026-07-31 10:11:01,822 - file_generator - INFO - Creating DATA file: C:\Users\Mark Castro\Documents\bOACTAR\BOACTAR\Master_file\BOACTAR_DATA_20251229 (27).xlsx
2026-07-31 10:11:22,771 - file_generator - INFO - DATA file created with 264 data rows and 1157 columns
2026-07-31 10:11:22,775 - file_generator - INFO - Master data saved with 264 rows
2026-07-31 10:11:22,777 - file_generator - INFO - All output files generated successfully
2026-07-31 10:11:22,777 - __main__ - INFO - ==================================================
2026-07-31 10:11:22,778 - __main__ - INFO - STEP 4: Execution complete
2026-07-31 10:11:22,778 - __main__ - INFO - ==================================================
2026-07-31 10:11:22,780 - __main__ - INFO - Pipeline completed successfully
