2026-07-30 11:10:20,260 - logger_setup - INFO - Logging initialized - Level: INFO
2026-07-30 11:10:20,261 - logger_setup - INFO - Log file: C:\Users\Mark Castro\Documents\bOACTAR\BOACTAR\logs\20260730_111020\boactar_20260730_111020.log
2026-07-30 11:10:20,262 - __main__ - INFO - ==================================================
2026-07-30 11:10:20,262 - __main__ - INFO - STEP 1: Loading input data
2026-07-30 11:10:20,262 - __main__ - INFO - ==================================================
2026-07-30 11:10:20,264 - data_loader - INFO - Found 1 input file(s) in C:\Users\Mark Castro\Documents\bOACTAR\BOACTAR\input
2026-07-30 11:10:20,264 - data_loader - INFO - Loading file: 13000377.xlsm
2026-07-30 11:11:18,320 - data_loader - INFO - Data date: 2026-07-28
2026-07-30 11:11:18,320 - data_loader - INFO - Extracted 84 data rows
2026-07-30 11:11:18,320 - data_loader - INFO - Sorted 1 files by date (oldest to newest)
2026-07-30 11:11:18,320 - data_loader - INFO -   - 2026-07-28: 13000377.xlsm
2026-07-30 11:11:18,320 - __main__ - INFO - ==================================================
2026-07-30 11:11:18,320 - __main__ - INFO - STEP 2: Parsing and merging data
2026-07-30 11:11:18,344 - __main__ - INFO - ==================================================
2026-07-30 11:11:27,079 - parser - INFO - Loaded 1157 columns from master file
2026-07-30 11:11:27,079 - __main__ - INFO - Processing file 1/1: 13000377.xlsm
2026-07-30 11:11:27,079 - parser - WARNING - Unknown underlying: FTSE 100 (Z )
2026-07-30 11:11:27,079 - parser - WARNING - Unknown underlying: S&P/TSX 60 (PT)
2026-07-30 11:11:27,079 - parser - WARNING - Unknown underlying: FTSE China A50 (XU)
2026-07-30 11:11:27,079 - parser - WARNING - Unknown underlying: Australia 3yr Tsy Futures (YM)
2026-07-30 11:11:27,079 - parser - WARNING - Unknown underlying: Australia 10yr TSY Futures (XM)
2026-07-30 11:11:27,079 - parser - INFO - Mapped 79 assets to output columns
2026-07-30 11:11:27,079 - parser - INFO - Loading master data from C:\Users\Mark Castro\Documents\bOACTAR\BOACTAR\Master_file\BOACTAR_DATA_20251229 (27).xlsx
2026-07-30 11:11:32,663 - parser - INFO - Loaded 262 rows from master data
2026-07-30 11:11:32,663 - parser - INFO - Date range: 2025-06-26 00:00:00 to 2026-07-27 00:00:00
2026-07-30 11:11:32,676 - parser - INFO - Latest date in master: 2026-07-27 00:00:00
2026-07-30 11:11:32,677 - parser - INFO - New data date: 2026-07-28 00:00:00
2026-07-30 11:11:32,680 - parser - INFO - Merging new data with master
2026-07-30 11:11:32,760 - parser - INFO - Combined data has 263 rows
2026-07-30 11:11:32,760 - __main__ - INFO - ==================================================
2026-07-30 11:11:32,760 - __main__ - INFO - STEP 3: Generating output files
2026-07-30 11:11:32,760 - __main__ - INFO - ==================================================
2026-07-30 11:11:32,760 - file_generator - INFO - Generating output files
2026-07-30 11:11:32,760 - file_generator - INFO - Creating DATA file: C:\Users\Mark Castro\Documents\bOACTAR\BOACTAR\output\20260730_111020\BOACTAR_DATA_20260730_111020.xlsx
2026-07-30 11:11:38,709 - file_generator - INFO - DATA file created with 263 data rows and 1157 columns
2026-07-30 11:11:38,713 - file_generator - INFO - Creating META file: C:\Users\Mark Castro\Documents\bOACTAR\BOACTAR\output\20260730_111020\BOACTAR_META_20260730_111020.xlsx
2026-07-30 11:11:38,867 - file_generator - INFO - META file created with 1157 entries
2026-07-30 11:11:38,867 - file_generator - INFO - Creating ZIP file: C:\Users\Mark Castro\Documents\bOACTAR\BOACTAR\output\20260730_111020\BOACTAR_20260730_111020.zip
2026-07-30 11:11:39,012 - file_generator - INFO - ZIP file created
2026-07-30 11:11:39,047 - file_generator - INFO - Copied files to latest folder
2026-07-30 11:11:39,047 - file_generator - INFO - Saving master data to: C:\Users\Mark Castro\Documents\bOACTAR\BOACTAR\Master_file\BOACTAR_DATA_20251229 (27).xlsx
2026-07-30 11:11:39,047 - file_generator - INFO - Creating DATA file: C:\Users\Mark Castro\Documents\bOACTAR\BOACTAR\Master_file\BOACTAR_DATA_20251229 (27).xlsx
2026-07-30 11:11:45,146 - file_generator - INFO - DATA file created with 263 data rows and 1157 columns
2026-07-30 11:11:45,146 - file_generator - INFO - Master data saved with 263 rows
2026-07-30 11:11:45,146 - file_generator - INFO - All output files generated successfully
2026-07-30 11:11:45,146 - __main__ - INFO - ==================================================
2026-07-30 11:11:45,146 - __main__ - INFO - STEP 4: Execution complete
2026-07-30 11:11:45,146 - __main__ - INFO - ==================================================
2026-07-30 11:11:45,160 - __main__ - INFO - Pipeline completed successfully
