2026-05-07 09:31:41,412 - logger_setup - INFO - Logging initialized - Level: INFO
2026-05-07 09:31:41,431 - logger_setup - INFO - Log file: C:\Users\Mark Castro\Documents\bOACTAR\BOACTAR\logs\20260507_093141\boactar_20260507_093141.log
2026-05-07 09:31:41,442 - __main__ - INFO - ==================================================
2026-05-07 09:31:41,443 - __main__ - INFO - STEP 1: Loading input data
2026-05-07 09:31:41,444 - __main__ - INFO - ==================================================
2026-05-07 09:31:41,459 - data_loader - INFO - Found 1 input file(s) in C:\Users\Mark Castro\Documents\bOACTAR\BOACTAR\input
2026-05-07 09:31:41,494 - data_loader - INFO - Loading file: 12969776.xlsm
2026-05-07 09:32:23,868 - data_loader - INFO - Data date: 2026-05-05
2026-05-07 09:32:23,871 - data_loader - INFO - Extracted 79 data rows
2026-05-07 09:32:23,871 - data_loader - INFO - Sorted 1 files by date (oldest to newest)
2026-05-07 09:32:23,872 - data_loader - INFO -   - 2026-05-05: 12969776.xlsm
2026-05-07 09:32:23,872 - __main__ - INFO - ==================================================
2026-05-07 09:32:23,872 - __main__ - INFO - STEP 2: Parsing and merging data
2026-05-07 09:32:23,873 - __main__ - INFO - ==================================================
2026-05-07 09:32:29,209 - parser - INFO - Loaded 1157 columns from master file
2026-05-07 09:32:29,209 - __main__ - INFO - Processing file 1/1: 12969776.xlsm
2026-05-07 09:32:29,211 - parser - INFO - Mapped 79 assets to output columns
2026-05-07 09:32:29,211 - parser - INFO - Loading master data from C:\Users\Mark Castro\Documents\bOACTAR\BOACTAR\Master_file\BOACTAR_DATA_20251229 (27).xlsx
2026-05-07 09:32:34,079 - parser - INFO - Loaded 212 rows from master data
2026-05-07 09:32:34,086 - parser - INFO - Date range: 2025-06-26 00:00:00 to 2026-05-04 00:00:00
2026-05-07 09:32:34,090 - parser - INFO - Latest date in master: 2026-05-04 00:00:00
2026-05-07 09:32:34,090 - parser - INFO - New data date: 2026-05-05 00:00:00
2026-05-07 09:32:34,092 - parser - INFO - Merging new data with master
2026-05-07 09:32:34,239 - parser - INFO - Combined data has 213 rows
2026-05-07 09:32:34,242 - __main__ - INFO - ==================================================
2026-05-07 09:32:34,242 - __main__ - INFO - STEP 3: Generating output files
2026-05-07 09:32:34,242 - __main__ - INFO - ==================================================
2026-05-07 09:32:34,243 - file_generator - INFO - Generating output files
2026-05-07 09:32:34,244 - file_generator - INFO - Creating DATA file: C:\Users\Mark Castro\Documents\bOACTAR\BOACTAR\output\20260507_093141\BOACTAR_DATA_20260507_093141.xlsx
2026-05-07 09:32:39,628 - file_generator - INFO - DATA file created with 213 data rows and 1157 columns
2026-05-07 09:32:39,628 - file_generator - INFO - Creating META file: C:\Users\Mark Castro\Documents\bOACTAR\BOACTAR\output\20260507_093141\BOACTAR_META_20260507_093141.xlsx
2026-05-07 09:32:39,820 - file_generator - INFO - META file created with 1157 entries
2026-05-07 09:32:39,820 - file_generator - INFO - Creating ZIP file: C:\Users\Mark Castro\Documents\bOACTAR\BOACTAR\output\20260507_093141\BOACTAR_20260507_093141.zip
2026-05-07 09:32:39,952 - file_generator - INFO - ZIP file created
2026-05-07 09:32:39,978 - file_generator - INFO - Copied files to latest folder
2026-05-07 09:32:39,978 - file_generator - INFO - Saving master data to: C:\Users\Mark Castro\Documents\bOACTAR\BOACTAR\Master_file\BOACTAR_DATA_20251229 (27).xlsx
2026-05-07 09:32:39,978 - file_generator - INFO - Creating DATA file: C:\Users\Mark Castro\Documents\bOACTAR\BOACTAR\Master_file\BOACTAR_DATA_20251229 (27).xlsx
2026-05-07 09:32:45,084 - file_generator - INFO - DATA file created with 213 data rows and 1157 columns
2026-05-07 09:32:45,085 - file_generator - INFO - Master data saved with 213 rows
2026-05-07 09:32:45,085 - file_generator - INFO - All output files generated successfully
2026-05-07 09:32:45,086 - __main__ - INFO - ==================================================
2026-05-07 09:32:45,086 - __main__ - INFO - STEP 4: Execution complete
2026-05-07 09:32:45,087 - __main__ - INFO - ==================================================
2026-05-07 09:32:45,088 - __main__ - INFO - Pipeline completed successfully
