2026-07-21 09:25:24,768 - logger_setup - INFO - Logging initialized - Level: INFO
2026-07-21 09:25:24,770 - logger_setup - INFO - Log file: C:\Users\Mark Castro\Documents\bOACTAR\BOACTAR\logs\20260721_092524\boactar_20260721_092524.log
2026-07-21 09:25:24,771 - __main__ - INFO - ==================================================
2026-07-21 09:25:24,771 - __main__ - INFO - STEP 1: Loading input data
2026-07-21 09:25:24,772 - __main__ - INFO - ==================================================
2026-07-21 09:25:24,773 - data_loader - INFO - Found 1 input file(s) in C:\Users\Mark Castro\Documents\bOACTAR\BOACTAR\input
2026-07-21 09:25:24,774 - data_loader - INFO - Loading file: 12996273.xlsm
2026-07-21 09:26:01,227 - data_loader - INFO - Data date: 2026-07-17
2026-07-21 09:26:01,230 - data_loader - INFO - Extracted 79 data rows
2026-07-21 09:26:01,230 - data_loader - INFO - Sorted 1 files by date (oldest to newest)
2026-07-21 09:26:01,230 - data_loader - INFO -   - 2026-07-17: 12996273.xlsm
2026-07-21 09:26:01,231 - __main__ - INFO - ==================================================
2026-07-21 09:26:01,231 - __main__ - INFO - STEP 2: Parsing and merging data
2026-07-21 09:26:01,231 - __main__ - INFO - ==================================================
2026-07-21 09:26:07,392 - parser - INFO - Loaded 1157 columns from master file
2026-07-21 09:26:07,392 - __main__ - INFO - Processing file 1/1: 12996273.xlsm
2026-07-21 09:26:07,393 - parser - INFO - Mapped 79 assets to output columns
2026-07-21 09:26:07,394 - parser - INFO - Loading master data from C:\Users\Mark Castro\Documents\bOACTAR\BOACTAR\Master_file\BOACTAR_DATA_20251229 (27).xlsx
2026-07-21 09:26:13,348 - parser - INFO - Loaded 256 rows from master data
2026-07-21 09:26:13,354 - parser - INFO - Date range: 2025-06-26 00:00:00 to 2026-07-15 00:00:00
2026-07-21 09:26:13,359 - parser - INFO - Latest date in master: 2026-07-15 00:00:00
2026-07-21 09:26:13,360 - parser - INFO - New data date: 2026-07-17 00:00:00
2026-07-21 09:26:13,362 - parser - INFO - Merging new data with master
2026-07-21 09:26:13,692 - parser - INFO - Combined data has 257 rows
2026-07-21 09:26:13,696 - __main__ - INFO - ==================================================
2026-07-21 09:26:13,696 - __main__ - INFO - STEP 3: Generating output files
2026-07-21 09:26:13,697 - __main__ - INFO - ==================================================
2026-07-21 09:26:13,697 - file_generator - INFO - Generating output files
2026-07-21 09:26:13,698 - file_generator - INFO - Creating DATA file: C:\Users\Mark Castro\Documents\bOACTAR\BOACTAR\output\20260721_092524\BOACTAR_DATA_20260721_092524.xlsx
2026-07-21 09:26:20,316 - file_generator - INFO - DATA file created with 257 data rows and 1157 columns
2026-07-21 09:26:20,317 - file_generator - INFO - Creating META file: C:\Users\Mark Castro\Documents\bOACTAR\BOACTAR\output\20260721_092524\BOACTAR_META_20260721_092524.xlsx
2026-07-21 09:26:20,759 - file_generator - INFO - META file created with 1157 entries
2026-07-21 09:26:20,759 - file_generator - INFO - Creating ZIP file: C:\Users\Mark Castro\Documents\bOACTAR\BOACTAR\output\20260721_092524\BOACTAR_20260721_092524.zip
2026-07-21 09:26:20,926 - file_generator - INFO - ZIP file created
2026-07-21 09:26:20,954 - file_generator - INFO - Copied files to latest folder
2026-07-21 09:26:20,955 - file_generator - INFO - Saving master data to: C:\Users\Mark Castro\Documents\bOACTAR\BOACTAR\Master_file\BOACTAR_DATA_20251229 (27).xlsx
2026-07-21 09:26:20,955 - file_generator - INFO - Creating DATA file: C:\Users\Mark Castro\Documents\bOACTAR\BOACTAR\Master_file\BOACTAR_DATA_20251229 (27).xlsx
2026-07-21 09:26:27,637 - file_generator - INFO - DATA file created with 257 data rows and 1157 columns
2026-07-21 09:26:27,638 - file_generator - INFO - Master data saved with 257 rows
2026-07-21 09:26:27,638 - file_generator - INFO - All output files generated successfully
2026-07-21 09:26:27,639 - __main__ - INFO - ==================================================
2026-07-21 09:26:27,639 - __main__ - INFO - STEP 4: Execution complete
2026-07-21 09:26:27,639 - __main__ - INFO - ==================================================
2026-07-21 09:26:27,641 - __main__ - INFO - Pipeline completed successfully
